/root/autodl-tmp/diffusion-models-starter-r4/projects/project1_ddpm/train.py:276: FutureWarning: `torch.cuda.amp.GradScaler(args...)` is deprecated. Please use `torch.amp.GradScaler('cuda', args...)` instead.
  scaler = GradScaler(enabled=use_amp and amp_dtype == torch.float16)
/root/autodl-tmp/diffusion-models-starter-r4/projects/project1_ddpm/train.py:344: FutureWarning: `torch.cuda.amp.autocast(args...)` is deprecated. Please use `torch.amp.autocast('cuda', args...)` instead.
  with autocast(enabled=use_amp, dtype=amp_dtype):
[epoch 030 step 011800] loss=0.03938 lr=2.500e-04
[epoch 030 step 011900] loss=0.05636 lr=2.500e-04
[epoch 030 step 012000] loss=0.04693 lr=2.500e-04
[epoch 030 attempt 000371] optimizer step skipped; scaler=2097152.0
[epoch 031 step 012100] loss=0.05065 lr=2.500e-04
[epoch 031 step 012200] loss=0.06070 lr=2.500e-04
[epoch 031 step 012300] loss=0.03982 lr=2.500e-04
[epoch 031 step 012400] loss=0.05209 lr=2.500e-04
[epoch 032 step 012500] loss=0.06848 lr=2.500e-04
[epoch 032 step 012600] loss=0.06220 lr=2.500e-04
[epoch 032 step 012700] loss=0.05888 lr=2.500e-04
[epoch 032 step 012800] loss=0.05126 lr=2.500e-04
[epoch 033 step 012900] loss=0.07313 lr=2.500e-04
[epoch 033 step 013000] loss=0.07976 lr=2.500e-04
[epoch 033 step 013100] loss=0.05538 lr=2.500e-04
[epoch 033 step 013200] loss=0.05658 lr=2.500e-04
[epoch 034 step 013300] loss=0.05373 lr=2.500e-04
[epoch 034 step 013400] loss=0.04838 lr=2.500e-04
[epoch 034 step 013500] loss=0.06914 lr=2.500e-04
[epoch 034 step 013600] loss=0.06129 lr=2.500e-04
[epoch 035 step 013700] loss=0.04931 lr=2.500e-04
[epoch 035 step 013800] loss=0.05259 lr=2.500e-04
[epoch 035 step 013900] loss=0.04340 lr=2.500e-04
[epoch 035 step 014000] loss=0.05105 lr=2.500e-04
[epoch 036 attempt 002390] optimizer step skipped; scaler=2097152.0
[epoch 036 step 014100] loss=0.05958 lr=2.500e-04
[epoch 036 step 014200] loss=0.06293 lr=2.500e-04
[epoch 036 step 014300] loss=0.07090 lr=2.500e-04
[epoch 036 step 014400] loss=0.05014 lr=2.500e-04
[epoch 037 step 014500] loss=0.05027 lr=2.500e-04
[epoch 037 step 014600] loss=0.05109 lr=2.500e-04
[epoch 037 step 014700] loss=0.06324 lr=2.500e-04
[epoch 037 step 014800] loss=0.05697 lr=2.500e-04
[epoch 038 step 014900] loss=0.05313 lr=2.500e-04
[epoch 038 step 015000] loss=0.06410 lr=2.500e-04
[epoch 038 step 015100] loss=0.06743 lr=2.500e-04
[epoch 038 step 015200] loss=0.05723 lr=2.500e-04
[epoch 039 step 015300] loss=0.06843 lr=2.500e-04
[epoch 039 step 015400] loss=0.05768 lr=2.500e-04
[epoch 039 step 015500] loss=0.05620 lr=2.500e-04
[epoch 040 step 015600] loss=0.06193 lr=2.500e-04
[epoch 040 step 015700] loss=0.06370 lr=2.500e-04
[epoch 040 step 015800] loss=0.05397 lr=2.500e-04
[epoch 040 step 015900] loss=0.05551 lr=2.500e-04
[epoch 041 step 016000] loss=0.05157 lr=2.500e-04
[epoch 041 step 016100] loss=0.06117 lr=2.500e-04
[epoch 041 attempt 004421] optimizer step skipped; scaler=2097152.0
[epoch 041 step 016200] loss=0.06566 lr=2.500e-04
[epoch 041 step 016300] loss=0.05304 lr=2.500e-04
[epoch 042 step 016400] loss=0.06889 lr=2.500e-04
[epoch 042 step 016500] loss=0.05564 lr=2.500e-04
[epoch 042 step 016600] loss=0.04154 lr=2.500e-04
[epoch 042 step 016700] loss=0.06289 lr=2.500e-04
[epoch 043 step 016800] loss=0.05405 lr=2.500e-04
[epoch 043 step 016900] loss=0.06173 lr=2.500e-04
[epoch 043 step 017000] loss=0.04852 lr=2.500e-04
[epoch 043 step 017100] loss=0.07665 lr=2.500e-04
[epoch 044 step 017200] loss=0.05052 lr=2.500e-04
[epoch 044 step 017300] loss=0.06552 lr=2.500e-04
[epoch 044 step 017400] loss=0.05993 lr=2.500e-04
[epoch 044 step 017500] loss=0.05282 lr=2.500e-04
[epoch 045 step 017600] loss=0.06694 lr=2.500e-04
[epoch 045 step 017700] loss=0.05548 lr=2.500e-04
[epoch 045 step 017800] loss=0.06503 lr=2.500e-04
[epoch 045 step 017900] loss=0.06128 lr=2.500e-04
[epoch 046 step 018000] loss=0.04310 lr=2.500e-04
[epoch 046 step 018100] loss=0.05093 lr=2.500e-04
[epoch 046 step 018200] loss=0.05734 lr=2.500e-04
[epoch 046 attempt 006523] optimizer step skipped; scaler=2097152.0
[epoch 046 step 018300] loss=0.06873 lr=2.500e-04
[epoch 047 step 018400] loss=0.04921 lr=2.500e-04
[epoch 047 step 018500] loss=0.05538 lr=2.500e-04
[epoch 047 step 018600] loss=0.04734 lr=2.500e-04
[epoch 047 step 018700] loss=0.04772 lr=2.500e-04
[epoch 048 step 018800] loss=0.04816 lr=2.500e-04
[epoch 048 step 018900] loss=0.05433 lr=2.500e-04
[epoch 048 step 019000] loss=0.04983 lr=2.500e-04
[epoch 048 step 019100] loss=0.05368 lr=2.500e-04
[epoch 049 step 019200] loss=0.06442 lr=2.500e-04
[epoch 049 step 019300] loss=0.05366 lr=2.500e-04
[epoch 049 step 019400] loss=0.04731 lr=2.500e-04
Training complete in 16.1 minutes
