/root/autodl-tmp/diffusion-models-starter-r4/projects/project1_ddpm/train.py:276: FutureWarning: `torch.cuda.amp.GradScaler(args...)` is deprecated. Please use `torch.amp.GradScaler('cuda', args...)` instead.
  scaler = GradScaler(enabled=use_amp and amp_dtype == torch.float16)
/root/autodl-tmp/diffusion-models-starter-r4/projects/project1_ddpm/train.py:344: FutureWarning: `torch.cuda.amp.autocast(args...)` is deprecated. Please use `torch.amp.autocast('cuda', args...)` instead.
  with autocast(enabled=use_amp, dtype=amp_dtype):
[epoch 000 step 000100] loss=0.13529 lr=1.600e-05
[epoch 000 step 000200] loss=0.09870 lr=3.200e-05
[epoch 000 step 000300] loss=0.06805 lr=4.800e-05
[epoch 001 step 000400] loss=0.07086 lr=6.400e-05
[epoch 001 step 000500] loss=0.08023 lr=8.000e-05
[epoch 001 step 000600] loss=0.06753 lr=9.600e-05
[epoch 001 step 000700] loss=0.07806 lr=1.120e-04
[epoch 002 step 000800] loss=0.05803 lr=1.280e-04
[epoch 002 step 000900] loss=0.08036 lr=1.440e-04
[epoch 002 step 001000] loss=0.06462 lr=1.600e-04
[epoch 002 step 001100] loss=0.07396 lr=1.600e-04
[epoch 003 step 001200] loss=0.07114 lr=1.600e-04
[epoch 003 step 001300] loss=0.05799 lr=1.600e-04
[epoch 003 step 001400] loss=0.05184 lr=1.600e-04
[epoch 003 step 001500] loss=0.06752 lr=1.600e-04
[epoch 004 step 001600] loss=0.06595 lr=1.600e-04
[epoch 004 step 001700] loss=0.07464 lr=1.600e-04
[epoch 004 step 001800] loss=0.05291 lr=1.600e-04
[epoch 004 step 001900] loss=0.06179 lr=1.600e-04
[epoch 005 step 002000] loss=0.06069 lr=1.600e-04
[epoch 005 step 002100] loss=0.05687 lr=1.600e-04
[epoch 005 step 002200] loss=0.06162 lr=1.600e-04
[epoch 005 step 002300] loss=0.05713 lr=1.600e-04
[epoch 006 step 002400] loss=0.06240 lr=1.600e-04
[epoch 006 step 002500] loss=0.06784 lr=1.600e-04
[epoch 006 step 002600] loss=0.07714 lr=1.600e-04
[epoch 006 step 002700] loss=0.06524 lr=1.600e-04
[epoch 007 step 002800] loss=0.05965 lr=1.600e-04
[epoch 007 step 002900] loss=0.06173 lr=1.600e-04
[epoch 007 step 003000] loss=0.06947 lr=1.600e-04
[epoch 007 step 003100] loss=0.05772 lr=1.600e-04
[epoch 008 step 003200] loss=0.05115 lr=1.600e-04
[epoch 008 step 003300] loss=0.04859 lr=1.600e-04
[epoch 008 step 003400] loss=0.05920 lr=1.600e-04
[epoch 008 step 003500] loss=0.06655 lr=1.600e-04
[epoch 009 step 003600] loss=0.05406 lr=1.600e-04
[epoch 009 step 003700] loss=0.05822 lr=1.600e-04
[epoch 009 step 003800] loss=0.06733 lr=1.600e-04
[epoch 009 step 003900] loss=0.05336 lr=1.600e-04
[epoch 010 step 004000] loss=0.06782 lr=1.600e-04
[epoch 010 step 004100] loss=0.05879 lr=1.600e-04
[epoch 010 step 004200] loss=0.06121 lr=1.600e-04
[epoch 011 step 004300] loss=0.05233 lr=1.600e-04
[epoch 011 step 004400] loss=0.06076 lr=1.600e-04
[epoch 011 step 004500] loss=0.06822 lr=1.600e-04
[epoch 011 step 004600] loss=0.05776 lr=1.600e-04
[epoch 012 step 004700] loss=0.05081 lr=1.600e-04
[epoch 012 step 004800] loss=0.07063 lr=1.600e-04
[epoch 012 step 004900] loss=0.05468 lr=1.600e-04
[epoch 012 step 005000] loss=0.05332 lr=1.600e-04
[epoch 013 step 005100] loss=0.05641 lr=1.600e-04
[epoch 013 step 005200] loss=0.07785 lr=1.600e-04
[epoch 013 step 005300] loss=0.06745 lr=1.600e-04
[epoch 013 step 005400] loss=0.04691 lr=1.600e-04
[epoch 014 step 005500] loss=0.05779 lr=1.600e-04
[epoch 014 step 005600] loss=0.04907 lr=1.600e-04
[epoch 014 step 005700] loss=0.06431 lr=1.600e-04
[epoch 014 step 005800] loss=0.04909 lr=1.600e-04
[epoch 015 step 005900] loss=0.04951 lr=1.600e-04
[epoch 015 step 006000] loss=0.06445 lr=1.600e-04
[epoch 015 step 006100] loss=0.07385 lr=1.600e-04
[epoch 015 step 006200] loss=0.05904 lr=1.600e-04
[epoch 016 step 006300] loss=0.05793 lr=1.600e-04
[epoch 016 step 006400] loss=0.04522 lr=1.600e-04
[epoch 016 step 006500] loss=0.05943 lr=1.600e-04
[epoch 016 step 006600] loss=0.04691 lr=1.600e-04
[epoch 017 step 006700] loss=0.04792 lr=1.600e-04
[epoch 017 step 006800] loss=0.07210 lr=1.600e-04
[epoch 017 step 006900] loss=0.07022 lr=1.600e-04
[epoch 017 step 007000] loss=0.05799 lr=1.600e-04
[epoch 018 step 007100] loss=0.05982 lr=1.600e-04
[epoch 018 step 007200] loss=0.05399 lr=1.600e-04
[epoch 018 step 007300] loss=0.05297 lr=1.600e-04
[epoch 018 step 007400] loss=0.05984 lr=1.600e-04
[epoch 019 step 007500] loss=0.05003 lr=1.600e-04
[epoch 019 step 007600] loss=0.05753 lr=1.600e-04
[epoch 019 step 007700] loss=0.05543 lr=1.600e-04
[epoch 019 step 007800] loss=0.05500 lr=1.600e-04
[epoch 020 step 007900] loss=0.05752 lr=1.600e-04
[epoch 020 step 008000] loss=0.05261 lr=1.600e-04
[epoch 020 step 008100] loss=0.06574 lr=1.600e-04
[epoch 021 step 008200] loss=0.05505 lr=1.600e-04
[epoch 021 step 008300] loss=0.05503 lr=1.600e-04
[epoch 021 step 008400] loss=0.05322 lr=1.600e-04
[epoch 021 step 008500] loss=0.04951 lr=1.600e-04
[epoch 022 step 008600] loss=0.06541 lr=1.600e-04
[epoch 022 step 008700] loss=0.04565 lr=1.600e-04
[epoch 022 step 008800] loss=0.06031 lr=1.600e-04
[epoch 022 step 008900] loss=0.06037 lr=1.600e-04
[epoch 023 step 009000] loss=0.06281 lr=1.600e-04
[epoch 023 step 009100] loss=0.05934 lr=1.600e-04
[epoch 023 step 009200] loss=0.05429 lr=1.600e-04
[epoch 023 step 009300] loss=0.05160 lr=1.600e-04
[epoch 024 step 009400] loss=0.05956 lr=1.600e-04
[epoch 024 step 009500] loss=0.05655 lr=1.600e-04
[epoch 024 step 009600] loss=0.05490 lr=1.600e-04
[epoch 024 step 009700] loss=0.04619 lr=1.600e-04
[epoch 025 step 009800] loss=0.05773 lr=1.600e-04
[epoch 025 step 009900] loss=0.05711 lr=1.600e-04
[epoch 025 step 010000] loss=0.07226 lr=1.600e-04
[epoch 025 step 010100] loss=0.05747 lr=1.600e-04
[epoch 026 step 010200] loss=0.07209 lr=1.600e-04
[epoch 026 step 010300] loss=0.06997 lr=1.600e-04
[epoch 026 step 010400] loss=0.07175 lr=1.600e-04
[epoch 026 step 010500] loss=0.05767 lr=1.600e-04
[epoch 027 step 010600] loss=0.08516 lr=1.600e-04
[epoch 027 step 010700] loss=0.05557 lr=1.600e-04
[epoch 027 step 010800] loss=0.06514 lr=1.600e-04
[epoch 027 step 010900] loss=0.05390 lr=1.600e-04
[epoch 028 step 011000] loss=0.05482 lr=1.600e-04
[epoch 028 step 011100] loss=0.06257 lr=1.600e-04
[epoch 028 step 011200] loss=0.04848 lr=1.600e-04
[epoch 028 step 011300] loss=0.06661 lr=1.600e-04
[epoch 029 step 011400] loss=0.05426 lr=1.600e-04
[epoch 029 step 011500] loss=0.06418 lr=1.600e-04
[epoch 029 step 011600] loss=0.04820 lr=1.600e-04
[epoch 029 step 011700] loss=0.05209 lr=1.600e-04
Training complete in 23.3 minutes
