Model params: 32.62M
device=cuda precision=bf16 seed=42
Resumed from runs/fm_v2_conditional/latest.pt at step 190000
step 190100/200000 | loss 0.1690 | lr 2.43e-05 | 10.72 step/s | elapsed 4.13h
step 190200/200000 | loss 0.1635 | lr 2.42e-05 | 11.32 step/s | elapsed 4.13h
step 190300/200000 | loss 0.1672 | lr 2.41e-05 | 11.52 step/s | elapsed 4.13h
step 190400/200000 | loss 0.1708 | lr 2.41e-05 | 11.63 step/s | elapsed 4.14h
step 190500/200000 | loss 0.1690 | lr 2.40e-05 | 11.69 step/s | elapsed 4.14h
step 190600/200000 | loss 0.1685 | lr 2.39e-05 | 11.74 step/s | elapsed 4.14h
step 190700/200000 | loss 0.1687 | lr 2.38e-05 | 11.76 step/s | elapsed 4.14h
step 190800/200000 | loss 0.1688 | lr 2.37e-05 | 11.77 step/s | elapsed 4.14h
step 190900/200000 | loss 0.1684 | lr 2.37e-05 | 11.78 step/s | elapsed 4.15h
step 191000/200000 | loss 0.1702 | lr 2.36e-05 | 11.80 step/s | elapsed 4.15h
step 191100/200000 | loss 0.1680 | lr 2.35e-05 | 11.81 step/s | elapsed 4.15h
step 191200/200000 | loss 0.1700 | lr 2.34e-05 | 11.82 step/s | elapsed 4.15h
step 191300/200000 | loss 0.1712 | lr 2.33e-05 | 11.83 step/s | elapsed 4.16h
step 191400/200000 | loss 0.1675 | lr 2.33e-05 | 11.84 step/s | elapsed 4.16h
step 191500/200000 | loss 0.1695 | lr 2.32e-05 | 11.85 step/s | elapsed 4.16h
step 191600/200000 | loss 0.1692 | lr 2.31e-05 | 11.85 step/s | elapsed 4.16h
step 191700/200000 | loss 0.1726 | lr 2.30e-05 | 11.84 step/s | elapsed 4.17h
step 191800/200000 | loss 0.1689 | lr 2.30e-05 | 11.83 step/s | elapsed 4.17h
step 191900/200000 | loss 0.1662 | lr 2.29e-05 | 11.83 step/s | elapsed 4.17h
step 192000/200000 | loss 0.1670 | lr 2.28e-05 | 11.82 step/s | elapsed 4.17h
step 192100/200000 | loss 0.1676 | lr 2.28e-05 | 11.82 step/s | elapsed 4.18h
step 192200/200000 | loss 0.1683 | lr 2.27e-05 | 11.82 step/s | elapsed 4.18h
step 192300/200000 | loss 0.1675 | lr 2.26e-05 | 11.83 step/s | elapsed 4.18h
step 192400/200000 | loss 0.1674 | lr 2.26e-05 | 11.83 step/s | elapsed 4.18h
step 192500/200000 | loss 0.1680 | lr 2.25e-05 | 11.84 step/s | elapsed 4.18h
step 192600/200000 | loss 0.1702 | lr 2.24e-05 | 11.84 step/s | elapsed 4.19h
step 192700/200000 | loss 0.1694 | lr 2.24e-05 | 11.84 step/s | elapsed 4.19h
step 192800/200000 | loss 0.1675 | lr 2.23e-05 | 11.85 step/s | elapsed 4.19h
step 192900/200000 | loss 0.1678 | lr 2.22e-05 | 11.85 step/s | elapsed 4.19h
step 193000/200000 | loss 0.1687 | lr 2.22e-05 | 11.85 step/s | elapsed 4.20h
step 193100/200000 | loss 0.1695 | lr 2.21e-05 | 11.86 step/s | elapsed 4.20h
step 193200/200000 | loss 0.1690 | lr 2.20e-05 | 11.86 step/s | elapsed 4.20h
step 193300/200000 | loss 0.1665 | lr 2.20e-05 | 11.86 step/s | elapsed 4.20h
step 193400/200000 | loss 0.1680 | lr 2.19e-05 | 11.87 step/s | elapsed 4.21h
step 193500/200000 | loss 0.1695 | lr 2.19e-05 | 11.87 step/s | elapsed 4.21h
step 193600/200000 | loss 0.1669 | lr 2.18e-05 | 11.87 step/s | elapsed 4.21h
step 193700/200000 | loss 0.1709 | lr 2.18e-05 | 11.87 step/s | elapsed 4.21h
step 193800/200000 | loss 0.1694 | lr 2.17e-05 | 11.87 step/s | elapsed 4.21h
step 193900/200000 | loss 0.1681 | lr 2.16e-05 | 11.87 step/s | elapsed 4.22h
step 194000/200000 | loss 0.1671 | lr 2.16e-05 | 11.87 step/s | elapsed 4.22h
step 194100/200000 | loss 0.1684 | lr 2.15e-05 | 11.87 step/s | elapsed 4.22h
step 194200/200000 | loss 0.1703 | lr 2.15e-05 | 11.87 step/s | elapsed 4.22h
step 194300/200000 | loss 0.1693 | lr 2.14e-05 | 11.86 step/s | elapsed 4.23h
step 194400/200000 | loss 0.1668 | lr 2.14e-05 | 11.86 step/s | elapsed 4.23h
step 194500/200000 | loss 0.1691 | lr 2.13e-05 | 11.86 step/s | elapsed 4.23h
step 194600/200000 | loss 0.1678 | lr 2.13e-05 | 11.85 step/s | elapsed 4.23h
step 194700/200000 | loss 0.1697 | lr 2.12e-05 | 11.85 step/s | elapsed 4.24h
step 194800/200000 | loss 0.1696 | lr 2.12e-05 | 11.85 step/s | elapsed 4.24h
step 194900/200000 | loss 0.1697 | lr 2.12e-05 | 11.85 step/s | elapsed 4.24h
step 195000/200000 | loss 0.1703 | lr 2.11e-05 | 11.85 step/s | elapsed 4.24h
step 195100/200000 | loss 0.1676 | lr 2.11e-05 | 11.84 step/s | elapsed 4.25h
step 195200/200000 | loss 0.1676 | lr 2.10e-05 | 11.84 step/s | elapsed 4.25h
step 195300/200000 | loss 0.1664 | lr 2.10e-05 | 11.85 step/s | elapsed 4.25h
step 195400/200000 | loss 0.1669 | lr 2.09e-05 | 11.85 step/s | elapsed 4.25h
step 195500/200000 | loss 0.1681 | lr 2.09e-05 | 11.85 step/s | elapsed 4.25h
step 195600/200000 | loss 0.1667 | lr 2.09e-05 | 11.85 step/s | elapsed 4.26h
step 195700/200000 | loss 0.1683 | lr 2.08e-05 | 11.85 step/s | elapsed 4.26h
step 195800/200000 | loss 0.1696 | lr 2.08e-05 | 11.85 step/s | elapsed 4.26h
step 195900/200000 | loss 0.1691 | lr 2.07e-05 | 11.86 step/s | elapsed 4.26h
step 196000/200000 | loss 0.1683 | lr 2.07e-05 | 11.86 step/s | elapsed 4.27h
step 196100/200000 | loss 0.1684 | lr 2.07e-05 | 11.86 step/s | elapsed 4.27h
step 196200/200000 | loss 0.1684 | lr 2.06e-05 | 11.86 step/s | elapsed 4.27h
step 196300/200000 | loss 0.1676 | lr 2.06e-05 | 11.86 step/s | elapsed 4.27h
step 196400/200000 | loss 0.1677 | lr 2.06e-05 | 11.86 step/s | elapsed 4.28h
step 196500/200000 | loss 0.1707 | lr 2.05e-05 | 11.87 step/s | elapsed 4.28h
step 196600/200000 | loss 0.1703 | lr 2.05e-05 | 11.87 step/s | elapsed 4.28h
step 196700/200000 | loss 0.1663 | lr 2.05e-05 | 11.87 step/s | elapsed 4.28h
step 196800/200000 | loss 0.1679 | lr 2.05e-05 | 11.87 step/s | elapsed 4.29h
step 196900/200000 | loss 0.1669 | lr 2.04e-05 | 11.87 step/s | elapsed 4.29h
step 197000/200000 | loss 0.1663 | lr 2.04e-05 | 11.87 step/s | elapsed 4.29h
step 197100/200000 | loss 0.1674 | lr 2.04e-05 | 11.87 step/s | elapsed 4.29h
step 197200/200000 | loss 0.1674 | lr 2.03e-05 | 11.87 step/s | elapsed 4.29h
step 197300/200000 | loss 0.1674 | lr 2.03e-05 | 11.85 step/s | elapsed 4.30h
step 197400/200000 | loss 0.1665 | lr 2.03e-05 | 11.84 step/s | elapsed 4.30h
step 197500/200000 | loss 0.1674 | lr 2.03e-05 | 11.83 step/s | elapsed 4.30h
step 197600/200000 | loss 0.1687 | lr 2.03e-05 | 11.81 step/s | elapsed 4.30h
step 197700/200000 | loss 0.1678 | lr 2.02e-05 | 11.81 step/s | elapsed 4.31h
step 197800/200000 | loss 0.1685 | lr 2.02e-05 | 11.79 step/s | elapsed 4.31h
step 197900/200000 | loss 0.1677 | lr 2.02e-05 | 11.78 step/s | elapsed 4.31h
step 198000/200000 | loss 0.1681 | lr 2.02e-05 | 11.77 step/s | elapsed 4.31h
step 198100/200000 | loss 0.1685 | lr 2.02e-05 | 11.76 step/s | elapsed 4.32h
step 198200/200000 | loss 0.1705 | lr 2.01e-05 | 11.75 step/s | elapsed 4.32h
step 198300/200000 | loss 0.1685 | lr 2.01e-05 | 11.75 step/s | elapsed 4.32h
step 198400/200000 | loss 0.1667 | lr 2.01e-05 | 11.74 step/s | elapsed 4.32h
step 198500/200000 | loss 0.1677 | lr 2.01e-05 | 11.73 step/s | elapsed 4.33h
step 198600/200000 | loss 0.1678 | lr 2.01e-05 | 11.73 step/s | elapsed 4.33h
step 198700/200000 | loss 0.1677 | lr 2.01e-05 | 11.72 step/s | elapsed 4.33h
step 198800/200000 | loss 0.1697 | lr 2.01e-05 | 11.71 step/s | elapsed 4.33h
step 198900/200000 | loss 0.1682 | lr 2.01e-05 | 11.71 step/s | elapsed 4.34h
step 199000/200000 | loss 0.1677 | lr 2.00e-05 | 11.70 step/s | elapsed 4.34h
step 199100/200000 | loss 0.1692 | lr 2.00e-05 | 11.70 step/s | elapsed 4.34h
step 199200/200000 | loss 0.1672 | lr 2.00e-05 | 11.69 step/s | elapsed 4.34h
step 199300/200000 | loss 0.1673 | lr 2.00e-05 | 11.68 step/s | elapsed 4.35h
step 199400/200000 | loss 0.1678 | lr 2.00e-05 | 11.68 step/s | elapsed 4.35h
step 199500/200000 | loss 0.1663 | lr 2.00e-05 | 11.67 step/s | elapsed 4.35h
step 199600/200000 | loss 0.1676 | lr 2.00e-05 | 11.66 step/s | elapsed 4.35h
step 199700/200000 | loss 0.1687 | lr 2.00e-05 | 11.65 step/s | elapsed 4.36h
step 199800/200000 | loss 0.1692 | lr 2.00e-05 | 11.65 step/s | elapsed 4.36h
step 199900/200000 | loss 0.1688 | lr 2.00e-05 | 11.66 step/s | elapsed 4.36h
step 200000/200000 | loss 0.1665 | lr 2.00e-05 | 11.66 step/s | elapsed 4.36h
saved checkpoint at step 200000
