/root/autodl-tmp/diffusion-models-starter-r4/projects/project1_ddpm/train.py:276: FutureWarning: `torch.cuda.amp.GradScaler(args...)` is deprecated. Please use `torch.amp.GradScaler('cuda', args...)` instead.
  scaler = GradScaler(enabled=use_amp and amp_dtype == torch.float16)
/root/autodl-tmp/diffusion-models-starter-r4/projects/project1_ddpm/train.py:344: FutureWarning: `torch.cuda.amp.autocast(args...)` is deprecated. Please use `torch.amp.autocast('cuda', args...)` instead.
  with autocast(enabled=use_amp, dtype=amp_dtype):
[epoch 000 step 000100] loss=0.18632 lr=1.200e-05
[epoch 000 step 000200] loss=0.10886 lr=2.400e-05
[epoch 000 step 000300] loss=0.07117 lr=3.600e-05
[epoch 001 step 000400] loss=0.07408 lr=4.800e-05
[epoch 001 step 000500] loss=0.08181 lr=6.000e-05
[epoch 001 step 000600] loss=0.06935 lr=7.200e-05
[epoch 001 step 000700] loss=0.08006 lr=8.400e-05
[epoch 002 step 000800] loss=0.05971 lr=9.600e-05
[epoch 002 step 000900] loss=0.08225 lr=1.080e-04
[epoch 002 step 001000] loss=0.06569 lr=1.200e-04
[epoch 002 step 001100] loss=0.07459 lr=1.200e-04
[epoch 003 step 001200] loss=0.07184 lr=1.200e-04
[epoch 003 step 001300] loss=0.05827 lr=1.200e-04
[epoch 003 step 001400] loss=0.05233 lr=1.200e-04
[epoch 003 step 001500] loss=0.06809 lr=1.200e-04
[epoch 004 step 001600] loss=0.06604 lr=1.200e-04
[epoch 004 step 001700] loss=0.07489 lr=1.200e-04
[epoch 004 step 001800] loss=0.05343 lr=1.200e-04
[epoch 004 step 001900] loss=0.06215 lr=1.200e-04
[epoch 005 step 002000] loss=0.06123 lr=1.200e-04
[epoch 005 step 002100] loss=0.05722 lr=1.200e-04
[epoch 005 step 002200] loss=0.06195 lr=1.200e-04
[epoch 005 step 002300] loss=0.05729 lr=1.200e-04
[epoch 006 step 002400] loss=0.06276 lr=1.200e-04
[epoch 006 step 002500] loss=0.06810 lr=1.200e-04
[epoch 006 step 002600] loss=0.07748 lr=1.200e-04
[epoch 006 step 002700] loss=0.06557 lr=1.200e-04
[epoch 007 step 002800] loss=0.05985 lr=1.200e-04
[epoch 007 step 002900] loss=0.06213 lr=1.200e-04
[epoch 007 step 003000] loss=0.06961 lr=1.200e-04
[epoch 007 step 003100] loss=0.05822 lr=1.200e-04
[epoch 008 step 003200] loss=0.05117 lr=1.200e-04
[epoch 008 step 003300] loss=0.04880 lr=1.200e-04
[epoch 008 step 003400] loss=0.05927 lr=1.200e-04
[epoch 008 step 003500] loss=0.06679 lr=1.200e-04
[epoch 009 step 003600] loss=0.05407 lr=1.200e-04
[epoch 009 step 003700] loss=0.05844 lr=1.200e-04
[epoch 009 step 003800] loss=0.06762 lr=1.200e-04
[epoch 009 step 003900] loss=0.05350 lr=1.200e-04
[epoch 010 step 004000] loss=0.06803 lr=1.200e-04
[epoch 010 step 004100] loss=0.05888 lr=1.200e-04
[epoch 010 step 004200] loss=0.06158 lr=1.200e-04
[epoch 011 step 004300] loss=0.05262 lr=1.200e-04
[epoch 011 step 004400] loss=0.06094 lr=1.200e-04
[epoch 011 step 004500] loss=0.06845 lr=1.200e-04
[epoch 011 step 004600] loss=0.05804 lr=1.200e-04
[epoch 012 step 004700] loss=0.05097 lr=1.200e-04
[epoch 012 step 004800] loss=0.07087 lr=1.200e-04
[epoch 012 step 004900] loss=0.05480 lr=1.200e-04
[epoch 012 step 005000] loss=0.05352 lr=1.200e-04
[epoch 013 step 005100] loss=0.05651 lr=1.200e-04
[epoch 013 step 005200] loss=0.07818 lr=1.200e-04
[epoch 013 step 005300] loss=0.06746 lr=1.200e-04
[epoch 013 step 005400] loss=0.04703 lr=1.200e-04
[epoch 014 step 005500] loss=0.05783 lr=1.200e-04
[epoch 014 step 005600] loss=0.04933 lr=1.200e-04
[epoch 014 step 005700] loss=0.06466 lr=1.200e-04
[epoch 014 step 005800] loss=0.04912 lr=1.200e-04
[epoch 015 step 005900] loss=0.04957 lr=1.200e-04
[epoch 015 step 006000] loss=0.06465 lr=1.200e-04
[epoch 015 step 006100] loss=0.07393 lr=1.200e-04
[epoch 015 step 006200] loss=0.05907 lr=1.200e-04
[epoch 016 step 006300] loss=0.05827 lr=1.200e-04
[epoch 016 step 006400] loss=0.04533 lr=1.200e-04
[epoch 016 step 006500] loss=0.05964 lr=1.200e-04
[epoch 016 step 006600] loss=0.04698 lr=1.200e-04
[epoch 017 step 006700] loss=0.04794 lr=1.200e-04
[epoch 017 step 006800] loss=0.07228 lr=1.200e-04
[epoch 017 step 006900] loss=0.07042 lr=1.200e-04
[epoch 017 step 007000] loss=0.05812 lr=1.200e-04
[epoch 018 step 007100] loss=0.05973 lr=1.200e-04
[epoch 018 step 007200] loss=0.05414 lr=1.200e-04
[epoch 018 step 007300] loss=0.05305 lr=1.200e-04
[epoch 018 step 007400] loss=0.05989 lr=1.200e-04
[epoch 019 step 007500] loss=0.05011 lr=1.200e-04
[epoch 019 step 007600] loss=0.05748 lr=1.200e-04
[epoch 019 step 007700] loss=0.05559 lr=1.200e-04
[epoch 019 step 007800] loss=0.05510 lr=1.200e-04
[epoch 020 step 007900] loss=0.05771 lr=1.200e-04
[epoch 020 step 008000] loss=0.05289 lr=1.200e-04
[epoch 020 step 008100] loss=0.06609 lr=1.200e-04
[epoch 021 step 008200] loss=0.05515 lr=1.200e-04
[epoch 021 step 008300] loss=0.05496 lr=1.200e-04
[epoch 021 step 008400] loss=0.05328 lr=1.200e-04
[epoch 021 step 008500] loss=0.04979 lr=1.200e-04
[epoch 022 step 008600] loss=0.06546 lr=1.200e-04
[epoch 022 step 008700] loss=0.04583 lr=1.200e-04
[epoch 022 step 008800] loss=0.06050 lr=1.200e-04
[epoch 022 step 008900] loss=0.06040 lr=1.200e-04
[epoch 023 step 009000] loss=0.06305 lr=1.200e-04
[epoch 023 step 009100] loss=0.05934 lr=1.200e-04
[epoch 023 step 009200] loss=0.05432 lr=1.200e-04
[epoch 023 step 009300] loss=0.05180 lr=1.200e-04
[epoch 024 step 009400] loss=0.05981 lr=1.200e-04
[epoch 024 step 009500] loss=0.05672 lr=1.200e-04
[epoch 024 step 009600] loss=0.05490 lr=1.200e-04
[epoch 024 step 009700] loss=0.04637 lr=1.200e-04
[epoch 025 step 009800] loss=0.05781 lr=1.200e-04
[epoch 025 step 009900] loss=0.05724 lr=1.200e-04
[epoch 025 step 010000] loss=0.07244 lr=1.200e-04
[epoch 025 step 010100] loss=0.05766 lr=1.200e-04
[epoch 026 step 010200] loss=0.07218 lr=1.200e-04
[epoch 026 step 010300] loss=0.07019 lr=1.200e-04
[epoch 026 step 010400] loss=0.07190 lr=1.200e-04
[epoch 026 step 010500] loss=0.05771 lr=1.200e-04
[epoch 027 step 010600] loss=0.08555 lr=1.200e-04
[epoch 027 step 010700] loss=0.05542 lr=1.200e-04
[epoch 027 step 010800] loss=0.06545 lr=1.200e-04
[epoch 027 step 010900] loss=0.05361 lr=1.200e-04
[epoch 028 step 011000] loss=0.05488 lr=1.200e-04
[epoch 028 step 011100] loss=0.06274 lr=1.200e-04
[epoch 028 step 011200] loss=0.04865 lr=1.200e-04
[epoch 028 step 011300] loss=0.06686 lr=1.200e-04
[epoch 029 step 011400] loss=0.05451 lr=1.200e-04
[epoch 029 step 011500] loss=0.06441 lr=1.200e-04
[epoch 029 step 011600] loss=0.04833 lr=1.200e-04
[epoch 029 step 011700] loss=0.05214 lr=1.200e-04
Training complete in 23.4 minutes
