/root/autodl-tmp/diffusion-models-starter-r4/projects/project1_ddpm/train.py:276: FutureWarning: `torch.cuda.amp.GradScaler(args...)` is deprecated. Please use `torch.amp.GradScaler('cuda', args...)` instead.
  scaler = GradScaler(enabled=use_amp and amp_dtype == torch.float16)
/root/autodl-tmp/diffusion-models-starter-r4/projects/project1_ddpm/train.py:344: FutureWarning: `torch.cuda.amp.autocast(args...)` is deprecated. Please use `torch.amp.autocast('cuda', args...)` instead.
  with autocast(enabled=use_amp, dtype=amp_dtype):
[epoch 000 step 000100] loss=0.11733 lr=2.000e-05
[epoch 000 step 000200] loss=0.09367 lr=4.000e-05
[epoch 000 step 000300] loss=0.06940 lr=6.000e-05
[epoch 001 step 000400] loss=0.06888 lr=8.000e-05
[epoch 001 step 000500] loss=0.07869 lr=1.000e-04
[epoch 001 step 000600] loss=0.06688 lr=1.200e-04
[epoch 001 step 000700] loss=0.07721 lr=1.400e-04
[epoch 002 step 000800] loss=0.05714 lr=1.600e-04
[epoch 002 step 000900] loss=0.07980 lr=1.800e-04
[epoch 002 step 001000] loss=0.06440 lr=2.000e-04
[epoch 002 step 001100] loss=0.07334 lr=2.000e-04
[epoch 003 step 001200] loss=0.07016 lr=2.000e-04
[epoch 003 step 001300] loss=0.05772 lr=2.000e-04
[epoch 003 step 001400] loss=0.05148 lr=2.000e-04
[epoch 003 step 001500] loss=0.06722 lr=2.000e-04
[epoch 004 step 001600] loss=0.06546 lr=2.000e-04
[epoch 004 step 001700] loss=0.07364 lr=2.000e-04
[epoch 004 step 001800] loss=0.05314 lr=2.000e-04
[epoch 004 step 001900] loss=0.06148 lr=2.000e-04
[epoch 005 step 002000] loss=0.06045 lr=2.000e-04
[epoch 005 step 002100] loss=0.05674 lr=2.000e-04
[epoch 005 step 002200] loss=0.06138 lr=2.000e-04
[epoch 005 step 002300] loss=0.05685 lr=2.000e-04
[epoch 006 step 002400] loss=0.06215 lr=2.000e-04
[epoch 006 step 002500] loss=0.06752 lr=2.000e-04
[epoch 006 step 002600] loss=0.07687 lr=2.000e-04
[epoch 006 step 002700] loss=0.06492 lr=2.000e-04
[epoch 007 step 002800] loss=0.05946 lr=2.000e-04
[epoch 007 step 002900] loss=0.06121 lr=2.000e-04
[epoch 007 step 003000] loss=0.06937 lr=2.000e-04
[epoch 007 step 003100] loss=0.05763 lr=2.000e-04
[epoch 008 step 003200] loss=0.05089 lr=2.000e-04
[epoch 008 step 003300] loss=0.04840 lr=2.000e-04
[epoch 008 step 003400] loss=0.05896 lr=2.000e-04
[epoch 008 step 003500] loss=0.06645 lr=2.000e-04
[epoch 009 step 003600] loss=0.05375 lr=2.000e-04
[epoch 009 step 003700] loss=0.05802 lr=2.000e-04
[epoch 009 step 003800] loss=0.06734 lr=2.000e-04
[epoch 009 step 003900] loss=0.05326 lr=2.000e-04
[epoch 010 step 004000] loss=0.06761 lr=2.000e-04
[epoch 010 step 004100] loss=0.05846 lr=2.000e-04
[epoch 010 step 004200] loss=0.06114 lr=2.000e-04
[epoch 011 step 004300] loss=0.05219 lr=2.000e-04
[epoch 011 step 004400] loss=0.06073 lr=2.000e-04
[epoch 011 step 004500] loss=0.06803 lr=2.000e-04
[epoch 011 step 004600] loss=0.05768 lr=2.000e-04
[epoch 012 step 004700] loss=0.05054 lr=2.000e-04
[epoch 012 step 004800] loss=0.07026 lr=2.000e-04
[epoch 012 step 004900] loss=0.05464 lr=2.000e-04
[epoch 012 step 005000] loss=0.05328 lr=2.000e-04
[epoch 013 step 005100] loss=0.05620 lr=2.000e-04
[epoch 013 step 005200] loss=0.07769 lr=2.000e-04
[epoch 013 step 005300] loss=0.06741 lr=2.000e-04
[epoch 013 step 005400] loss=0.04705 lr=2.000e-04
[epoch 014 step 005500] loss=0.05749 lr=2.000e-04
[epoch 014 step 005600] loss=0.04897 lr=2.000e-04
[epoch 014 step 005700] loss=0.06422 lr=2.000e-04
[epoch 014 step 005800] loss=0.04910 lr=2.000e-04
[epoch 015 step 005900] loss=0.04949 lr=2.000e-04
[epoch 015 step 006000] loss=0.06411 lr=2.000e-04
[epoch 015 step 006100] loss=0.07365 lr=2.000e-04
[epoch 015 step 006200] loss=0.05899 lr=2.000e-04
[epoch 016 step 006300] loss=0.05784 lr=2.000e-04
[epoch 016 step 006400] loss=0.04522 lr=2.000e-04
[epoch 016 step 006500] loss=0.05943 lr=2.000e-04
[epoch 016 step 006600] loss=0.04687 lr=2.000e-04
[epoch 017 step 006700] loss=0.04789 lr=2.000e-04
[epoch 017 step 006800] loss=0.07194 lr=2.000e-04
[epoch 017 step 006900] loss=0.07034 lr=2.000e-04
[epoch 017 step 007000] loss=0.05789 lr=2.000e-04
[epoch 018 step 007100] loss=0.05970 lr=2.000e-04
[epoch 018 step 007200] loss=0.05399 lr=2.000e-04
[epoch 018 step 007300] loss=0.05288 lr=2.000e-04
[epoch 018 step 007400] loss=0.05995 lr=2.000e-04
[epoch 019 step 007500] loss=0.05000 lr=2.000e-04
[epoch 019 step 007600] loss=0.05736 lr=2.000e-04
[epoch 019 step 007700] loss=0.05538 lr=2.000e-04
[epoch 019 step 007800] loss=0.05489 lr=2.000e-04
[epoch 020 step 007900] loss=0.05754 lr=2.000e-04
[epoch 020 step 008000] loss=0.05264 lr=2.000e-04
[epoch 020 step 008100] loss=0.06570 lr=2.000e-04
[epoch 021 step 008200] loss=0.05518 lr=2.000e-04
[epoch 021 step 008300] loss=0.05490 lr=2.000e-04
[epoch 021 step 008400] loss=0.05325 lr=2.000e-04
[epoch 021 step 008500] loss=0.04944 lr=2.000e-04
[epoch 022 step 008600] loss=0.06526 lr=2.000e-04
[epoch 022 step 008700] loss=0.04566 lr=2.000e-04
[epoch 022 step 008800] loss=0.06040 lr=2.000e-04
[epoch 022 step 008900] loss=0.06021 lr=2.000e-04
[epoch 023 step 009000] loss=0.06270 lr=2.000e-04
[epoch 023 step 009100] loss=0.05927 lr=2.000e-04
[epoch 023 step 009200] loss=0.05430 lr=2.000e-04
[epoch 023 step 009300] loss=0.05150 lr=2.000e-04
[epoch 024 step 009400] loss=0.05947 lr=2.000e-04
[epoch 024 step 009500] loss=0.05650 lr=2.000e-04
[epoch 024 step 009600] loss=0.05478 lr=2.000e-04
[epoch 024 step 009700] loss=0.04630 lr=2.000e-04
[epoch 025 step 009800] loss=0.05783 lr=2.000e-04
[epoch 025 step 009900] loss=0.05703 lr=2.000e-04
[epoch 025 step 010000] loss=0.07209 lr=2.000e-04
[epoch 025 step 010100] loss=0.05747 lr=2.000e-04
[epoch 026 step 010200] loss=0.07195 lr=2.000e-04
[epoch 026 step 010300] loss=0.06981 lr=2.000e-04
[epoch 026 step 010400] loss=0.07175 lr=2.000e-04
[epoch 026 step 010500] loss=0.05754 lr=2.000e-04
[epoch 027 step 010600] loss=0.08505 lr=2.000e-04
[epoch 027 step 010700] loss=0.05552 lr=2.000e-04
[epoch 027 step 010800] loss=0.06528 lr=2.000e-04
[epoch 027 step 010900] loss=0.05388 lr=2.000e-04
[epoch 028 step 011000] loss=0.05484 lr=2.000e-04
[epoch 028 step 011100] loss=0.06246 lr=2.000e-04
[epoch 028 step 011200] loss=0.04840 lr=2.000e-04
[epoch 028 step 011300] loss=0.06662 lr=2.000e-04
[epoch 029 step 011400] loss=0.05420 lr=2.000e-04
[epoch 029 step 011500] loss=0.06387 lr=2.000e-04
[epoch 029 step 011600] loss=0.04809 lr=2.000e-04
[epoch 029 step 011700] loss=0.05199 lr=2.000e-04
Training complete in 23.2 minutes
