/root/autodl-tmp/diffusion-models-starter-r4/projects/project1_ddpm/train.py:276: FutureWarning: `torch.cuda.amp.GradScaler(args...)` is deprecated. Please use `torch.amp.GradScaler('cuda', args...)` instead.
  scaler = GradScaler(enabled=use_amp and amp_dtype == torch.float16)
/root/autodl-tmp/diffusion-models-starter-r4/projects/project1_ddpm/train.py:344: FutureWarning: `torch.cuda.amp.autocast(args...)` is deprecated. Please use `torch.amp.autocast('cuda', args...)` instead.
  with autocast(enabled=use_amp, dtype=amp_dtype):
[epoch 000 step 000100] loss=0.10491 lr=2.500e-05
[epoch 000 step 000200] loss=0.08986 lr=5.000e-05
[epoch 000 step 000300] loss=0.06677 lr=7.500e-05
[epoch 001 step 000400] loss=0.06832 lr=1.000e-04
[epoch 001 step 000500] loss=0.07758 lr=1.250e-04
[epoch 001 step 000600] loss=0.06621 lr=1.500e-04
[epoch 001 step 000700] loss=0.07662 lr=1.750e-04
[epoch 002 step 000800] loss=0.05673 lr=2.000e-04
[epoch 002 step 000900] loss=0.07955 lr=2.250e-04
[epoch 002 step 001000] loss=0.06412 lr=2.500e-04
[epoch 002 step 001100] loss=0.07294 lr=2.500e-04
[epoch 003 step 001200] loss=0.06992 lr=2.500e-04
[epoch 003 step 001300] loss=0.05735 lr=2.500e-04
[epoch 003 step 001400] loss=0.05156 lr=2.500e-04
[epoch 003 step 001500] loss=0.06695 lr=2.500e-04
[epoch 004 step 001600] loss=0.06508 lr=2.500e-04
[epoch 004 step 001700] loss=0.07329 lr=2.500e-04
[epoch 004 step 001800] loss=0.05278 lr=2.500e-04
[epoch 004 step 001900] loss=0.06138 lr=2.500e-04
[epoch 005 step 002000] loss=0.06005 lr=2.500e-04
[epoch 005 step 002100] loss=0.05631 lr=2.500e-04
[epoch 005 step 002200] loss=0.06103 lr=2.500e-04
[epoch 005 step 002300] loss=0.05679 lr=2.500e-04
[epoch 006 step 002400] loss=0.06200 lr=2.500e-04
[epoch 006 step 002500] loss=0.06736 lr=2.500e-04
[epoch 006 step 002600] loss=0.07676 lr=2.500e-04
[epoch 006 step 002700] loss=0.06488 lr=2.500e-04
[epoch 007 step 002800] loss=0.05958 lr=2.500e-04
[epoch 007 step 002900] loss=0.06115 lr=2.500e-04
[epoch 007 step 003000] loss=0.06914 lr=2.500e-04
[epoch 007 step 003100] loss=0.05726 lr=2.500e-04
[epoch 008 step 003200] loss=0.05067 lr=2.500e-04
[epoch 008 step 003300] loss=0.04836 lr=2.500e-04
[epoch 008 step 003400] loss=0.05888 lr=2.500e-04
[epoch 008 step 003500] loss=0.06605 lr=2.500e-04
[epoch 009 step 003600] loss=0.05369 lr=2.500e-04
[epoch 009 step 003700] loss=0.05785 lr=2.500e-04
[epoch 009 step 003800] loss=0.06713 lr=2.500e-04
[epoch 009 step 003900] loss=0.05328 lr=2.500e-04
[epoch 010 step 004000] loss=0.06736 lr=2.500e-04
[epoch 010 step 004100] loss=0.05863 lr=2.500e-04
[epoch 010 step 004200] loss=0.06109 lr=2.500e-04
[epoch 011 step 004300] loss=0.05216 lr=2.500e-04
[epoch 011 step 004400] loss=0.06059 lr=2.500e-04
[epoch 011 step 004500] loss=0.06804 lr=2.500e-04
[epoch 011 step 004600] loss=0.05761 lr=2.500e-04
[epoch 012 step 004700] loss=0.05049 lr=2.500e-04
[epoch 012 step 004800] loss=0.07008 lr=2.500e-04
[epoch 012 step 004900] loss=0.05442 lr=2.500e-04
[epoch 012 step 005000] loss=0.05321 lr=2.500e-04
[epoch 013 step 005100] loss=0.05611 lr=2.500e-04
[epoch 013 step 005200] loss=0.07747 lr=2.500e-04
[epoch 013 step 005300] loss=0.06731 lr=2.500e-04
[epoch 013 step 005400] loss=0.04685 lr=2.500e-04
[epoch 014 step 005500] loss=0.05744 lr=2.500e-04
[epoch 014 step 005600] loss=0.04891 lr=2.500e-04
[epoch 014 step 005700] loss=0.06399 lr=2.500e-04
[epoch 014 step 005800] loss=0.04907 lr=2.500e-04
[epoch 015 step 005900] loss=0.04934 lr=2.500e-04
[epoch 015 step 006000] loss=0.06411 lr=2.500e-04
[epoch 015 step 006100] loss=0.07365 lr=2.500e-04
[epoch 015 step 006200] loss=0.05905 lr=2.500e-04
[epoch 016 step 006300] loss=0.05801 lr=2.500e-04
[epoch 016 step 006400] loss=0.04517 lr=2.500e-04
[epoch 016 step 006500] loss=0.05934 lr=2.500e-04
[epoch 016 step 006600] loss=0.04687 lr=2.500e-04
[epoch 017 step 006700] loss=0.04794 lr=2.500e-04
[epoch 017 step 006800] loss=0.07174 lr=2.500e-04
[epoch 017 step 006900] loss=0.07042 lr=2.500e-04
[epoch 017 step 007000] loss=0.05790 lr=2.500e-04
[epoch 018 step 007100] loss=0.05947 lr=2.500e-04
[epoch 018 step 007200] loss=0.05406 lr=2.500e-04
[epoch 018 step 007300] loss=0.05277 lr=2.500e-04
[epoch 018 step 007400] loss=0.05992 lr=2.500e-04
[epoch 019 step 007500] loss=0.04999 lr=2.500e-04
[epoch 019 step 007600] loss=0.05735 lr=2.500e-04
[epoch 019 step 007700] loss=0.05544 lr=2.500e-04
[epoch 019 step 007800] loss=0.05474 lr=2.500e-04
[epoch 020 step 007900] loss=0.05735 lr=2.500e-04
[epoch 020 step 008000] loss=0.05272 lr=2.500e-04
[epoch 020 step 008100] loss=0.06580 lr=2.500e-04
[epoch 021 step 008200] loss=0.05500 lr=2.500e-04
[epoch 021 step 008300] loss=0.05492 lr=2.500e-04
[epoch 021 step 008400] loss=0.05306 lr=2.500e-04
[epoch 021 step 008500] loss=0.04945 lr=2.500e-04
[epoch 022 step 008600] loss=0.06511 lr=2.500e-04
[epoch 022 step 008700] loss=0.04561 lr=2.500e-04
[epoch 022 step 008800] loss=0.06030 lr=2.500e-04
[epoch 022 step 008900] loss=0.06026 lr=2.500e-04
[epoch 023 step 009000] loss=0.06270 lr=2.500e-04
[epoch 023 step 009100] loss=0.05922 lr=2.500e-04
[epoch 023 step 009200] loss=0.05417 lr=2.500e-04
[epoch 023 step 009300] loss=0.05158 lr=2.500e-04
[epoch 024 step 009400] loss=0.05960 lr=2.500e-04
[epoch 024 step 009500] loss=0.05652 lr=2.500e-04
[epoch 024 step 009600] loss=0.05480 lr=2.500e-04
[epoch 024 step 009700] loss=0.04612 lr=2.500e-04
[epoch 025 step 009800] loss=0.05774 lr=2.500e-04
[epoch 025 step 009900] loss=0.05700 lr=2.500e-04
[epoch 025 step 010000] loss=0.07214 lr=2.500e-04
[epoch 025 step 010100] loss=0.05745 lr=2.500e-04
[epoch 026 step 010200] loss=0.07194 lr=2.500e-04
[epoch 026 step 010300] loss=0.06960 lr=2.500e-04
[epoch 026 step 010400] loss=0.07171 lr=2.500e-04
[epoch 026 step 010500] loss=0.05761 lr=2.500e-04
[epoch 027 step 010600] loss=0.08488 lr=2.500e-04
[epoch 027 step 010700] loss=0.05543 lr=2.500e-04
[epoch 027 step 010800] loss=0.06517 lr=2.500e-04
[epoch 027 step 010900] loss=0.05375 lr=2.500e-04
[epoch 028 step 011000] loss=0.05467 lr=2.500e-04
[epoch 028 step 011100] loss=0.06239 lr=2.500e-04
[epoch 028 step 011200] loss=0.04829 lr=2.500e-04
[epoch 028 step 011300] loss=0.06668 lr=2.500e-04
[epoch 029 step 011400] loss=0.05407 lr=2.500e-04
[epoch 029 step 011500] loss=0.06393 lr=2.500e-04
[epoch 029 step 011600] loss=0.04837 lr=2.500e-04
[epoch 029 step 011700] loss=0.05193 lr=2.500e-04
Training complete in 23.4 minutes
