/root/autodl-tmp/diffusion-models-starter-r4/projects/project1_ddpm/train.py:276: FutureWarning: `torch.cuda.amp.GradScaler(args...)` is deprecated. Please use `torch.amp.GradScaler('cuda', args...)` instead.
  scaler = GradScaler(enabled=use_amp and amp_dtype == torch.float16)
/root/autodl-tmp/diffusion-models-starter-r4/projects/project1_ddpm/train.py:344: FutureWarning: `torch.cuda.amp.autocast(args...)` is deprecated. Please use `torch.amp.autocast('cuda', args...)` instead.
  with autocast(enabled=use_amp, dtype=amp_dtype):
[epoch 000 step 000100] loss=0.33679 lr=8.000e-06
[epoch 000 step 000200] loss=0.12413 lr=1.600e-05
[epoch 000 step 000300] loss=0.07655 lr=2.400e-05
[epoch 001 step 000400] loss=0.07522 lr=3.200e-05
[epoch 001 step 000500] loss=0.08421 lr=4.000e-05
[epoch 001 step 000600] loss=0.07134 lr=4.800e-05
[epoch 001 step 000700] loss=0.08215 lr=5.600e-05
[epoch 002 step 000800] loss=0.06177 lr=6.400e-05
[epoch 002 step 000900] loss=0.08409 lr=7.200e-05
[epoch 002 step 001000] loss=0.06704 lr=8.000e-05
[epoch 002 step 001100] loss=0.07594 lr=8.000e-05
[epoch 003 step 001200] loss=0.07292 lr=8.000e-05
[epoch 003 step 001300] loss=0.05915 lr=8.000e-05
[epoch 003 step 001400] loss=0.05328 lr=8.000e-05
[epoch 003 step 001500] loss=0.06891 lr=8.000e-05
[epoch 004 step 001600] loss=0.06708 lr=8.000e-05
[epoch 004 step 001700] loss=0.07555 lr=8.000e-05
[epoch 004 step 001800] loss=0.05404 lr=8.000e-05
[epoch 004 step 001900] loss=0.06332 lr=8.000e-05
[epoch 005 step 002000] loss=0.06192 lr=8.000e-05
[epoch 005 step 002100] loss=0.05825 lr=8.000e-05
[epoch 005 step 002200] loss=0.06264 lr=8.000e-05
[epoch 005 step 002300] loss=0.05799 lr=8.000e-05
[epoch 006 step 002400] loss=0.06348 lr=8.000e-05
[epoch 006 step 002500] loss=0.06872 lr=8.000e-05
[epoch 006 step 002600] loss=0.07845 lr=8.000e-05
[epoch 006 step 002700] loss=0.06620 lr=8.000e-05
[epoch 007 step 002800] loss=0.06057 lr=8.000e-05
[epoch 007 step 002900] loss=0.06264 lr=8.000e-05
[epoch 007 step 003000] loss=0.07049 lr=8.000e-05
[epoch 007 step 003100] loss=0.05866 lr=8.000e-05
[epoch 008 step 003200] loss=0.05150 lr=8.000e-05
[epoch 008 step 003300] loss=0.04939 lr=8.000e-05
[epoch 008 step 003400] loss=0.05985 lr=8.000e-05
[epoch 008 step 003500] loss=0.06743 lr=8.000e-05
[epoch 009 step 003600] loss=0.05436 lr=8.000e-05
[epoch 009 step 003700] loss=0.05891 lr=8.000e-05
[epoch 009 step 003800] loss=0.06819 lr=8.000e-05
[epoch 009 step 003900] loss=0.05396 lr=8.000e-05
[epoch 010 step 004000] loss=0.06868 lr=8.000e-05
[epoch 010 step 004100] loss=0.05937 lr=8.000e-05
[epoch 010 step 004200] loss=0.06220 lr=8.000e-05
[epoch 011 step 004300] loss=0.05297 lr=8.000e-05
[epoch 011 step 004400] loss=0.06145 lr=8.000e-05
[epoch 011 step 004500] loss=0.06916 lr=8.000e-05
[epoch 011 step 004600] loss=0.05856 lr=8.000e-05
[epoch 012 step 004700] loss=0.05132 lr=8.000e-05
[epoch 012 step 004800] loss=0.07118 lr=8.000e-05
[epoch 012 step 004900] loss=0.05513 lr=8.000e-05
[epoch 012 step 005000] loss=0.05374 lr=8.000e-05
[epoch 013 step 005100] loss=0.05685 lr=8.000e-05
[epoch 013 step 005200] loss=0.07874 lr=8.000e-05
[epoch 013 step 005300] loss=0.06808 lr=8.000e-05
[epoch 013 step 005400] loss=0.04743 lr=8.000e-05
[epoch 014 step 005500] loss=0.05812 lr=8.000e-05
[epoch 014 step 005600] loss=0.04933 lr=8.000e-05
[epoch 014 step 005700] loss=0.06509 lr=8.000e-05
[epoch 014 step 005800] loss=0.04945 lr=8.000e-05
[epoch 015 step 005900] loss=0.04988 lr=8.000e-05
[epoch 015 step 006000] loss=0.06522 lr=8.000e-05
[epoch 015 step 006100] loss=0.07439 lr=8.000e-05
[epoch 015 step 006200] loss=0.05967 lr=8.000e-05
[epoch 016 step 006300] loss=0.05849 lr=8.000e-05
[epoch 016 step 006400] loss=0.04549 lr=8.000e-05
[epoch 016 step 006500] loss=0.05995 lr=8.000e-05
[epoch 016 step 006600] loss=0.04722 lr=8.000e-05
[epoch 017 step 006700] loss=0.04818 lr=8.000e-05
[epoch 017 step 006800] loss=0.07282 lr=8.000e-05
[epoch 017 step 006900] loss=0.07073 lr=8.000e-05
[epoch 017 step 007000] loss=0.05838 lr=8.000e-05
[epoch 018 step 007100] loss=0.05998 lr=8.000e-05
[epoch 018 step 007200] loss=0.05443 lr=8.000e-05
[epoch 018 step 007300] loss=0.05316 lr=8.000e-05
[epoch 018 step 007400] loss=0.06025 lr=8.000e-05
[epoch 019 step 007500] loss=0.05020 lr=8.000e-05
[epoch 019 step 007600] loss=0.05778 lr=8.000e-05
[epoch 019 step 007700] loss=0.05592 lr=8.000e-05
[epoch 019 step 007800] loss=0.05559 lr=8.000e-05
[epoch 020 step 007900] loss=0.05788 lr=8.000e-05
[epoch 020 step 008000] loss=0.05306 lr=8.000e-05
[epoch 020 step 008100] loss=0.06620 lr=8.000e-05
[epoch 021 step 008200] loss=0.05538 lr=8.000e-05
[epoch 021 step 008300] loss=0.05533 lr=8.000e-05
[epoch 021 step 008400] loss=0.05351 lr=8.000e-05
[epoch 021 step 008500] loss=0.05003 lr=8.000e-05
[epoch 022 step 008600] loss=0.06581 lr=8.000e-05
[epoch 022 step 008700] loss=0.04614 lr=8.000e-05
[epoch 022 step 008800] loss=0.06082 lr=8.000e-05
[epoch 022 step 008900] loss=0.06073 lr=8.000e-05
[epoch 023 step 009000] loss=0.06341 lr=8.000e-05
[epoch 023 step 009100] loss=0.05963 lr=8.000e-05
[epoch 023 step 009200] loss=0.05464 lr=8.000e-05
[epoch 023 step 009300] loss=0.05197 lr=8.000e-05
[epoch 024 step 009400] loss=0.06010 lr=8.000e-05
[epoch 024 step 009500] loss=0.05694 lr=8.000e-05
[epoch 024 step 009600] loss=0.05525 lr=8.000e-05
[epoch 024 step 009700] loss=0.04653 lr=8.000e-05
[epoch 025 step 009800] loss=0.05801 lr=8.000e-05
[epoch 025 step 009900] loss=0.05768 lr=8.000e-05
[epoch 025 step 010000] loss=0.07280 lr=8.000e-05
[epoch 025 step 010100] loss=0.05782 lr=8.000e-05
[epoch 026 step 010200] loss=0.07260 lr=8.000e-05
[epoch 026 step 010300] loss=0.07046 lr=8.000e-05
[epoch 026 step 010400] loss=0.07226 lr=8.000e-05
[epoch 026 step 010500] loss=0.05792 lr=8.000e-05
[epoch 027 step 010600] loss=0.08589 lr=8.000e-05
[epoch 027 step 010700] loss=0.05582 lr=8.000e-05
[epoch 027 step 010800] loss=0.06556 lr=8.000e-05
[epoch 027 step 010900] loss=0.05343 lr=8.000e-05
[epoch 028 step 011000] loss=0.05503 lr=8.000e-05
[epoch 028 step 011100] loss=0.06311 lr=8.000e-05
[epoch 028 step 011200] loss=0.04879 lr=8.000e-05
[epoch 028 step 011300] loss=0.06697 lr=8.000e-05
[epoch 029 step 011400] loss=0.05472 lr=8.000e-05
[epoch 029 step 011500] loss=0.06449 lr=8.000e-05
[epoch 029 step 011600] loss=0.04841 lr=8.000e-05
[epoch 029 step 011700] loss=0.05245 lr=8.000e-05
Training complete in 23.9 minutes
