[2026-09-18 10:05:57] ===== START R5_late_decay =====
[2026-09-18 10:05:57] python -u train.py --config configs/cifar10_fid15_r5_late_decay.yaml
/root/autodl-tmp/diffusion-models-starter-r4/projects/project1_ddpm/train.py:276: FutureWarning: `torch.cuda.amp.GradScaler(args...)` is deprecated. Please use `torch.amp.GradScaler('cuda', args...)` instead.
  scaler = GradScaler(enabled=use_amp and amp_dtype == torch.float16)
/root/autodl-tmp/diffusion-models-starter-r4/projects/project1_ddpm/train.py:343: FutureWarning: `torch.cuda.amp.autocast(args...)` is deprecated. Please use `torch.amp.autocast('cuda', args...)` instead.
  with autocast(enabled=use_amp, dtype=amp_dtype):
[epoch 000 step 000100] loss=0.64944 lr=4.000e-06
[epoch 000 step 000200] loss=0.16097 lr=8.000e-06
[epoch 000 step 000300] loss=0.09866 lr=1.200e-05
[epoch 001 step 000400] loss=0.08666 lr=1.600e-05
[epoch 001 step 000500] loss=0.09185 lr=2.000e-05
[epoch 001 step 000600] loss=0.07707 lr=2.400e-05
[epoch 001 step 000700] loss=0.08817 lr=2.800e-05
[epoch 002 step 000800] loss=0.06626 lr=3.200e-05
[epoch 002 step 000900] loss=0.08967 lr=3.600e-05
[epoch 002 step 001000] loss=0.07148 lr=4.000e-05
[epoch 002 step 001100] loss=0.08088 lr=4.400e-05
[epoch 003 step 001200] loss=0.07715 lr=4.800e-05
[epoch 003 step 001300] loss=0.06316 lr=5.200e-05
[epoch 003 step 001400] loss=0.05601 lr=5.600e-05
[epoch 003 step 001500] loss=0.07177 lr=6.000e-05
[epoch 004 step 001600] loss=0.06964 lr=6.400e-05
[epoch 004 step 001700] loss=0.07850 lr=6.800e-05
[epoch 004 step 001800] loss=0.05597 lr=7.200e-05
[epoch 004 step 001900] loss=0.06538 lr=7.600e-05
[epoch 005 step 002000] loss=0.06389 lr=8.000e-05
[epoch 005 step 002100] loss=0.05955 lr=8.400e-05
[epoch 005 step 002200] loss=0.06411 lr=8.800e-05
[epoch 005 step 002300] loss=0.05963 lr=9.200e-05
[epoch 006 step 002400] loss=0.06486 lr=9.600e-05
[epoch 006 step 002500] loss=0.07019 lr=1.000e-04
[epoch 006 step 002600] loss=0.07975 lr=1.040e-04
[epoch 006 step 002700] loss=0.06717 lr=1.080e-04
[epoch 007 step 002800] loss=0.06151 lr=1.120e-04
[epoch 007 step 002900] loss=0.06368 lr=1.160e-04
[epoch 007 step 003000] loss=0.07178 lr=1.200e-04
[epoch 007 step 003100] loss=0.05931 lr=1.240e-04
[epoch 008 step 003200] loss=0.05194 lr=1.280e-04
[epoch 008 step 003300] loss=0.04990 lr=1.320e-04
[epoch 008 step 003400] loss=0.06044 lr=1.360e-04
[epoch 008 step 003500] loss=0.06844 lr=1.400e-04
[epoch 009 step 003600] loss=0.05530 lr=1.440e-04
[epoch 009 step 003700] loss=0.05975 lr=1.480e-04
[epoch 009 step 003800] loss=0.06900 lr=1.520e-04
[epoch 009 step 003900] loss=0.05435 lr=1.560e-04
[epoch 010 step 004000] loss=0.06927 lr=1.600e-04
[epoch 010 step 004100] loss=0.05992 lr=1.640e-04
[epoch 010 step 004200] loss=0.06274 lr=1.680e-04
[epoch 011 step 004300] loss=0.05339 lr=1.720e-04
[epoch 011 step 004400] loss=0.06220 lr=1.760e-04
[epoch 011 step 004500] loss=0.06987 lr=1.800e-04
[epoch 011 step 004600] loss=0.05886 lr=1.840e-04
[epoch 012 step 004700] loss=0.05173 lr=1.880e-04
[epoch 012 step 004800] loss=0.07208 lr=1.920e-04
[epoch 012 step 004900] loss=0.05585 lr=1.960e-04
[epoch 012 step 005000] loss=0.05440 lr=2.000e-04
[epoch 013 step 005100] loss=0.06096 lr=2.000e-04
[epoch 013 step 005200] loss=0.05611 lr=2.000e-04
[epoch 013 step 005300] loss=0.04917 lr=2.000e-04
[epoch 013 step 005400] loss=0.05132 lr=2.000e-04
[epoch 014 step 005500] loss=0.06726 lr=2.000e-04
[epoch 014 step 005600] loss=0.05354 lr=2.000e-04
[epoch 014 step 005700] loss=0.05991 lr=2.000e-04
[epoch 014 step 005800] loss=0.05007 lr=2.000e-04
[epoch 015 step 005900] loss=0.05451 lr=2.000e-04
[epoch 015 step 006000] loss=0.06355 lr=2.000e-04
[epoch 015 step 006100] loss=0.04553 lr=2.000e-04
[epoch 015 step 006200] loss=0.06606 lr=2.000e-04
[epoch 016 step 006300] loss=0.04582 lr=2.000e-04
[epoch 016 step 006400] loss=0.07045 lr=2.000e-04
[epoch 016 step 006500] loss=0.05831 lr=2.000e-04
[epoch 016 step 006600] loss=0.05003 lr=2.000e-04
[epoch 017 step 006700] loss=0.07202 lr=2.000e-04
[epoch 017 step 006800] loss=0.07791 lr=2.000e-04
[epoch 017 step 006900] loss=0.04121 lr=2.000e-04
[epoch 017 step 007000] loss=0.05926 lr=2.000e-04
[epoch 018 step 007100] loss=0.06753 lr=2.000e-04
[epoch 018 step 007200] loss=0.05509 lr=2.000e-04
[epoch 018 step 007300] loss=0.05639 lr=2.000e-04
[epoch 018 step 007400] loss=0.05948 lr=2.000e-04
[epoch 019 step 007500] loss=0.05159 lr=2.000e-04
[epoch 019 step 007600] loss=0.05626 lr=2.000e-04
[epoch 019 step 007700] loss=0.05417 lr=2.000e-04
[epoch 019 step 007800] loss=0.06046 lr=2.000e-04
[epoch 020 step 007900] loss=0.05238 lr=2.000e-04
[epoch 020 step 008000] loss=0.06309 lr=2.000e-04
[epoch 020 step 008100] loss=0.06760 lr=2.000e-04
[epoch 021 step 008200] loss=0.05413 lr=2.000e-04
[epoch 021 step 008300] loss=0.05884 lr=2.000e-04
[epoch 021 step 008400] loss=0.04824 lr=2.000e-04
[epoch 021 step 008500] loss=0.05403 lr=2.000e-04
[epoch 022 step 008600] loss=0.07803 lr=2.000e-04
[epoch 022 step 008700] loss=0.04374 lr=2.000e-04
[epoch 022 step 008800] loss=0.05841 lr=2.000e-04
[epoch 022 step 008900] loss=0.06062 lr=2.000e-04
[epoch 023 step 009000] loss=0.05435 lr=2.000e-04
[epoch 023 step 009100] loss=0.07031 lr=2.000e-04
[epoch 023 step 009200] loss=0.06026 lr=2.000e-04
[epoch 023 step 009300] loss=0.04510 lr=2.000e-04
[epoch 024 step 009400] loss=0.06223 lr=2.000e-04
[epoch 024 step 009500] loss=0.06472 lr=2.000e-04
[epoch 024 step 009600] loss=0.04293 lr=2.000e-04
[epoch 024 step 009700] loss=0.06564 lr=2.000e-04
[epoch 025 step 009800] loss=0.06237 lr=2.000e-04
[epoch 025 step 009900] loss=0.05811 lr=2.000e-04
[epoch 025 step 010000] loss=0.05860 lr=2.000e-04
[epoch 025 step 010100] loss=0.04755 lr=2.000e-04
[epoch 026 step 010200] loss=0.05458 lr=2.000e-04
[epoch 026 step 010300] loss=0.06605 lr=2.000e-04
[epoch 026 step 010400] loss=0.05435 lr=2.000e-04
[epoch 026 step 010500] loss=0.06646 lr=2.000e-04
[epoch 027 step 010600] loss=0.05340 lr=2.000e-04
[epoch 027 step 010700] loss=0.06226 lr=2.000e-04
[epoch 027 step 010800] loss=0.04831 lr=2.000e-04
[epoch 027 step 010900] loss=0.06938 lr=2.000e-04
[epoch 028 step 011000] loss=0.06425 lr=2.000e-04
[epoch 028 step 011100] loss=0.06577 lr=2.000e-04
[epoch 028 step 011200] loss=0.04048 lr=2.000e-04
[epoch 028 step 011300] loss=0.06407 lr=2.000e-04
[epoch 029 step 011400] loss=0.06300 lr=2.000e-04
[epoch 029 step 011500] loss=0.06065 lr=2.000e-04
[epoch 029 step 011600] loss=0.05523 lr=2.000e-04
[epoch 029 step 011700] loss=0.04143 lr=2.000e-04
[epoch 030 step 011800] loss=0.06708 lr=2.000e-04
[epoch 030 step 011900] loss=0.06402 lr=2.000e-04
[epoch 030 step 012000] loss=0.04569 lr=2.000e-04
[epoch 030 attempt 012057] optimizer step skipped; scaler=2097152.0
[epoch 031 step 012100] loss=0.05734 lr=2.000e-04
[epoch 031 step 012200] loss=0.06125 lr=2.000e-04
[epoch 031 step 012300] loss=0.04556 lr=2.000e-04
[epoch 031 step 012400] loss=0.06236 lr=2.000e-04
[epoch 032 step 012500] loss=0.05390 lr=2.000e-04
[epoch 032 step 012600] loss=0.05431 lr=2.000e-04
[epoch 032 step 012700] loss=0.04439 lr=2.000e-04
[epoch 032 step 012800] loss=0.05274 lr=2.000e-04
[epoch 033 step 012900] loss=0.05352 lr=2.000e-04
[epoch 033 step 013000] loss=0.06511 lr=2.000e-04
[epoch 033 step 013100] loss=0.06984 lr=2.000e-04
[epoch 033 step 013200] loss=0.05507 lr=2.000e-04
[epoch 034 step 013300] loss=0.06107 lr=2.000e-04
[epoch 034 step 013400] loss=0.06762 lr=2.000e-04
[epoch 034 step 013500] loss=0.06437 lr=2.000e-04
[epoch 034 step 013600] loss=0.06592 lr=2.000e-04
[epoch 035 step 013700] loss=0.05745 lr=2.000e-04
[epoch 035 step 013800] loss=0.06191 lr=2.000e-04
[epoch 035 step 013900] loss=0.05832 lr=2.000e-04
[epoch 035 step 014000] loss=0.06416 lr=2.000e-04
[epoch 036 attempt 014059] optimizer step skipped; scaler=2097152.0
[epoch 036 step 014100] loss=0.06506 lr=2.000e-04
[epoch 036 step 014200] loss=0.06491 lr=2.000e-04
[epoch 036 step 014300] loss=0.05775 lr=2.000e-04
[epoch 036 step 014400] loss=0.05750 lr=2.000e-04
[epoch 037 step 014500] loss=0.05447 lr=2.000e-04
[epoch 037 step 014600] loss=0.05691 lr=2.000e-04
[epoch 037 step 014700] loss=0.05247 lr=2.000e-04
[epoch 037 step 014800] loss=0.06739 lr=2.000e-04
[epoch 038 step 014900] loss=0.05642 lr=2.000e-04
[epoch 038 step 015000] loss=0.06191 lr=2.000e-04
[epoch 038 step 015100] loss=0.05562 lr=2.000e-04
[epoch 038 step 015200] loss=0.06742 lr=2.000e-04
[epoch 039 step 015300] loss=0.05669 lr=2.000e-04
[epoch 039 step 015400] loss=0.05707 lr=2.000e-04
[epoch 039 step 015500] loss=0.06072 lr=2.000e-04
[epoch 040 step 015600] loss=0.06743 lr=2.000e-04
[epoch 040 step 015700] loss=0.06062 lr=2.000e-04
[epoch 040 step 015800] loss=0.05533 lr=2.000e-04
[epoch 040 step 015900] loss=0.05591 lr=2.000e-04
[epoch 041 step 016000] loss=0.05851 lr=2.000e-04
[epoch 041 attempt 016071] optimizer step skipped; scaler=2097152.0
[epoch 041 step 016100] loss=0.05098 lr=2.000e-04
[epoch 041 step 016200] loss=0.07418 lr=2.000e-04
[epoch 041 step 016300] loss=0.06860 lr=2.000e-04
[epoch 042 step 016400] loss=0.05809 lr=2.000e-04
[epoch 042 step 016500] loss=0.05990 lr=2.000e-04
[epoch 042 step 016600] loss=0.04228 lr=2.000e-04
[epoch 042 step 016700] loss=0.05677 lr=2.000e-04
[epoch 043 step 016800] loss=0.06161 lr=2.000e-04
[epoch 043 step 016900] loss=0.06037 lr=2.000e-04
[epoch 043 step 017000] loss=0.03994 lr=2.000e-04
[epoch 043 step 017100] loss=0.04897 lr=2.000e-04
[epoch 044 step 017200] loss=0.05955 lr=2.000e-04
[epoch 044 step 017300] loss=0.04879 lr=2.000e-04
[epoch 044 step 017400] loss=0.05680 lr=2.000e-04
[epoch 044 step 017500] loss=0.05030 lr=2.000e-04
[epoch 045 step 017600] loss=0.04524 lr=2.000e-04
[epoch 045 step 017700] loss=0.06983 lr=2.000e-04
[epoch 045 step 017800] loss=0.04588 lr=2.000e-04
[epoch 045 step 017900] loss=0.04729 lr=2.000e-04
[epoch 046 step 018000] loss=0.04764 lr=2.000e-04
[epoch 046 step 018100] loss=0.05264 lr=2.000e-04
[epoch 046 attempt 018107] optimizer step skipped; scaler=2097152.0
[epoch 046 step 018200] loss=0.05587 lr=2.000e-04
[epoch 046 step 018300] loss=0.06496 lr=2.000e-04
[epoch 047 step 018400] loss=0.05963 lr=2.000e-04
[epoch 047 step 018500] loss=0.06430 lr=2.000e-04
[epoch 047 step 018600] loss=0.06303 lr=2.000e-04
[epoch 047 step 018700] loss=0.05944 lr=2.000e-04
[epoch 048 step 018800] loss=0.05846 lr=2.000e-04
[epoch 048 step 018900] loss=0.04907 lr=2.000e-04
[epoch 048 step 019000] loss=0.05332 lr=2.000e-04
[epoch 048 step 019100] loss=0.06149 lr=2.000e-04
[epoch 049 step 019200] loss=0.07566 lr=2.000e-04
[epoch 049 step 019300] loss=0.07119 lr=2.000e-04
[epoch 049 step 019400] loss=0.05728 lr=2.000e-04
[epoch 050 step 019500] loss=0.04596 lr=2.000e-04
[epoch 050 step 019600] loss=0.05143 lr=2.000e-04
[epoch 050 step 019700] loss=0.04350 lr=2.000e-04
[epoch 050 step 019800] loss=0.04664 lr=2.000e-04
[epoch 051 step 019900] loss=0.04792 lr=2.000e-04
[epoch 051 step 020000] loss=0.05767 lr=2.000e-04
[epoch 051 step 020100] loss=0.06567 lr=2.000e-04
[epoch 051 attempt 020125] optimizer step skipped; scaler=2097152.0
[epoch 051 step 020200] loss=0.05535 lr=2.000e-04
[epoch 052 step 020300] loss=0.05421 lr=2.000e-04
[epoch 052 step 020400] loss=0.05633 lr=2.000e-04
[epoch 052 step 020500] loss=0.05491 lr=2.000e-04
[epoch 052 step 020600] loss=0.07103 lr=2.000e-04
[epoch 053 step 020700] loss=0.05750 lr=2.000e-04
[epoch 053 step 020800] loss=0.06053 lr=2.000e-04
[epoch 053 step 020900] loss=0.06922 lr=2.000e-04
[epoch 053 step 021000] loss=0.06365 lr=2.000e-04
[epoch 054 step 021100] loss=0.05011 lr=2.000e-04
[epoch 054 step 021200] loss=0.05069 lr=2.000e-04
[epoch 054 step 021300] loss=0.05260 lr=2.000e-04
[epoch 054 step 021400] loss=0.05809 lr=2.000e-04
[epoch 055 step 021500] loss=0.05895 lr=2.000e-04
[epoch 055 step 021600] loss=0.06009 lr=2.000e-04
[epoch 055 step 021700] loss=0.04700 lr=2.000e-04
[epoch 055 step 021800] loss=0.05255 lr=2.000e-04
[epoch 056 step 021900] loss=0.05553 lr=2.000e-04
[epoch 056 step 022000] loss=0.05111 lr=2.000e-04
[epoch 056 step 022100] loss=0.06276 lr=2.000e-04
[epoch 056 attempt 022146] optimizer step skipped; scaler=2097152.0
[epoch 056 step 022200] loss=0.07399 lr=2.000e-04
[epoch 057 step 022300] loss=0.05171 lr=2.000e-04
[epoch 057 step 022400] loss=0.05903 lr=2.000e-04
[epoch 057 step 022500] loss=0.05999 lr=2.000e-04
[epoch 057 step 022600] loss=0.05610 lr=2.000e-04
[epoch 058 step 022700] loss=0.05982 lr=2.000e-04
[epoch 058 step 022800] loss=0.06772 lr=2.000e-04
[epoch 058 step 022900] loss=0.05465 lr=2.000e-04
[epoch 058 step 023000] loss=0.05282 lr=2.000e-04
[epoch 059 step 023100] loss=0.04585 lr=2.000e-04
[epoch 059 step 023200] loss=0.04715 lr=2.000e-04
[epoch 059 step 023300] loss=0.06088 lr=2.000e-04
[epoch 060 step 023400] loss=0.05563 lr=2.000e-04
[epoch 060 step 023500] loss=0.05532 lr=2.000e-04
[epoch 060 step 023600] loss=0.05784 lr=2.000e-04
[epoch 060 step 023700] loss=0.05865 lr=2.000e-04
[epoch 061 step 023800] loss=0.05724 lr=2.000e-04
[epoch 061 step 023900] loss=0.06013 lr=2.000e-04
[epoch 061 step 024000] loss=0.04968 lr=2.000e-04
[epoch 061 step 024100] loss=0.04863 lr=2.000e-04
[epoch 061 attempt 024149] optimizer step skipped; scaler=2097152.0
[epoch 062 step 024200] loss=0.07092 lr=2.000e-04
[epoch 062 step 024300] loss=0.06641 lr=2.000e-04
[epoch 062 step 024400] loss=0.06401 lr=2.000e-04
[epoch 062 step 024500] loss=0.05537 lr=2.000e-04
[epoch 063 step 024600] loss=0.05079 lr=2.000e-04
[epoch 063 step 024700] loss=0.04923 lr=2.000e-04
[epoch 063 step 024800] loss=0.05540 lr=2.000e-04
[epoch 063 step 024900] loss=0.05611 lr=2.000e-04
[epoch 064 step 025000] loss=0.05292 lr=2.000e-04
[epoch 064 step 025100] loss=0.04503 lr=2.000e-04
[epoch 064 step 025200] loss=0.06307 lr=2.000e-04
[epoch 064 step 025300] loss=0.05587 lr=2.000e-04
[epoch 065 step 025400] loss=0.05723 lr=2.000e-04
[epoch 065 step 025500] loss=0.05299 lr=2.000e-04
[epoch 065 step 025600] loss=0.05777 lr=2.000e-04
[epoch 065 step 025700] loss=0.06266 lr=2.000e-04
[epoch 066 step 025800] loss=0.06788 lr=2.000e-04
[epoch 066 step 025900] loss=0.03856 lr=2.000e-04
[epoch 066 step 026000] loss=0.07332 lr=2.000e-04
[epoch 066 step 026100] loss=0.06540 lr=2.000e-04
[epoch 067 attempt 026175] optimizer step skipped; scaler=2097152.0
[epoch 067 step 026200] loss=0.05114 lr=2.000e-04
[epoch 067 step 026300] loss=0.04870 lr=2.000e-04
[epoch 067 step 026400] loss=0.05570 lr=2.000e-04
[epoch 067 step 026500] loss=0.06001 lr=2.000e-04
[epoch 068 step 026600] loss=0.04939 lr=2.000e-04
[epoch 068 step 026700] loss=0.04693 lr=2.000e-04
[epoch 068 step 026800] loss=0.06332 lr=2.000e-04
[epoch 068 step 026900] loss=0.07052 lr=2.000e-04
[epoch 069 step 027000] loss=0.05405 lr=2.000e-04
[epoch 069 step 027100] loss=0.04379 lr=2.000e-04
[epoch 069 step 027200] loss=0.05766 lr=2.000e-04
[epoch 070 step 027300] loss=0.05407 lr=2.000e-04
[epoch 070 step 027400] loss=0.05729 lr=2.000e-04
[epoch 070 step 027500] loss=0.04377 lr=2.000e-04
[epoch 070 step 027600] loss=0.05817 lr=2.000e-04
[epoch 071 step 027700] loss=0.04044 lr=2.000e-04
[epoch 071 step 027800] loss=0.05501 lr=2.000e-04
[epoch 071 step 027900] loss=0.04775 lr=2.000e-04
[epoch 071 step 028000] loss=0.05654 lr=2.000e-04
[epoch 072 step 028100] loss=0.05172 lr=2.000e-04
[epoch 072 step 028200] loss=0.07059 lr=2.000e-04
[epoch 072 attempt 028286] optimizer step skipped; scaler=2097152.0
[epoch 072 step 028300] loss=0.06112 lr=2.000e-04
[epoch 072 step 028400] loss=0.04870 lr=2.000e-04
[epoch 073 step 028500] loss=0.05987 lr=2.000e-04
[epoch 073 step 028600] loss=0.04280 lr=2.000e-04
[epoch 073 step 028700] loss=0.04349 lr=2.000e-04
[epoch 073 step 028800] loss=0.05079 lr=2.000e-04
[epoch 074 step 028900] loss=0.05351 lr=2.000e-04
[epoch 074 step 029000] loss=0.05552 lr=2.000e-04
[epoch 074 step 029100] loss=0.05127 lr=2.000e-04
[epoch 074 step 029200] loss=0.05703 lr=2.000e-04
[epoch 075 step 029300] loss=0.05750 lr=2.000e-04
[epoch 075 step 029400] loss=0.05631 lr=2.000e-04
[epoch 075 step 029500] loss=0.05063 lr=2.000e-04
[epoch 075 step 029600] loss=0.05227 lr=2.000e-04
[epoch 076 step 029700] loss=0.05765 lr=2.000e-04
[epoch 076 step 029800] loss=0.06646 lr=2.000e-04
[epoch 076 step 029900] loss=0.05383 lr=2.000e-04
[epoch 076 step 030000] loss=0.06015 lr=2.000e-04
[epoch 077 step 030100] loss=0.05271 lr=2.000e-04
[epoch 077 step 030200] loss=0.06477 lr=2.000e-04
[epoch 077 step 030300] loss=0.05917 lr=2.000e-04
[epoch 077 attempt 030322] optimizer step skipped; scaler=2097152.0
[epoch 077 step 030400] loss=0.04896 lr=2.000e-04
[epoch 078 step 030500] loss=0.05538 lr=2.000e-04
[epoch 078 step 030600] loss=0.06112 lr=2.000e-04
[epoch 078 step 030700] loss=0.06259 lr=2.000e-04
[epoch 078 step 030800] loss=0.05867 lr=2.000e-04
[epoch 079 step 030900] loss=0.04974 lr=2.000e-04
[epoch 079 step 031000] loss=0.05757 lr=2.000e-04
[epoch 079 step 031100] loss=0.04906 lr=2.000e-04
[epoch 080 step 031200] loss=0.05607 lr=2.000e-04
[epoch 080 step 031300] loss=0.05855 lr=2.000e-04
[epoch 080 step 031400] loss=0.05824 lr=2.000e-04
[epoch 080 step 031500] loss=0.04691 lr=2.000e-04
[epoch 081 step 031600] loss=0.05187 lr=2.000e-04
[epoch 081 step 031700] loss=0.06165 lr=2.000e-04
[epoch 081 step 031800] loss=0.05520 lr=2.000e-04
[epoch 081 step 031900] loss=0.05899 lr=2.000e-04
[epoch 082 step 032000] loss=0.05974 lr=2.000e-04
[epoch 082 step 032100] loss=0.05743 lr=2.000e-04
[epoch 082 step 032200] loss=0.05208 lr=2.000e-04
[epoch 082 step 032300] loss=0.05119 lr=2.000e-04
[epoch 083 attempt 032394] optimizer step skipped; scaler=2097152.0
[epoch 083 step 032400] loss=0.05264 lr=2.000e-04
[epoch 083 step 032500] loss=0.05753 lr=2.000e-04
[epoch 083 step 032600] loss=0.05859 lr=2.000e-04
[epoch 083 step 032700] loss=0.05545 lr=2.000e-04
[epoch 084 step 032800] loss=0.05918 lr=2.000e-04
[epoch 084 step 032900] loss=0.06110 lr=2.000e-04
[epoch 084 step 033000] loss=0.04682 lr=2.000e-04
[epoch 084 step 033100] loss=0.04611 lr=2.000e-04
[epoch 085 step 033200] loss=0.06052 lr=2.000e-04
[epoch 085 step 033300] loss=0.06305 lr=2.000e-04
[epoch 085 step 033400] loss=0.06707 lr=2.000e-04
[epoch 085 step 033500] loss=0.04412 lr=2.000e-04
[epoch 086 step 033600] loss=0.07085 lr=2.000e-04
[epoch 086 step 033700] loss=0.05472 lr=2.000e-04
[epoch 086 step 033800] loss=0.04692 lr=2.000e-04
[epoch 086 step 033900] loss=0.04949 lr=2.000e-04
[epoch 087 step 034000] loss=0.05912 lr=2.000e-04
[epoch 087 step 034100] loss=0.04822 lr=2.000e-04
[epoch 087 step 034200] loss=0.05293 lr=2.000e-04
[epoch 087 step 034300] loss=0.05329 lr=2.000e-04
[epoch 088 step 034400] loss=0.05385 lr=2.000e-04
[epoch 088 attempt 034471] optimizer step skipped; scaler=2097152.0
[epoch 088 step 034500] loss=0.06417 lr=2.000e-04
[epoch 088 step 034600] loss=0.06707 lr=2.000e-04
[epoch 089 step 034700] loss=0.05457 lr=2.000e-04
[epoch 089 step 034800] loss=0.05132 lr=2.000e-04
[epoch 089 step 034900] loss=0.06700 lr=2.000e-04
[epoch 089 step 035000] loss=0.04930 lr=2.000e-04
[epoch 090 step 035100] loss=0.04367 lr=2.000e-04
[epoch 090 step 035200] loss=0.05495 lr=2.000e-04
[epoch 090 step 035300] loss=0.06238 lr=2.000e-04
[epoch 090 step 035400] loss=0.06328 lr=2.000e-04
[epoch 091 step 035500] loss=0.04145 lr=2.000e-04
[epoch 091 step 035600] loss=0.05941 lr=2.000e-04
[epoch 091 step 035700] loss=0.05693 lr=2.000e-04
[epoch 091 step 035800] loss=0.06223 lr=2.000e-04
[epoch 092 step 035900] loss=0.06568 lr=2.000e-04
[epoch 092 step 036000] loss=0.06110 lr=2.000e-04
[epoch 092 step 036100] loss=0.05078 lr=2.000e-04
[epoch 092 step 036200] loss=0.05029 lr=2.000e-04
[epoch 093 step 036300] loss=0.04528 lr=2.000e-04
[epoch 093 step 036400] loss=0.03916 lr=2.000e-04
[epoch 093 step 036500] loss=0.04554 lr=2.000e-04
[epoch 093 step 036600] loss=0.06155 lr=2.000e-04
[epoch 093 attempt 036634] optimizer step skipped; scaler=2097152.0
[epoch 094 step 036700] loss=0.04726 lr=2.000e-04
[epoch 094 step 036800] loss=0.07227 lr=2.000e-04
[epoch 094 step 036900] loss=0.05454 lr=2.000e-04
[epoch 094 step 037000] loss=0.05925 lr=2.000e-04
[epoch 095 step 037100] loss=0.06541 lr=2.000e-04
[epoch 095 step 037200] loss=0.05476 lr=2.000e-04
[epoch 095 step 037300] loss=0.04999 lr=2.000e-04
[epoch 095 step 037400] loss=0.05165 lr=2.000e-04
[epoch 096 step 037500] loss=0.04798 lr=2.000e-04
[epoch 096 step 037600] loss=0.05931 lr=2.000e-04
[epoch 096 step 037700] loss=0.05806 lr=2.000e-04
[epoch 096 step 037800] loss=0.06080 lr=2.000e-04
[epoch 097 step 037900] loss=0.05086 lr=2.000e-04
[epoch 097 step 038000] loss=0.06838 lr=2.000e-04
[epoch 097 step 038100] loss=0.05316 lr=2.000e-04
[epoch 097 step 038200] loss=0.05161 lr=2.000e-04
[epoch 098 step 038300] loss=0.05816 lr=2.000e-04
[epoch 098 step 038400] loss=0.05641 lr=2.000e-04
[epoch 098 step 038500] loss=0.04731 lr=2.000e-04
[epoch 099 step 038600] loss=0.05962 lr=2.000e-04
[epoch 099 attempt 038677] optimizer step skipped; scaler=2097152.0
[epoch 099 step 038700] loss=0.05190 lr=2.000e-04
[epoch 099 step 038800] loss=0.05386 lr=2.000e-04
[epoch 099 step 038900] loss=0.05766 lr=2.000e-04
[epoch 100 step 039000] loss=0.05740 lr=2.000e-04
[epoch 100 step 039100] loss=0.04352 lr=2.000e-04
[epoch 100 step 039200] loss=0.06578 lr=2.000e-04
[epoch 100 step 039300] loss=0.04653 lr=2.000e-04
[epoch 101 step 039400] loss=0.04767 lr=2.000e-04
[epoch 101 step 039500] loss=0.05273 lr=2.000e-04
[epoch 101 step 039600] loss=0.04643 lr=2.000e-04
[epoch 101 step 039700] loss=0.05454 lr=2.000e-04
[epoch 102 step 039800] loss=0.04902 lr=2.000e-04
[epoch 102 step 039900] loss=0.04317 lr=2.000e-04
[epoch 102 step 040000] loss=0.05649 lr=2.000e-04
[epoch 102 step 040100] loss=0.05641 lr=2.000e-04
[epoch 103 step 040200] loss=0.03926 lr=2.000e-04
[epoch 103 step 040300] loss=0.06217 lr=2.000e-04
[epoch 103 step 040400] loss=0.05690 lr=2.000e-04
[epoch 103 step 040500] loss=0.05246 lr=2.000e-04
[epoch 104 step 040600] loss=0.04291 lr=2.000e-04
[epoch 104 attempt 040695] optimizer step skipped; scaler=2097152.0
[epoch 104 step 040700] loss=0.04825 lr=2.000e-04
[epoch 104 step 040800] loss=0.04762 lr=2.000e-04
[epoch 104 step 040900] loss=0.06130 lr=2.000e-04
[epoch 105 step 041000] loss=0.05464 lr=2.000e-04
[epoch 105 step 041100] loss=0.04949 lr=2.000e-04
[epoch 105 step 041200] loss=0.04740 lr=2.000e-04
[epoch 105 step 041300] loss=0.05434 lr=2.000e-04
[epoch 106 step 041400] loss=0.05999 lr=2.000e-04
[epoch 106 step 041500] loss=0.05388 lr=2.000e-04
[epoch 106 step 041600] loss=0.04228 lr=2.000e-04
[epoch 106 step 041700] loss=0.04842 lr=2.000e-04
[epoch 107 step 041800] loss=0.06233 lr=2.000e-04
[epoch 107 step 041900] loss=0.05045 lr=2.000e-04
[epoch 107 step 042000] loss=0.05648 lr=2.000e-04
[epoch 107 step 042100] loss=0.05964 lr=2.000e-04
[epoch 108 step 042200] loss=0.05052 lr=2.000e-04
[epoch 108 step 042300] loss=0.05535 lr=2.000e-04
[epoch 108 step 042400] loss=0.06107 lr=2.000e-04
[epoch 109 step 042500] loss=0.04595 lr=2.000e-04
[epoch 109 step 042600] loss=0.05235 lr=2.000e-04
[epoch 109 step 042700] loss=0.05323 lr=2.000e-04
[epoch 109 attempt 042797] optimizer step skipped; scaler=2097152.0
[epoch 109 step 042800] loss=0.04860 lr=2.000e-04
[epoch 110 step 042900] loss=0.05592 lr=2.000e-04
[epoch 110 step 043000] loss=0.06300 lr=2.000e-04
[epoch 110 step 043100] loss=0.06494 lr=2.000e-04
[epoch 110 step 043200] loss=0.06719 lr=2.000e-04
[epoch 111 step 043300] loss=0.05012 lr=2.000e-04
[epoch 111 step 043400] loss=0.04576 lr=2.000e-04
[epoch 111 step 043500] loss=0.06807 lr=2.000e-04
[epoch 111 step 043600] loss=0.06181 lr=2.000e-04
[epoch 112 step 043700] loss=0.04226 lr=2.000e-04
[epoch 112 step 043800] loss=0.04708 lr=2.000e-04
[epoch 112 step 043900] loss=0.05139 lr=2.000e-04
[epoch 112 step 044000] loss=0.04858 lr=2.000e-04
[epoch 113 step 044100] loss=0.05246 lr=2.000e-04
[epoch 113 step 044200] loss=0.04851 lr=2.000e-04
[epoch 113 step 044300] loss=0.04857 lr=2.000e-04
[epoch 113 step 044400] loss=0.07043 lr=2.000e-04
[epoch 114 step 044500] loss=0.04452 lr=2.000e-04
[epoch 114 step 044600] loss=0.05736 lr=2.000e-04
[epoch 114 step 044700] loss=0.04551 lr=2.000e-04
[epoch 114 attempt 044802] optimizer step skipped; scaler=2097152.0
[epoch 114 step 044800] loss=0.04671 lr=2.000e-04
[epoch 115 step 044900] loss=0.05712 lr=2.000e-04
[epoch 115 step 045000] loss=0.05714 lr=2.000e-04
[epoch 115 step 045100] loss=0.04851 lr=2.000e-04
[epoch 115 step 045200] loss=0.04486 lr=2.000e-04
[epoch 116 step 045300] loss=0.04937 lr=2.000e-04
[epoch 116 step 045400] loss=0.05339 lr=2.000e-04
[epoch 116 step 045500] loss=0.06203 lr=2.000e-04
[epoch 116 step 045600] loss=0.06181 lr=2.000e-04
[epoch 117 step 045700] loss=0.04869 lr=2.000e-04
[epoch 117 step 045800] loss=0.04196 lr=2.000e-04
[epoch 117 step 045900] loss=0.04197 lr=2.000e-04
[epoch 117 step 046000] loss=0.05130 lr=2.000e-04
[epoch 118 step 046100] loss=0.06167 lr=2.000e-04
[epoch 118 step 046200] loss=0.05559 lr=2.000e-04
[epoch 118 step 046300] loss=0.05596 lr=2.000e-04
[epoch 119 step 046400] loss=0.05325 lr=2.000e-04
[epoch 119 step 046500] loss=0.05818 lr=2.000e-04
[epoch 119 step 046600] loss=0.06061 lr=2.000e-04
[epoch 119 step 046700] loss=0.04922 lr=2.000e-04
[epoch 120 step 046800] loss=0.05786 lr=2.000e-04
[epoch 120 step 046900] loss=0.04610 lr=2.000e-04
[epoch 120 attempt 046983] optimizer step skipped; scaler=2097152.0
[epoch 120 step 047000] loss=0.05798 lr=2.000e-04
[epoch 120 step 047100] loss=0.05345 lr=2.000e-04
[epoch 121 step 047200] loss=0.04521 lr=2.000e-04
[epoch 121 step 047300] loss=0.05677 lr=2.000e-04
[epoch 121 step 047400] loss=0.06474 lr=2.000e-04
[epoch 121 step 047500] loss=0.05217 lr=2.000e-04
[epoch 122 step 047600] loss=0.04984 lr=2.000e-04
[epoch 122 step 047700] loss=0.06748 lr=2.000e-04
[epoch 122 step 047800] loss=0.05608 lr=2.000e-04
[epoch 122 step 047900] loss=0.06002 lr=2.000e-04
[epoch 123 step 048000] loss=0.04834 lr=2.000e-04
[epoch 123 step 048100] loss=0.06007 lr=2.000e-04
[epoch 123 step 048200] loss=0.05375 lr=2.000e-04
[epoch 123 step 048300] loss=0.05665 lr=2.000e-04
[epoch 124 step 048400] loss=0.04404 lr=2.000e-04
[epoch 124 step 048500] loss=0.05666 lr=2.000e-04
[epoch 124 step 048600] loss=0.04531 lr=2.000e-04
[epoch 124 step 048700] loss=0.05172 lr=2.000e-04
[epoch 125 step 048800] loss=0.05193 lr=2.000e-04
[epoch 125 step 048900] loss=0.05877 lr=2.000e-04
[epoch 125 step 049000] loss=0.04989 lr=2.000e-04
[epoch 125 step 049100] loss=0.04798 lr=2.000e-04
[epoch 126 attempt 049172] optimizer step skipped; scaler=2097152.0
[epoch 126 step 049200] loss=0.05769 lr=2.000e-04
[epoch 126 step 049300] loss=0.05719 lr=2.000e-04
[epoch 126 step 049400] loss=0.06023 lr=2.000e-04
[epoch 126 step 049500] loss=0.04689 lr=2.000e-04
[epoch 127 step 049600] loss=0.06148 lr=2.000e-04
[epoch 127 step 049700] loss=0.04855 lr=2.000e-04
[epoch 127 step 049800] loss=0.06137 lr=2.000e-04
[epoch 127 step 049900] loss=0.05824 lr=2.000e-04
[epoch 128 step 050000] loss=0.05196 lr=2.000e-04
[epoch 128 step 050100] loss=0.07303 lr=2.000e-04
[epoch 128 step 050200] loss=0.05817 lr=2.000e-04
[epoch 129 step 050300] loss=0.07209 lr=2.000e-04
[epoch 129 step 050400] loss=0.05567 lr=2.000e-04
[epoch 129 step 050500] loss=0.06129 lr=2.000e-04
[epoch 129 step 050600] loss=0.06767 lr=2.000e-04
[epoch 130 step 050700] loss=0.04493 lr=2.000e-04
[epoch 130 step 050800] loss=0.06010 lr=2.000e-04
[epoch 130 step 050900] loss=0.04148 lr=2.000e-04
[epoch 130 step 051000] loss=0.05214 lr=2.000e-04
[epoch 131 step 051100] loss=0.05008 lr=2.000e-04
[epoch 131 attempt 051187] optimizer step skipped; scaler=2097152.0
[epoch 131 step 051200] loss=0.04842 lr=2.000e-04
[epoch 131 step 051300] loss=0.06200 lr=2.000e-04
[epoch 131 step 051400] loss=0.04629 lr=2.000e-04
[epoch 132 step 051500] loss=0.05948 lr=2.000e-04
[epoch 132 step 051600] loss=0.06153 lr=2.000e-04
[epoch 132 step 051700] loss=0.05122 lr=2.000e-04
[epoch 132 step 051800] loss=0.06114 lr=2.000e-04
[epoch 133 step 051900] loss=0.06364 lr=2.000e-04
[epoch 133 step 052000] loss=0.04874 lr=2.000e-04
[epoch 133 step 052100] loss=0.05997 lr=2.000e-04
[epoch 133 step 052200] loss=0.04716 lr=2.000e-04
[epoch 134 step 052300] loss=0.04551 lr=2.000e-04
[epoch 134 step 052400] loss=0.05507 lr=2.000e-04
[epoch 134 step 052500] loss=0.05783 lr=2.000e-04
[epoch 134 step 052600] loss=0.06369 lr=2.000e-04
[epoch 135 step 052700] loss=0.04721 lr=2.000e-04
[epoch 135 step 052800] loss=0.04459 lr=2.000e-04
[epoch 135 step 052900] loss=0.06549 lr=2.000e-04
[epoch 135 step 053000] loss=0.05847 lr=2.000e-04
[epoch 136 step 053100] loss=0.05638 lr=2.000e-04
[epoch 136 step 053200] loss=0.05778 lr=2.000e-04
[epoch 136 attempt 053306] optimizer step skipped; scaler=2097152.0
[epoch 136 step 053300] loss=0.05308 lr=2.000e-04
[epoch 136 step 053400] loss=0.05388 lr=2.000e-04
[epoch 137 step 053500] loss=0.05991 lr=2.000e-04
[epoch 137 step 053600] loss=0.05715 lr=2.000e-04
[epoch 137 step 053700] loss=0.05655 lr=2.000e-04
[epoch 138 step 053800] loss=0.05641 lr=2.000e-04
[epoch 138 step 053900] loss=0.04925 lr=2.000e-04
[epoch 138 step 054000] loss=0.05491 lr=2.000e-04
[epoch 138 step 054100] loss=0.04050 lr=2.000e-04
[epoch 139 step 054200] loss=0.05699 lr=2.000e-04
[epoch 139 step 054300] loss=0.04603 lr=2.000e-04
[epoch 139 step 054400] loss=0.05669 lr=2.000e-04
[epoch 139 step 054500] loss=0.04837 lr=2.000e-04
[epoch 140 step 054600] loss=0.06178 lr=2.000e-04
[epoch 140 step 054700] loss=0.04679 lr=2.000e-04
[epoch 140 step 054800] loss=0.05544 lr=2.000e-04
[epoch 140 step 054900] loss=0.05900 lr=2.000e-04
[epoch 141 step 055000] loss=0.05125 lr=2.000e-04
[epoch 141 step 055100] loss=0.05456 lr=2.000e-04
[epoch 141 step 055200] loss=0.05074 lr=2.000e-04
[epoch 141 step 055300] loss=0.04426 lr=2.000e-04
[epoch 142 attempt 055383] optimizer step skipped; scaler=2097152.0
[epoch 142 step 055400] loss=0.05074 lr=2.000e-04
[epoch 142 step 055500] loss=0.05393 lr=2.000e-04
[epoch 142 step 055600] loss=0.04911 lr=2.000e-04
[epoch 142 step 055700] loss=0.05177 lr=2.000e-04
[epoch 143 step 055800] loss=0.05514 lr=2.000e-04
[epoch 143 step 055900] loss=0.06419 lr=2.000e-04
[epoch 143 step 056000] loss=0.05002 lr=2.000e-04
[epoch 143 step 056100] loss=0.04600 lr=2.000e-04
[epoch 144 step 056200] loss=0.06560 lr=2.000e-04
[epoch 144 step 056300] loss=0.05091 lr=2.000e-04
[epoch 144 step 056400] loss=0.05417 lr=2.000e-04
[epoch 144 step 056500] loss=0.06151 lr=2.000e-04
[epoch 145 step 056600] loss=0.05359 lr=2.000e-04
[epoch 145 step 056700] loss=0.05969 lr=2.000e-04
[epoch 145 step 056800] loss=0.05797 lr=2.000e-04
[epoch 145 step 056900] loss=0.06393 lr=2.000e-04
[epoch 146 step 057000] loss=0.05256 lr=2.000e-04
[epoch 146 step 057100] loss=0.05427 lr=2.000e-04
[epoch 146 step 057200] loss=0.04581 lr=2.000e-04
[epoch 146 step 057300] loss=0.06492 lr=2.000e-04
[epoch 147 step 057400] loss=0.07083 lr=2.000e-04
[epoch 147 step 057500] loss=0.05027 lr=2.000e-04
[epoch 147 attempt 057542] optimizer step skipped; scaler=2097152.0
[epoch 147 step 057600] loss=0.06307 lr=2.000e-04
[epoch 148 step 057700] loss=0.05559 lr=2.000e-04
[epoch 148 step 057800] loss=0.05848 lr=2.000e-04
[epoch 148 step 057900] loss=0.05045 lr=2.000e-04
[epoch 148 step 058000] loss=0.05776 lr=2.000e-04
[epoch 149 step 058100] loss=0.04084 lr=2.000e-04
[epoch 149 step 058200] loss=0.04104 lr=2.000e-04
[epoch 149 step 058300] loss=0.04594 lr=2.000e-04
[epoch 149 step 058400] loss=0.05672 lr=2.000e-04
[epoch 150 step 058500] loss=0.05747 lr=2.000e-04
[epoch 150 step 058600] loss=0.04706 lr=2.000e-04
[epoch 150 step 058700] loss=0.06010 lr=2.000e-04
[epoch 150 step 058800] loss=0.05658 lr=1.999e-04
[epoch 151 step 058900] loss=0.05384 lr=1.998e-04
[epoch 151 step 059000] loss=0.06339 lr=1.997e-04
[epoch 151 step 059100] loss=0.05188 lr=1.996e-04
[epoch 151 step 059200] loss=0.05284 lr=1.994e-04
[epoch 152 step 059300] loss=0.05429 lr=1.993e-04
[epoch 152 step 059400] loss=0.05320 lr=1.991e-04
[epoch 152 step 059500] loss=0.05010 lr=1.988e-04
[epoch 152 step 059600] loss=0.04476 lr=1.986e-04
[epoch 153 attempt 059683] optimizer step skipped; scaler=2097152.0
[epoch 153 step 059700] loss=0.05434 lr=1.983e-04
[epoch 153 step 059800] loss=0.05590 lr=1.980e-04
[epoch 153 step 059900] loss=0.04969 lr=1.977e-04
[epoch 153 step 060000] loss=0.05877 lr=1.974e-04
[epoch 154 step 060100] loss=0.05531 lr=1.970e-04
[epoch 154 step 060200] loss=0.04603 lr=1.966e-04
[epoch 154 step 060300] loss=0.05602 lr=1.962e-04
[epoch 154 step 060400] loss=0.06394 lr=1.958e-04
[epoch 155 step 060500] loss=0.05159 lr=1.954e-04
[epoch 155 step 060600] loss=0.07176 lr=1.949e-04
[epoch 155 step 060700] loss=0.05168 lr=1.944e-04
[epoch 155 step 060800] loss=0.05825 lr=1.939e-04
[epoch 156 step 060900] loss=0.05476 lr=1.934e-04
[epoch 156 step 061000] loss=0.04691 lr=1.928e-04
[epoch 156 step 061100] loss=0.05540 lr=1.922e-04
[epoch 156 step 061200] loss=0.04585 lr=1.916e-04
[epoch 157 step 061300] loss=0.06459 lr=1.910e-04
[epoch 157 step 061400] loss=0.05551 lr=1.904e-04
[epoch 157 step 061500] loss=0.06701 lr=1.897e-04
[epoch 158 step 061600] loss=0.05813 lr=1.890e-04
[epoch 158 step 061700] loss=0.05552 lr=1.883e-04
[epoch 158 attempt 061759] optimizer step skipped; scaler=2097152.0
[epoch 158 step 061800] loss=0.04878 lr=1.876e-04
[epoch 158 step 061900] loss=0.04082 lr=1.868e-04
[epoch 159 step 062000] loss=0.05784 lr=1.861e-04
[epoch 159 step 062100] loss=0.05103 lr=1.853e-04
[epoch 159 step 062200] loss=0.05963 lr=1.845e-04
[epoch 159 step 062300] loss=0.04789 lr=1.837e-04
[epoch 160 step 062400] loss=0.07081 lr=1.828e-04
[epoch 160 step 062500] loss=0.05861 lr=1.820e-04
[epoch 160 step 062600] loss=0.05073 lr=1.811e-04
[epoch 160 step 062700] loss=0.05191 lr=1.802e-04
[epoch 161 step 062800] loss=0.05018 lr=1.793e-04
[epoch 161 step 062900] loss=0.05714 lr=1.783e-04
[epoch 161 step 063000] loss=0.05228 lr=1.774e-04
[epoch 161 step 063100] loss=0.04793 lr=1.764e-04
[epoch 162 step 063200] loss=0.04943 lr=1.754e-04
[epoch 162 step 063300] loss=0.04756 lr=1.744e-04
[epoch 162 step 063400] loss=0.06138 lr=1.734e-04
[epoch 162 step 063500] loss=0.05555 lr=1.724e-04
[epoch 163 step 063600] loss=0.04617 lr=1.713e-04
[epoch 163 step 063700] loss=0.05770 lr=1.702e-04
[epoch 163 step 063800] loss=0.05833 lr=1.691e-04
[epoch 163 step 063900] loss=0.05052 lr=1.680e-04
[epoch 164 attempt 064007] optimizer step skipped; scaler=2097152.0
[epoch 164 step 064000] loss=0.05150 lr=1.669e-04
[epoch 164 step 064100] loss=0.05332 lr=1.658e-04
[epoch 164 step 064200] loss=0.04884 lr=1.647e-04
[epoch 164 step 064300] loss=0.05270 lr=1.635e-04
[epoch 165 step 064400] loss=0.05225 lr=1.623e-04
[epoch 165 step 064500] loss=0.05275 lr=1.611e-04
[epoch 165 step 064600] loss=0.05602 lr=1.599e-04
[epoch 165 step 064700] loss=0.04527 lr=1.587e-04
[epoch 166 step 064800] loss=0.05221 lr=1.575e-04
[epoch 166 step 064900] loss=0.05640 lr=1.563e-04
[epoch 166 step 065000] loss=0.04858 lr=1.550e-04
[epoch 166 step 065100] loss=0.06953 lr=1.537e-04
[epoch 167 step 065200] loss=0.05759 lr=1.525e-04
[epoch 167 step 065300] loss=0.05775 lr=1.512e-04
[epoch 167 step 065400] loss=0.04953 lr=1.499e-04
[epoch 168 step 065500] loss=0.05611 lr=1.486e-04
[epoch 168 step 065600] loss=0.04551 lr=1.473e-04
[epoch 168 step 065700] loss=0.05744 lr=1.460e-04
[epoch 168 step 065800] loss=0.06122 lr=1.446e-04
[epoch 169 step 065900] loss=0.04778 lr=1.433e-04
[epoch 169 step 066000] loss=0.05796 lr=1.419e-04
[epoch 169 step 066100] loss=0.05253 lr=1.406e-04
[epoch 169 step 066200] loss=0.05518 lr=1.392e-04
[epoch 170 step 066300] loss=0.05889 lr=1.378e-04
[epoch 170 step 066400] loss=0.05556 lr=1.364e-04
[epoch 170 step 066500] loss=0.06251 lr=1.350e-04
[epoch 170 step 066600] loss=0.04150 lr=1.337e-04
[epoch 171 step 066700] loss=0.05838 lr=1.322e-04
[epoch 171 step 066800] loss=0.05132 lr=1.308e-04
[epoch 171 step 066900] loss=0.07222 lr=1.294e-04
[epoch 171 step 067000] loss=0.05815 lr=1.280e-04
[epoch 172 step 067100] loss=0.05068 lr=1.266e-04
[epoch 172 step 067200] loss=0.05310 lr=1.252e-04
[epoch 172 step 067300] loss=0.06135 lr=1.237e-04
[epoch 172 step 067400] loss=0.06059 lr=1.223e-04
[epoch 173 step 067500] loss=0.06581 lr=1.209e-04
[epoch 173 step 067600] loss=0.04759 lr=1.194e-04
[epoch 173 step 067700] loss=0.05586 lr=1.180e-04
[epoch 173 attempt 067812] optimizer step skipped; scaler=2097152.0
[epoch 173 step 067800] loss=0.04987 lr=1.165e-04
[epoch 174 step 067900] loss=0.05815 lr=1.151e-04
[epoch 174 step 068000] loss=0.04738 lr=1.136e-04
[epoch 174 step 068100] loss=0.04977 lr=1.122e-04
[epoch 174 step 068200] loss=0.04965 lr=1.107e-04
[epoch 175 step 068300] loss=0.03998 lr=1.093e-04
[epoch 175 step 068400] loss=0.04870 lr=1.078e-04
[epoch 175 step 068500] loss=0.05030 lr=1.064e-04
[epoch 175 step 068600] loss=0.05370 lr=1.049e-04
[epoch 176 step 068700] loss=0.05436 lr=1.035e-04
[epoch 176 step 068800] loss=0.05586 lr=1.020e-04
[epoch 176 step 068900] loss=0.04565 lr=1.006e-04
[epoch 176 step 069000] loss=0.05019 lr=9.916e-05
[epoch 177 step 069100] loss=0.04007 lr=9.772e-05
[epoch 177 step 069200] loss=0.05947 lr=9.629e-05
[epoch 177 step 069300] loss=0.06800 lr=9.485e-05
[epoch 178 step 069400] loss=0.05805 lr=9.343e-05
[epoch 178 step 069500] loss=0.05774 lr=9.200e-05
[epoch 178 step 069600] loss=0.06577 lr=9.059e-05
[epoch 178 step 069700] loss=0.05195 lr=8.917e-05
[epoch 179 step 069800] loss=0.05370 lr=8.776e-05
[epoch 179 step 069900] loss=0.05088 lr=8.636e-05
[epoch 179 step 070000] loss=0.06203 lr=8.497e-05
[epoch 179 step 070100] loss=0.04266 lr=8.358e-05
[epoch 180 step 070200] loss=0.04505 lr=8.219e-05
[epoch 180 step 070300] loss=0.04058 lr=8.082e-05
[epoch 180 step 070400] loss=0.06053 lr=7.945e-05
[epoch 180 step 070500] loss=0.05337 lr=7.809e-05
[epoch 181 step 070600] loss=0.05581 lr=7.674e-05
[epoch 181 step 070700] loss=0.05947 lr=7.540e-05
[epoch 181 step 070800] loss=0.04908 lr=7.406e-05
[epoch 181 step 070900] loss=0.05378 lr=7.274e-05
[epoch 182 step 071000] loss=0.04373 lr=7.142e-05
[epoch 182 step 071100] loss=0.06474 lr=7.012e-05
[epoch 182 step 071200] loss=0.05021 lr=6.882e-05
[epoch 182 step 071300] loss=0.07172 lr=6.754e-05
[epoch 183 step 071400] loss=0.05044 lr=6.627e-05
[epoch 183 step 071500] loss=0.05805 lr=6.500e-05
[epoch 183 step 071600] loss=0.05632 lr=6.375e-05
[epoch 183 step 071700] loss=0.05829 lr=6.252e-05
[epoch 184 step 071800] loss=0.05093 lr=6.129e-05
[epoch 184 attempt 071835] optimizer step skipped; scaler=4194304.0
[epoch 184 step 071900] loss=0.04921 lr=6.008e-05
[epoch 184 step 072000] loss=0.05954 lr=5.888e-05
[epoch 184 step 072100] loss=0.05818 lr=5.769e-05
[epoch 185 step 072200] loss=0.05680 lr=5.652e-05
[epoch 185 step 072300] loss=0.04686 lr=5.536e-05
[epoch 185 step 072400] loss=0.04515 lr=5.421e-05
[epoch 185 step 072500] loss=0.04690 lr=5.308e-05
[epoch 186 step 072600] loss=0.04470 lr=5.197e-05
[epoch 186 step 072700] loss=0.05538 lr=5.087e-05
[epoch 186 step 072800] loss=0.05087 lr=4.978e-05
[epoch 186 step 072900] loss=0.05660 lr=4.871e-05
[epoch 187 step 073000] loss=0.05469 lr=4.766e-05
[epoch 187 step 073100] loss=0.06283 lr=4.662e-05
[epoch 187 step 073200] loss=0.05140 lr=4.560e-05
[epoch 188 step 073300] loss=0.05593 lr=4.459e-05
[epoch 188 step 073400] loss=0.05024 lr=4.361e-05
[epoch 188 step 073500] loss=0.05060 lr=4.264e-05
[epoch 188 step 073600] loss=0.04603 lr=4.168e-05
[epoch 189 step 073700] loss=0.05228 lr=4.075e-05
[epoch 189 step 073800] loss=0.05649 lr=3.983e-05
[epoch 189 attempt 073858] optimizer step skipped; scaler=4194304.0
[epoch 189 step 073900] loss=0.05338 lr=3.893e-05
[epoch 189 step 074000] loss=0.05040 lr=3.805e-05
[epoch 190 step 074100] loss=0.05572 lr=3.719e-05
[epoch 190 step 074200] loss=0.05209 lr=3.635e-05
[epoch 190 step 074300] loss=0.05627 lr=3.552e-05
[epoch 190 step 074400] loss=0.07038 lr=3.472e-05
[epoch 191 step 074500] loss=0.04463 lr=3.393e-05
[epoch 191 step 074600] loss=0.04545 lr=3.317e-05
[epoch 191 step 074700] loss=0.06845 lr=3.242e-05
[epoch 191 step 074800] loss=0.04726 lr=3.170e-05
[epoch 192 step 074900] loss=0.05530 lr=3.099e-05
[epoch 192 step 075000] loss=0.05265 lr=3.031e-05
[epoch 192 step 075100] loss=0.05349 lr=2.965e-05
[epoch 192 step 075200] loss=0.05587 lr=2.900e-05
[epoch 193 step 075300] loss=0.04684 lr=2.838e-05
[epoch 193 step 075400] loss=0.05429 lr=2.778e-05
[epoch 193 step 075500] loss=0.06297 lr=2.720e-05
[epoch 193 step 075600] loss=0.05564 lr=2.664e-05
[epoch 194 step 075700] loss=0.05307 lr=2.611e-05
[epoch 194 step 075800] loss=0.04997 lr=2.559e-05
[epoch 194 attempt 075870] optimizer step skipped; scaler=4194304.0
[epoch 194 step 075900] loss=0.05274 lr=2.510e-05
[epoch 194 step 076000] loss=0.05179 lr=2.463e-05
[epoch 195 step 076100] loss=0.04875 lr=2.418e-05
[epoch 195 step 076200] loss=0.04260 lr=2.376e-05
[epoch 195 step 076300] loss=0.04413 lr=2.335e-05
[epoch 195 step 076400] loss=0.05396 lr=2.297e-05
[epoch 196 step 076500] loss=0.05442 lr=2.262e-05
[epoch 196 step 076600] loss=0.04817 lr=2.228e-05
[epoch 196 step 076700] loss=0.05879 lr=2.197e-05
[epoch 196 step 076800] loss=0.05926 lr=2.168e-05
[epoch 197 step 076900] loss=0.05407 lr=2.141e-05
[epoch 197 step 077000] loss=0.05879 lr=2.117e-05
[epoch 197 step 077100] loss=0.04884 lr=2.094e-05
[epoch 198 step 077200] loss=0.05488 lr=2.075e-05
[epoch 198 step 077300] loss=0.05902 lr=2.057e-05
[epoch 198 step 077400] loss=0.04872 lr=2.042e-05
[epoch 198 step 077500] loss=0.05021 lr=2.029e-05
[epoch 199 step 077600] loss=0.05255 lr=2.019e-05
[epoch 199 step 077700] loss=0.04586 lr=2.011e-05
[epoch 199 step 077800] loss=0.04613 lr=2.005e-05
[epoch 199 step 077900] loss=0.04368 lr=2.001e-05
Training complete in 155.0 minutes
[2026-09-18 12:41:02] python -u sample.py --ckpt runs/fid15_r5_late_decay/ckpt/final.pt --num_samples 64 --batch_size 64 --seed 44 --ema_decay 0.9995 --clip_denoised --save_grid --output_dir runs/fid15_r5_late_decay/samples_final_ema9995_clipx0
Generated 64 samples in runs/fid15_r5_late_decay/samples_final_ema9995_clipx0
[2026-09-18 12:41:26] python -u evaluate.py --ckpt runs/fid15_r5_late_decay/ckpt/final.pt --num_samples 5000 --batch_size 64 --real_split train --seed 44 --ema_decay 0.9995 --clip_denoised --data_root ./data
FID @ 5000 samples (EMA_0.9995, real=train): 16.2361
[2026-09-18 13:05:47] python -u evaluate.py --ckpt runs/fid15_r5_late_decay/ckpt/final.pt --num_samples 5000 --batch_size 64 --real_split train --seed 44 --compare_ema --clip_denoised --data_root ./data
FID @ 5000 samples (EMA_0.9990, real=train): 16.3823
FID @ 5000 samples (EMA_0.9995, real=train): 16.2361
FID @ 5000 samples (EMA_0.9999, real=train): 15.4385
FID @ 5000 samples (raw, real=train): 16.1927
EMA comparison written to runs/fid15_r5_late_decay/ckpt/fid_comparison_clipx0.md
[2026-09-18 14:42:33] ===== END R5_late_decay =====
[2026-09-18 14:42:33] ===== START R6_min_snr_late_decay =====
[2026-09-18 14:42:33] python -u train.py --config configs/cifar10_fid15_r6_min_snr_late_decay.yaml
/root/autodl-tmp/diffusion-models-starter-r4/projects/project1_ddpm/train.py:276: FutureWarning: `torch.cuda.amp.GradScaler(args...)` is deprecated. Please use `torch.amp.GradScaler('cuda', args...)` instead.
  scaler = GradScaler(enabled=use_amp and amp_dtype == torch.float16)
/root/autodl-tmp/diffusion-models-starter-r4/projects/project1_ddpm/train.py:343: FutureWarning: `torch.cuda.amp.autocast(args...)` is deprecated. Please use `torch.amp.autocast('cuda', args...)` instead.
  with autocast(enabled=use_amp, dtype=amp_dtype):
[epoch 000 step 000100] loss=0.57113 lr=4.000e-06
[epoch 000 step 000200] loss=0.08874 lr=8.000e-06
[epoch 000 step 000300] loss=0.05722 lr=1.200e-05
[epoch 001 step 000400] loss=0.04879 lr=1.600e-05
[epoch 001 step 000500] loss=0.04071 lr=2.000e-05
[epoch 001 step 000600] loss=0.03687 lr=2.400e-05
[epoch 001 step 000700] loss=0.03643 lr=2.800e-05
[epoch 002 step 000800] loss=0.03557 lr=3.200e-05
[epoch 002 step 000900] loss=0.03470 lr=3.600e-05
[epoch 002 step 001000] loss=0.03205 lr=4.000e-05
[epoch 002 step 001100] loss=0.03343 lr=4.400e-05
[epoch 003 step 001200] loss=0.03440 lr=4.800e-05
[epoch 003 step 001300] loss=0.03043 lr=5.200e-05
[epoch 003 step 001400] loss=0.03106 lr=5.600e-05
[epoch 003 step 001500] loss=0.03102 lr=6.000e-05
[epoch 004 step 001600] loss=0.03012 lr=6.400e-05
[epoch 004 step 001700] loss=0.03133 lr=6.800e-05
[epoch 004 step 001800] loss=0.02541 lr=7.200e-05
[epoch 004 step 001900] loss=0.02727 lr=7.600e-05
[epoch 005 step 002000] loss=0.02344 lr=8.000e-05
[epoch 005 step 002100] loss=0.02335 lr=8.400e-05
[epoch 005 step 002200] loss=0.02518 lr=8.800e-05
[epoch 005 step 002300] loss=0.03020 lr=9.200e-05
[epoch 006 step 002400] loss=0.02827 lr=9.600e-05
[epoch 006 step 002500] loss=0.03217 lr=1.000e-04
[epoch 006 step 002600] loss=0.02408 lr=1.040e-04
[epoch 006 step 002700] loss=0.02701 lr=1.080e-04
[epoch 007 step 002800] loss=0.02786 lr=1.120e-04
[epoch 007 step 002900] loss=0.02718 lr=1.160e-04
[epoch 007 step 003000] loss=0.02972 lr=1.200e-04
[epoch 007 step 003100] loss=0.02800 lr=1.240e-04
[epoch 008 step 003200] loss=0.02751 lr=1.280e-04
[epoch 008 step 003300] loss=0.02644 lr=1.320e-04
[epoch 008 step 003400] loss=0.02478 lr=1.360e-04
[epoch 008 step 003500] loss=0.02743 lr=1.400e-04
[epoch 009 step 003600] loss=0.02683 lr=1.440e-04
[epoch 009 step 003700] loss=0.02538 lr=1.480e-04
[epoch 009 step 003800] loss=0.02791 lr=1.520e-04
[epoch 009 step 003900] loss=0.02236 lr=1.560e-04
[epoch 010 step 004000] loss=0.02707 lr=1.600e-04
[epoch 010 step 004100] loss=0.02512 lr=1.640e-04
[epoch 010 step 004200] loss=0.03143 lr=1.680e-04
[epoch 011 step 004300] loss=0.02448 lr=1.720e-04
[epoch 011 step 004400] loss=0.02601 lr=1.760e-04
[epoch 011 step 004500] loss=0.02301 lr=1.800e-04
[epoch 011 step 004600] loss=0.02589 lr=1.840e-04
[epoch 012 step 004700] loss=0.02641 lr=1.880e-04
[epoch 012 step 004800] loss=0.02694 lr=1.920e-04
[epoch 012 step 004900] loss=0.02721 lr=1.960e-04
[epoch 012 step 005000] loss=0.02677 lr=2.000e-04
[epoch 013 step 005100] loss=0.02921 lr=2.000e-04
[epoch 013 step 005200] loss=0.02799 lr=2.000e-04
[epoch 013 step 005300] loss=0.02310 lr=2.000e-04
[epoch 013 step 005400] loss=0.02470 lr=2.000e-04
[epoch 014 step 005500] loss=0.02363 lr=2.000e-04
[epoch 014 step 005600] loss=0.02464 lr=2.000e-04
[epoch 014 step 005700] loss=0.02421 lr=2.000e-04
[epoch 014 step 005800] loss=0.02505 lr=2.000e-04
[epoch 015 step 005900] loss=0.02573 lr=2.000e-04
[epoch 015 step 006000] loss=0.02765 lr=2.000e-04
[epoch 015 step 006100] loss=0.02488 lr=2.000e-04
[epoch 015 step 006200] loss=0.02570 lr=2.000e-04
[epoch 016 step 006300] loss=0.02729 lr=2.000e-04
[epoch 016 step 006400] loss=0.02412 lr=2.000e-04
[epoch 016 step 006500] loss=0.02636 lr=2.000e-04
[epoch 016 step 006600] loss=0.02563 lr=2.000e-04
[epoch 017 step 006700] loss=0.02391 lr=2.000e-04
[epoch 017 step 006800] loss=0.02161 lr=2.000e-04
[epoch 017 step 006900] loss=0.02564 lr=2.000e-04
[epoch 017 step 007000] loss=0.02224 lr=2.000e-04
[epoch 018 step 007100] loss=0.02590 lr=2.000e-04
[epoch 018 step 007200] loss=0.02517 lr=2.000e-04
[epoch 018 step 007300] loss=0.02419 lr=2.000e-04
[epoch 018 step 007400] loss=0.02318 lr=2.000e-04
[epoch 019 step 007500] loss=0.02719 lr=2.000e-04
[epoch 019 step 007600] loss=0.02553 lr=2.000e-04
[epoch 019 step 007700] loss=0.02623 lr=2.000e-04
[epoch 019 step 007800] loss=0.02446 lr=2.000e-04
[epoch 020 step 007900] loss=0.02314 lr=2.000e-04
[epoch 020 step 008000] loss=0.02467 lr=2.000e-04
[epoch 020 step 008100] loss=0.02463 lr=2.000e-04
[epoch 021 step 008200] loss=0.02269 lr=2.000e-04
[epoch 021 step 008300] loss=0.02293 lr=2.000e-04
[epoch 021 step 008400] loss=0.02616 lr=2.000e-04
[epoch 021 step 008500] loss=0.02432 lr=2.000e-04
[epoch 022 step 008600] loss=0.02386 lr=2.000e-04
[epoch 022 step 008700] loss=0.02101 lr=2.000e-04
[epoch 022 step 008800] loss=0.02418 lr=2.000e-04
[epoch 022 step 008900] loss=0.02195 lr=2.000e-04
[epoch 023 step 009000] loss=0.02587 lr=2.000e-04
[epoch 023 step 009100] loss=0.02596 lr=2.000e-04
[epoch 023 step 009200] loss=0.02536 lr=2.000e-04
[epoch 023 step 009300] loss=0.02794 lr=2.000e-04
[epoch 024 step 009400] loss=0.02511 lr=2.000e-04
[epoch 024 step 009500] loss=0.02531 lr=2.000e-04
[epoch 024 step 009600] loss=0.02596 lr=2.000e-04
[epoch 024 step 009700] loss=0.02218 lr=2.000e-04
[epoch 025 step 009800] loss=0.02706 lr=2.000e-04
[epoch 025 step 009900] loss=0.02406 lr=2.000e-04
[epoch 025 step 010000] loss=0.02498 lr=2.000e-04
[epoch 025 step 010100] loss=0.02497 lr=2.000e-04
[epoch 026 step 010200] loss=0.02400 lr=2.000e-04
[epoch 026 step 010300] loss=0.02595 lr=2.000e-04
[epoch 026 step 010400] loss=0.02455 lr=2.000e-04
[epoch 026 step 010500] loss=0.02244 lr=2.000e-04
[epoch 027 step 010600] loss=0.02795 lr=2.000e-04
[epoch 027 step 010700] loss=0.02769 lr=2.000e-04
[epoch 027 step 010800] loss=0.02583 lr=2.000e-04
[epoch 027 step 010900] loss=0.02502 lr=2.000e-04
[epoch 028 step 011000] loss=0.02495 lr=2.000e-04
[epoch 028 step 011100] loss=0.02635 lr=2.000e-04
[epoch 028 step 011200] loss=0.02657 lr=2.000e-04
[epoch 028 step 011300] loss=0.02376 lr=2.000e-04
[epoch 029 step 011400] loss=0.02405 lr=2.000e-04
[epoch 029 step 011500] loss=0.02644 lr=2.000e-04
[epoch 029 step 011600] loss=0.02798 lr=2.000e-04
[epoch 029 step 011700] loss=0.02260 lr=2.000e-04
[epoch 030 step 011800] loss=0.02167 lr=2.000e-04
[epoch 030 step 011900] loss=0.02627 lr=2.000e-04
[epoch 030 step 012000] loss=0.02334 lr=2.000e-04
[epoch 031 step 012100] loss=0.02401 lr=2.000e-04
[epoch 031 step 012200] loss=0.02623 lr=2.000e-04
[epoch 031 step 012300] loss=0.02208 lr=2.000e-04
[epoch 031 attempt 012361] optimizer step skipped; scaler=2097152.0
[epoch 031 step 012400] loss=0.02108 lr=2.000e-04
[epoch 032 step 012500] loss=0.02777 lr=2.000e-04
[epoch 032 step 012600] loss=0.02135 lr=2.000e-04
[epoch 032 step 012700] loss=0.02371 lr=2.000e-04
[epoch 032 step 012800] loss=0.02341 lr=2.000e-04
[epoch 033 step 012900] loss=0.02581 lr=2.000e-04
[epoch 033 step 013000] loss=0.02587 lr=2.000e-04
[epoch 033 step 013100] loss=0.02197 lr=2.000e-04
[epoch 033 step 013200] loss=0.02592 lr=2.000e-04
[epoch 034 step 013300] loss=0.02271 lr=2.000e-04
[epoch 034 step 013400] loss=0.02846 lr=2.000e-04
[epoch 034 step 013500] loss=0.02515 lr=2.000e-04
[epoch 034 step 013600] loss=0.02406 lr=2.000e-04
[epoch 035 step 013700] loss=0.02574 lr=2.000e-04
[epoch 035 step 013800] loss=0.02730 lr=2.000e-04
[epoch 035 step 013900] loss=0.02585 lr=2.000e-04
[epoch 035 step 014000] loss=0.02559 lr=2.000e-04
[epoch 036 step 014100] loss=0.02619 lr=2.000e-04
[epoch 036 step 014200] loss=0.02114 lr=2.000e-04
[epoch 036 step 014300] loss=0.02409 lr=2.000e-04
[epoch 036 attempt 014393] optimizer step skipped; scaler=2097152.0
[epoch 036 step 014400] loss=0.02745 lr=2.000e-04
[epoch 037 step 014500] loss=0.02612 lr=2.000e-04
[epoch 037 step 014600] loss=0.02469 lr=2.000e-04
[epoch 037 step 014700] loss=0.02873 lr=2.000e-04
[epoch 037 step 014800] loss=0.02352 lr=2.000e-04
[epoch 038 step 014900] loss=0.02803 lr=2.000e-04
[epoch 038 step 015000] loss=0.02817 lr=2.000e-04
[epoch 038 step 015100] loss=0.02415 lr=2.000e-04
[epoch 038 step 015200] loss=0.02584 lr=2.000e-04
[epoch 039 step 015300] loss=0.02794 lr=2.000e-04
[epoch 039 step 015400] loss=0.02604 lr=2.000e-04
[epoch 039 step 015500] loss=0.02122 lr=2.000e-04
[epoch 040 step 015600] loss=0.02303 lr=2.000e-04
[epoch 040 step 015700] loss=0.02761 lr=2.000e-04
[epoch 040 step 015800] loss=0.02742 lr=2.000e-04
[epoch 040 step 015900] loss=0.02654 lr=2.000e-04
[epoch 041 step 016000] loss=0.02718 lr=2.000e-04
[epoch 041 step 016100] loss=0.02452 lr=2.000e-04
[epoch 041 step 016200] loss=0.02350 lr=2.000e-04
[epoch 041 step 016300] loss=0.02593 lr=2.000e-04
[epoch 042 step 016400] loss=0.02674 lr=2.000e-04
[epoch 042 step 016500] loss=0.02258 lr=2.000e-04
[epoch 042 step 016600] loss=0.02220 lr=2.000e-04
[epoch 042 step 016700] loss=0.02672 lr=2.000e-04
[epoch 042 attempt 016760] optimizer step skipped; scaler=2097152.0
[epoch 043 step 016800] loss=0.02122 lr=2.000e-04
[epoch 043 step 016900] loss=0.02518 lr=2.000e-04
[epoch 043 step 017000] loss=0.02041 lr=2.000e-04
[epoch 043 step 017100] loss=0.02698 lr=2.000e-04
[epoch 044 step 017200] loss=0.02626 lr=2.000e-04
[epoch 044 step 017300] loss=0.02336 lr=2.000e-04
[epoch 044 step 017400] loss=0.02398 lr=2.000e-04
[epoch 044 step 017500] loss=0.02599 lr=2.000e-04
[epoch 045 step 017600] loss=0.02063 lr=2.000e-04
[epoch 045 step 017700] loss=0.02546 lr=2.000e-04
[epoch 045 step 017800] loss=0.02149 lr=2.000e-04
[epoch 045 step 017900] loss=0.02458 lr=2.000e-04
[epoch 046 step 018000] loss=0.02482 lr=2.000e-04
[epoch 046 step 018100] loss=0.02310 lr=2.000e-04
[epoch 046 step 018200] loss=0.02384 lr=2.000e-04
[epoch 046 step 018300] loss=0.02621 lr=2.000e-04
[epoch 047 step 018400] loss=0.02425 lr=2.000e-04
[epoch 047 step 018500] loss=0.02560 lr=2.000e-04
[epoch 047 step 018600] loss=0.02769 lr=2.000e-04
[epoch 047 step 018700] loss=0.02571 lr=2.000e-04
[epoch 048 step 018800] loss=0.02365 lr=2.000e-04
[epoch 048 step 018900] loss=0.02412 lr=2.000e-04
[epoch 048 step 019000] loss=0.02342 lr=2.000e-04
[epoch 048 attempt 019066] optimizer step skipped; scaler=2097152.0
[epoch 048 step 019100] loss=0.02338 lr=2.000e-04
[epoch 049 step 019200] loss=0.02154 lr=2.000e-04
[epoch 049 step 019300] loss=0.02707 lr=2.000e-04
[epoch 049 step 019400] loss=0.02778 lr=2.000e-04
[epoch 050 step 019500] loss=0.02195 lr=2.000e-04
[epoch 050 step 019600] loss=0.02527 lr=2.000e-04
[epoch 050 step 019700] loss=0.02360 lr=2.000e-04
[epoch 050 step 019800] loss=0.02620 lr=2.000e-04
[epoch 051 step 019900] loss=0.02384 lr=2.000e-04
[epoch 051 step 020000] loss=0.02289 lr=2.000e-04
[epoch 051 step 020100] loss=0.02326 lr=2.000e-04
[epoch 051 step 020200] loss=0.02127 lr=2.000e-04
[epoch 052 step 020300] loss=0.02577 lr=2.000e-04
[epoch 052 step 020400] loss=0.02534 lr=2.000e-04
[epoch 052 step 020500] loss=0.02336 lr=2.000e-04
[epoch 052 step 020600] loss=0.02336 lr=2.000e-04
[epoch 053 step 020700] loss=0.02160 lr=2.000e-04
[epoch 053 step 020800] loss=0.02179 lr=2.000e-04
[epoch 053 step 020900] loss=0.02380 lr=2.000e-04
[epoch 053 step 021000] loss=0.02458 lr=2.000e-04
[epoch 054 step 021100] loss=0.02245 lr=2.000e-04
[epoch 054 step 021200] loss=0.02223 lr=2.000e-04
[epoch 054 attempt 021239] optimizer step skipped; scaler=2097152.0
[epoch 054 step 021300] loss=0.02445 lr=2.000e-04
[epoch 054 step 021400] loss=0.02523 lr=2.000e-04
[epoch 055 step 021500] loss=0.02233 lr=2.000e-04
[epoch 055 step 021600] loss=0.02710 lr=2.000e-04
[epoch 055 step 021700] loss=0.02421 lr=2.000e-04
[epoch 055 step 021800] loss=0.02578 lr=2.000e-04
[epoch 056 step 021900] loss=0.02442 lr=2.000e-04
[epoch 056 step 022000] loss=0.02616 lr=2.000e-04
[epoch 056 step 022100] loss=0.02261 lr=2.000e-04
[epoch 056 step 022200] loss=0.02305 lr=2.000e-04
[epoch 057 step 022300] loss=0.02405 lr=2.000e-04
[epoch 057 step 022400] loss=0.02559 lr=2.000e-04
[epoch 057 step 022500] loss=0.02699 lr=2.000e-04
[epoch 057 step 022600] loss=0.02445 lr=2.000e-04
[epoch 058 step 022700] loss=0.02445 lr=2.000e-04
[epoch 058 step 022800] loss=0.02103 lr=2.000e-04
[epoch 058 step 022900] loss=0.02163 lr=2.000e-04
[epoch 058 step 023000] loss=0.02262 lr=2.000e-04
[epoch 059 step 023100] loss=0.02346 lr=2.000e-04
[epoch 059 step 023200] loss=0.02277 lr=2.000e-04
[epoch 059 step 023300] loss=0.02734 lr=2.000e-04
[epoch 060 step 023400] loss=0.02549 lr=2.000e-04
[epoch 060 step 023500] loss=0.02305 lr=2.000e-04
[epoch 060 attempt 023605] optimizer step skipped; scaler=2097152.0
[epoch 060 step 023600] loss=0.02794 lr=2.000e-04
[epoch 060 step 023700] loss=0.02218 lr=2.000e-04
[epoch 061 step 023800] loss=0.02440 lr=2.000e-04
[epoch 061 step 023900] loss=0.02501 lr=2.000e-04
[epoch 061 step 024000] loss=0.02225 lr=2.000e-04
[epoch 061 step 024100] loss=0.02586 lr=2.000e-04
[epoch 062 step 024200] loss=0.02427 lr=2.000e-04
[epoch 062 step 024300] loss=0.02537 lr=2.000e-04
[epoch 062 step 024400] loss=0.02252 lr=2.000e-04
[epoch 062 step 024500] loss=0.02430 lr=2.000e-04
[epoch 063 step 024600] loss=0.02391 lr=2.000e-04
[epoch 063 step 024700] loss=0.02510 lr=2.000e-04
[epoch 063 step 024800] loss=0.02137 lr=2.000e-04
[epoch 063 step 024900] loss=0.02316 lr=2.000e-04
[epoch 064 step 025000] loss=0.02247 lr=2.000e-04
[epoch 064 step 025100] loss=0.02040 lr=2.000e-04
[epoch 064 step 025200] loss=0.02477 lr=2.000e-04
[epoch 064 step 025300] loss=0.02608 lr=2.000e-04
[epoch 065 step 025400] loss=0.02458 lr=2.000e-04
[epoch 065 step 025500] loss=0.02531 lr=2.000e-04
[epoch 065 step 025600] loss=0.02407 lr=2.000e-04
[epoch 065 step 025700] loss=0.02550 lr=2.000e-04
[epoch 066 step 025800] loss=0.02178 lr=2.000e-04
[epoch 066 step 025900] loss=0.02179 lr=2.000e-04
[epoch 066 attempt 025975] optimizer step skipped; scaler=2097152.0
[epoch 066 step 026000] loss=0.02322 lr=2.000e-04
[epoch 066 step 026100] loss=0.02638 lr=2.000e-04
[epoch 067 step 026200] loss=0.02496 lr=2.000e-04
[epoch 067 step 026300] loss=0.02586 lr=2.000e-04
[epoch 067 step 026400] loss=0.02458 lr=2.000e-04
[epoch 067 step 026500] loss=0.02109 lr=2.000e-04
[epoch 068 step 026600] loss=0.02401 lr=2.000e-04
[epoch 068 step 026700] loss=0.02250 lr=2.000e-04
[epoch 068 step 026800] loss=0.02685 lr=2.000e-04
[epoch 068 step 026900] loss=0.02385 lr=2.000e-04
[epoch 069 step 027000] loss=0.02483 lr=2.000e-04
[epoch 069 step 027100] loss=0.02199 lr=2.000e-04
[epoch 069 step 027200] loss=0.02438 lr=2.000e-04
[epoch 070 step 027300] loss=0.02315 lr=2.000e-04
[epoch 070 step 027400] loss=0.02552 lr=2.000e-04
[epoch 070 step 027500] loss=0.02611 lr=2.000e-04
[epoch 070 step 027600] loss=0.02161 lr=2.000e-04
[epoch 071 step 027700] loss=0.02355 lr=2.000e-04
[epoch 071 step 027800] loss=0.02437 lr=2.000e-04
[epoch 071 step 027900] loss=0.02657 lr=2.000e-04
[epoch 071 attempt 027981] optimizer step skipped; scaler=2097152.0
[epoch 071 step 028000] loss=0.02126 lr=2.000e-04
[epoch 072 step 028100] loss=0.02226 lr=2.000e-04
[epoch 072 step 028200] loss=0.02593 lr=2.000e-04
[epoch 072 step 028300] loss=0.02382 lr=2.000e-04
[epoch 072 step 028400] loss=0.02276 lr=2.000e-04
[epoch 073 step 028500] loss=0.02833 lr=2.000e-04
[epoch 073 step 028600] loss=0.02518 lr=2.000e-04
[epoch 073 step 028700] loss=0.02386 lr=2.000e-04
[epoch 073 step 028800] loss=0.02504 lr=2.000e-04
[epoch 074 step 028900] loss=0.02578 lr=2.000e-04
[epoch 074 step 029000] loss=0.02214 lr=2.000e-04
[epoch 074 step 029100] loss=0.02923 lr=2.000e-04
[epoch 074 step 029200] loss=0.02407 lr=2.000e-04
[epoch 075 step 029300] loss=0.02511 lr=2.000e-04
[epoch 075 step 029400] loss=0.02535 lr=2.000e-04
[epoch 075 step 029500] loss=0.02701 lr=2.000e-04
[epoch 075 step 029600] loss=0.02498 lr=2.000e-04
[epoch 076 step 029700] loss=0.02602 lr=2.000e-04
[epoch 076 step 029800] loss=0.02285 lr=2.000e-04
[epoch 076 step 029900] loss=0.02700 lr=2.000e-04
[epoch 076 step 030000] loss=0.02564 lr=2.000e-04
[epoch 077 step 030100] loss=0.02641 lr=2.000e-04
[epoch 077 step 030200] loss=0.02302 lr=2.000e-04
[epoch 077 step 030300] loss=0.02397 lr=2.000e-04
[epoch 077 step 030400] loss=0.02425 lr=2.000e-04
[epoch 078 step 030500] loss=0.02247 lr=2.000e-04
[epoch 078 attempt 030517] optimizer step skipped; scaler=2097152.0
[epoch 078 step 030600] loss=0.02756 lr=2.000e-04
[epoch 078 step 030700] loss=0.02619 lr=2.000e-04
[epoch 078 step 030800] loss=0.02472 lr=2.000e-04
[epoch 079 step 030900] loss=0.02435 lr=2.000e-04
[epoch 079 step 031000] loss=0.02254 lr=2.000e-04
[epoch 079 step 031100] loss=0.02290 lr=2.000e-04
[epoch 080 step 031200] loss=0.02450 lr=2.000e-04
[epoch 080 step 031300] loss=0.02488 lr=2.000e-04
[epoch 080 step 031400] loss=0.02314 lr=2.000e-04
[epoch 080 step 031500] loss=0.02742 lr=2.000e-04
[epoch 081 step 031600] loss=0.02225 lr=2.000e-04
[epoch 081 step 031700] loss=0.02295 lr=2.000e-04
[epoch 081 step 031800] loss=0.02146 lr=2.000e-04
[epoch 081 step 031900] loss=0.02546 lr=2.000e-04
[epoch 082 step 032000] loss=0.02286 lr=2.000e-04
[epoch 082 step 032100] loss=0.02557 lr=2.000e-04
[epoch 082 step 032200] loss=0.02730 lr=2.000e-04
[epoch 082 step 032300] loss=0.02314 lr=2.000e-04
[epoch 083 step 032400] loss=0.02187 lr=2.000e-04
[epoch 083 step 032500] loss=0.02299 lr=2.000e-04
[epoch 083 step 032600] loss=0.02415 lr=2.000e-04
[epoch 083 step 032700] loss=0.02349 lr=2.000e-04
[epoch 084 attempt 032806] optimizer step skipped; scaler=2097152.0
[epoch 084 step 032800] loss=0.02655 lr=2.000e-04
[epoch 084 step 032900] loss=0.02567 lr=2.000e-04
[epoch 084 step 033000] loss=0.02279 lr=2.000e-04
[epoch 084 step 033100] loss=0.02467 lr=2.000e-04
[epoch 085 step 033200] loss=0.02373 lr=2.000e-04
[epoch 085 step 033300] loss=0.02535 lr=2.000e-04
[epoch 085 step 033400] loss=0.02599 lr=2.000e-04
[epoch 085 step 033500] loss=0.02552 lr=2.000e-04
[epoch 086 step 033600] loss=0.02154 lr=2.000e-04
[epoch 086 step 033700] loss=0.02535 lr=2.000e-04
[epoch 086 step 033800] loss=0.02688 lr=2.000e-04
[epoch 086 step 033900] loss=0.02617 lr=2.000e-04
[epoch 087 step 034000] loss=0.02369 lr=2.000e-04
[epoch 087 step 034100] loss=0.02427 lr=2.000e-04
[epoch 087 step 034200] loss=0.02012 lr=2.000e-04
[epoch 087 step 034300] loss=0.02515 lr=2.000e-04
[epoch 088 step 034400] loss=0.02143 lr=2.000e-04
[epoch 088 step 034500] loss=0.02626 lr=2.000e-04
[epoch 088 step 034600] loss=0.02471 lr=2.000e-04
[epoch 088 step 034700] loss=0.02345 lr=2.000e-04
[epoch 089 step 034800] loss=0.02590 lr=2.000e-04
[epoch 089 step 034900] loss=0.02553 lr=2.000e-04
[epoch 089 step 035000] loss=0.02257 lr=2.000e-04
[epoch 089 attempt 035023] optimizer step skipped; scaler=2097152.0
[epoch 090 step 035100] loss=0.02556 lr=2.000e-04
[epoch 090 step 035200] loss=0.02020 lr=2.000e-04
[epoch 090 step 035300] loss=0.02328 lr=2.000e-04
[epoch 090 step 035400] loss=0.02622 lr=2.000e-04
[epoch 091 step 035500] loss=0.02307 lr=2.000e-04
[epoch 091 step 035600] loss=0.02376 lr=2.000e-04
[epoch 091 step 035700] loss=0.02337 lr=2.000e-04
[epoch 091 step 035800] loss=0.02119 lr=2.000e-04
[epoch 092 step 035900] loss=0.02377 lr=2.000e-04
[epoch 092 step 036000] loss=0.02483 lr=2.000e-04
[epoch 092 step 036100] loss=0.02288 lr=2.000e-04
[epoch 092 step 036200] loss=0.02519 lr=2.000e-04
[epoch 093 step 036300] loss=0.02396 lr=2.000e-04
[epoch 093 step 036400] loss=0.02723 lr=2.000e-04
[epoch 093 step 036500] loss=0.02466 lr=2.000e-04
[epoch 093 step 036600] loss=0.02201 lr=2.000e-04
[epoch 094 step 036700] loss=0.02634 lr=2.000e-04
[epoch 094 step 036800] loss=0.02270 lr=2.000e-04
[epoch 094 step 036900] loss=0.02712 lr=2.000e-04
[epoch 094 step 037000] loss=0.02422 lr=2.000e-04
[epoch 095 step 037100] loss=0.02579 lr=2.000e-04
[epoch 095 step 037200] loss=0.02448 lr=2.000e-04
[epoch 095 attempt 037243] optimizer step skipped; scaler=2097152.0
[epoch 095 step 037300] loss=0.02448 lr=2.000e-04
[epoch 095 step 037400] loss=0.02319 lr=2.000e-04
[epoch 096 step 037500] loss=0.02433 lr=2.000e-04
[epoch 096 step 037600] loss=0.02314 lr=2.000e-04
[epoch 096 step 037700] loss=0.02335 lr=2.000e-04
[epoch 096 step 037800] loss=0.02115 lr=2.000e-04
[epoch 097 step 037900] loss=0.02770 lr=2.000e-04
[epoch 097 step 038000] loss=0.02656 lr=2.000e-04
[epoch 097 step 038100] loss=0.02058 lr=2.000e-04
[epoch 097 step 038200] loss=0.02494 lr=2.000e-04
[epoch 098 step 038300] loss=0.02364 lr=2.000e-04
[epoch 098 step 038400] loss=0.02176 lr=2.000e-04
[epoch 098 step 038500] loss=0.02719 lr=2.000e-04
[epoch 099 step 038600] loss=0.02509 lr=2.000e-04
[epoch 099 step 038700] loss=0.02024 lr=2.000e-04
[epoch 099 step 038800] loss=0.02587 lr=2.000e-04
[epoch 099 step 038900] loss=0.02442 lr=2.000e-04
[epoch 100 step 039000] loss=0.02186 lr=2.000e-04
[epoch 100 step 039100] loss=0.02401 lr=2.000e-04
[epoch 100 step 039200] loss=0.02607 lr=2.000e-04
[epoch 100 step 039300] loss=0.02365 lr=2.000e-04
[epoch 101 step 039400] loss=0.02508 lr=2.000e-04
[epoch 101 step 039500] loss=0.02224 lr=2.000e-04
[epoch 101 step 039600] loss=0.02685 lr=2.000e-04
[epoch 101 step 039700] loss=0.02489 lr=2.000e-04
[epoch 102 step 039800] loss=0.02173 lr=2.000e-04
[epoch 102 step 039900] loss=0.02333 lr=2.000e-04
[epoch 102 step 040000] loss=0.02515 lr=2.000e-04
[epoch 102 step 040100] loss=0.02383 lr=2.000e-04
[epoch 103 step 040200] loss=0.02447 lr=2.000e-04
[epoch 103 step 040300] loss=0.02293 lr=2.000e-04
[epoch 103 step 040400] loss=0.02395 lr=2.000e-04
[epoch 103 step 040500] loss=0.02337 lr=2.000e-04
[epoch 104 step 040600] loss=0.02188 lr=2.000e-04
[epoch 104 step 040700] loss=0.02568 lr=2.000e-04
[epoch 104 step 040800] loss=0.02264 lr=2.000e-04
[epoch 104 step 040900] loss=0.02043 lr=2.000e-04
[epoch 105 step 041000] loss=0.02241 lr=2.000e-04
[epoch 105 step 041100] loss=0.02603 lr=2.000e-04
[epoch 105 step 041200] loss=0.02450 lr=2.000e-04
[epoch 105 attempt 041261] optimizer step skipped; scaler=4194304.0
[epoch 105 step 041300] loss=0.02319 lr=2.000e-04
[epoch 106 step 041400] loss=0.02359 lr=2.000e-04
[epoch 106 step 041500] loss=0.02315 lr=2.000e-04
[epoch 106 step 041600] loss=0.02325 lr=2.000e-04
[epoch 106 step 041700] loss=0.02191 lr=2.000e-04
[epoch 107 step 041800] loss=0.01954 lr=2.000e-04
[epoch 107 step 041900] loss=0.02948 lr=2.000e-04
[epoch 107 step 042000] loss=0.02580 lr=2.000e-04
[epoch 107 step 042100] loss=0.02449 lr=2.000e-04
[epoch 108 step 042200] loss=0.02353 lr=2.000e-04
[epoch 108 step 042300] loss=0.02821 lr=2.000e-04
[epoch 108 step 042400] loss=0.02639 lr=2.000e-04
[epoch 109 step 042500] loss=0.02373 lr=2.000e-04
[epoch 109 step 042600] loss=0.02082 lr=2.000e-04
[epoch 109 step 042700] loss=0.02512 lr=2.000e-04
[epoch 109 step 042800] loss=0.02256 lr=2.000e-04
[epoch 110 step 042900] loss=0.02349 lr=2.000e-04
[epoch 110 step 043000] loss=0.01924 lr=2.000e-04
[epoch 110 step 043100] loss=0.02465 lr=2.000e-04
[epoch 110 step 043200] loss=0.02377 lr=2.000e-04
[epoch 110 attempt 043273] optimizer step skipped; scaler=4194304.0
[epoch 111 step 043300] loss=0.02264 lr=2.000e-04
[epoch 111 step 043400] loss=0.02422 lr=2.000e-04
[epoch 111 step 043500] loss=0.02242 lr=2.000e-04
[epoch 111 step 043600] loss=0.02432 lr=2.000e-04
[epoch 112 step 043700] loss=0.02400 lr=2.000e-04
[epoch 112 step 043800] loss=0.02188 lr=2.000e-04
[epoch 112 step 043900] loss=0.02573 lr=2.000e-04
[epoch 112 step 044000] loss=0.02694 lr=2.000e-04
[epoch 113 step 044100] loss=0.02655 lr=2.000e-04
[epoch 113 step 044200] loss=0.02363 lr=2.000e-04
[epoch 113 step 044300] loss=0.02559 lr=2.000e-04
[epoch 113 step 044400] loss=0.02186 lr=2.000e-04
[epoch 114 step 044500] loss=0.02654 lr=2.000e-04
[epoch 114 step 044600] loss=0.02272 lr=2.000e-04
[epoch 114 step 044700] loss=0.02341 lr=2.000e-04
[epoch 114 step 044800] loss=0.02567 lr=2.000e-04
[epoch 115 step 044900] loss=0.02594 lr=2.000e-04
[epoch 115 attempt 044950] optimizer step skipped; scaler=2097152.0
[epoch 115 step 045000] loss=0.02453 lr=2.000e-04
[epoch 115 step 045100] loss=0.02457 lr=2.000e-04
[epoch 115 step 045200] loss=0.02239 lr=2.000e-04
[epoch 116 step 045300] loss=0.02444 lr=2.000e-04
[epoch 116 step 045400] loss=0.02305 lr=2.000e-04
[epoch 116 step 045500] loss=0.02424 lr=2.000e-04
[epoch 116 step 045600] loss=0.02572 lr=2.000e-04
[epoch 117 step 045700] loss=0.02622 lr=2.000e-04
[epoch 117 step 045800] loss=0.02635 lr=2.000e-04
[epoch 117 step 045900] loss=0.02389 lr=2.000e-04
[epoch 117 step 046000] loss=0.02335 lr=2.000e-04
[epoch 118 step 046100] loss=0.02529 lr=2.000e-04
[epoch 118 step 046200] loss=0.01976 lr=2.000e-04
[epoch 118 step 046300] loss=0.02538 lr=2.000e-04
[epoch 119 step 046400] loss=0.02344 lr=2.000e-04
[epoch 119 step 046500] loss=0.02505 lr=2.000e-04
[epoch 119 step 046600] loss=0.02486 lr=2.000e-04
[epoch 119 step 046700] loss=0.02613 lr=2.000e-04
[epoch 120 step 046800] loss=0.02306 lr=2.000e-04
[epoch 120 step 046900] loss=0.02288 lr=2.000e-04
[epoch 120 step 047000] loss=0.01988 lr=2.000e-04
[epoch 120 step 047100] loss=0.02374 lr=2.000e-04
[epoch 121 step 047200] loss=0.02254 lr=2.000e-04
[epoch 121 step 047300] loss=0.02357 lr=2.000e-04
[epoch 121 step 047400] loss=0.02583 lr=2.000e-04
[epoch 121 step 047500] loss=0.02716 lr=2.000e-04
[epoch 122 step 047600] loss=0.02376 lr=2.000e-04
[epoch 122 step 047700] loss=0.02185 lr=2.000e-04
[epoch 122 step 047800] loss=0.02436 lr=2.000e-04
[epoch 122 step 047900] loss=0.02119 lr=2.000e-04
[epoch 123 step 048000] loss=0.02372 lr=2.000e-04
[epoch 123 step 048100] loss=0.02472 lr=2.000e-04
[epoch 123 step 048200] loss=0.02254 lr=2.000e-04
[epoch 123 step 048300] loss=0.02515 lr=2.000e-04
[epoch 124 step 048400] loss=0.02367 lr=2.000e-04
[epoch 124 step 048500] loss=0.02687 lr=2.000e-04
[epoch 124 step 048600] loss=0.02592 lr=2.000e-04
[epoch 124 step 048700] loss=0.02639 lr=2.000e-04
[epoch 125 step 048800] loss=0.02347 lr=2.000e-04
[epoch 125 step 048900] loss=0.02136 lr=2.000e-04
[epoch 125 attempt 048951] optimizer step skipped; scaler=4194304.0
[epoch 125 step 049000] loss=0.02242 lr=2.000e-04
[epoch 125 step 049100] loss=0.02487 lr=2.000e-04
[epoch 126 step 049200] loss=0.02485 lr=2.000e-04
[epoch 126 step 049300] loss=0.02611 lr=2.000e-04
[epoch 126 step 049400] loss=0.02649 lr=2.000e-04
[epoch 126 step 049500] loss=0.02485 lr=2.000e-04
[epoch 127 step 049600] loss=0.02003 lr=2.000e-04
[epoch 127 step 049700] loss=0.02686 lr=2.000e-04
[epoch 127 step 049800] loss=0.02332 lr=2.000e-04
[epoch 127 step 049900] loss=0.02458 lr=2.000e-04
[epoch 128 step 050000] loss=0.02505 lr=2.000e-04
[epoch 128 step 050100] loss=0.02373 lr=2.000e-04
[epoch 128 step 050200] loss=0.02539 lr=2.000e-04
[epoch 129 step 050300] loss=0.02609 lr=2.000e-04
[epoch 129 step 050400] loss=0.02366 lr=2.000e-04
[epoch 129 step 050500] loss=0.02505 lr=2.000e-04
[epoch 129 step 050600] loss=0.02729 lr=2.000e-04
[epoch 129 attempt 050670] optimizer step skipped; scaler=2097152.0
[epoch 130 step 050700] loss=0.02436 lr=2.000e-04
[epoch 130 step 050800] loss=0.02272 lr=2.000e-04
[epoch 130 step 050900] loss=0.02257 lr=2.000e-04
[epoch 130 step 051000] loss=0.02393 lr=2.000e-04
[epoch 131 step 051100] loss=0.02200 lr=2.000e-04
[epoch 131 step 051200] loss=0.02834 lr=2.000e-04
[epoch 131 step 051300] loss=0.02442 lr=2.000e-04
[epoch 131 step 051400] loss=0.02419 lr=2.000e-04
[epoch 132 step 051500] loss=0.02445 lr=2.000e-04
[epoch 132 step 051600] loss=0.02416 lr=2.000e-04
[epoch 132 step 051700] loss=0.02312 lr=2.000e-04
[epoch 132 step 051800] loss=0.02227 lr=2.000e-04
[epoch 133 step 051900] loss=0.02286 lr=2.000e-04
[epoch 133 step 052000] loss=0.02676 lr=2.000e-04
[epoch 133 step 052100] loss=0.02514 lr=2.000e-04
[epoch 133 step 052200] loss=0.02908 lr=2.000e-04
[epoch 134 step 052300] loss=0.02485 lr=2.000e-04
[epoch 134 step 052400] loss=0.02241 lr=2.000e-04
[epoch 134 step 052500] loss=0.02506 lr=2.000e-04
[epoch 134 step 052600] loss=0.02022 lr=2.000e-04
[epoch 135 step 052700] loss=0.02251 lr=2.000e-04
[epoch 135 step 052800] loss=0.02667 lr=2.000e-04
[epoch 135 step 052900] loss=0.02639 lr=2.000e-04
[epoch 135 step 053000] loss=0.02425 lr=2.000e-04
[epoch 136 step 053100] loss=0.02370 lr=2.000e-04
[epoch 136 step 053200] loss=0.02395 lr=2.000e-04
[epoch 136 step 053300] loss=0.02298 lr=2.000e-04
[epoch 136 step 053400] loss=0.02578 lr=2.000e-04
[epoch 137 step 053500] loss=0.02671 lr=2.000e-04
[epoch 137 step 053600] loss=0.02018 lr=2.000e-04
[epoch 137 step 053700] loss=0.02420 lr=2.000e-04
[epoch 137 step 053800] loss=0.02306 lr=2.000e-04
[epoch 138 step 053900] loss=0.02510 lr=2.000e-04
[epoch 138 step 054000] loss=0.02216 lr=2.000e-04
[epoch 138 step 054100] loss=0.02455 lr=2.000e-04
[epoch 139 step 054200] loss=0.02146 lr=2.000e-04
[epoch 139 step 054300] loss=0.02479 lr=2.000e-04
[epoch 139 step 054400] loss=0.02482 lr=2.000e-04
[epoch 139 step 054500] loss=0.02019 lr=2.000e-04
[epoch 140 step 054600] loss=0.02599 lr=2.000e-04
[epoch 140 attempt 054682] optimizer step skipped; scaler=4194304.0
[epoch 140 step 054700] loss=0.02335 lr=2.000e-04
[epoch 140 step 054800] loss=0.02223 lr=2.000e-04
[epoch 140 step 054900] loss=0.02628 lr=2.000e-04
[epoch 141 step 055000] loss=0.02681 lr=2.000e-04
[epoch 141 step 055100] loss=0.02586 lr=2.000e-04
[epoch 141 step 055200] loss=0.02482 lr=2.000e-04
[epoch 141 step 055300] loss=0.02360 lr=2.000e-04
[epoch 142 step 055400] loss=0.02364 lr=2.000e-04
[epoch 142 step 055500] loss=0.02575 lr=2.000e-04
[epoch 142 step 055600] loss=0.02436 lr=2.000e-04
[epoch 142 step 055700] loss=0.02433 lr=2.000e-04
[epoch 143 step 055800] loss=0.02272 lr=2.000e-04
[epoch 143 step 055900] loss=0.02490 lr=2.000e-04
[epoch 143 step 056000] loss=0.02449 lr=2.000e-04
[epoch 143 step 056100] loss=0.02439 lr=2.000e-04
[epoch 144 step 056200] loss=0.02199 lr=2.000e-04
[epoch 144 step 056300] loss=0.02612 lr=2.000e-04
[epoch 144 step 056400] loss=0.02323 lr=2.000e-04
[epoch 144 step 056500] loss=0.02461 lr=2.000e-04
[epoch 145 step 056600] loss=0.02655 lr=2.000e-04
[epoch 145 attempt 056688] optimizer step skipped; scaler=4194304.0
[epoch 145 step 056700] loss=0.02393 lr=2.000e-04
[epoch 145 step 056800] loss=0.02048 lr=2.000e-04
[epoch 145 step 056900] loss=0.02173 lr=2.000e-04
[epoch 146 step 057000] loss=0.02163 lr=2.000e-04
[epoch 146 step 057100] loss=0.02455 lr=2.000e-04
[epoch 146 step 057200] loss=0.02359 lr=2.000e-04
[epoch 146 step 057300] loss=0.02550 lr=2.000e-04
[epoch 147 step 057400] loss=0.02505 lr=2.000e-04
[epoch 147 step 057500] loss=0.02420 lr=2.000e-04
[epoch 147 step 057600] loss=0.02328 lr=2.000e-04
[epoch 147 step 057700] loss=0.02341 lr=2.000e-04
[epoch 148 step 057800] loss=0.02648 lr=2.000e-04
[epoch 148 step 057900] loss=0.02765 lr=2.000e-04
[epoch 148 step 058000] loss=0.02056 lr=2.000e-04
[epoch 149 step 058100] loss=0.02346 lr=2.000e-04
[epoch 149 attempt 058194] optimizer step skipped; scaler=2097152.0
[epoch 149 step 058200] loss=0.02296 lr=2.000e-04
[epoch 149 step 058300] loss=0.02553 lr=2.000e-04
[epoch 149 step 058400] loss=0.02208 lr=2.000e-04
[epoch 150 step 058500] loss=0.02514 lr=2.000e-04
[epoch 150 step 058600] loss=0.02358 lr=2.000e-04
[epoch 150 step 058700] loss=0.02536 lr=2.000e-04
[epoch 150 step 058800] loss=0.02430 lr=1.999e-04
[epoch 151 step 058900] loss=0.02529 lr=1.998e-04
[epoch 151 step 059000] loss=0.02353 lr=1.997e-04
[epoch 151 step 059100] loss=0.02246 lr=1.996e-04
[epoch 151 step 059200] loss=0.02312 lr=1.994e-04
[epoch 152 step 059300] loss=0.02583 lr=1.993e-04
[epoch 152 step 059400] loss=0.02619 lr=1.991e-04
[epoch 152 step 059500] loss=0.02612 lr=1.988e-04
[epoch 152 step 059600] loss=0.02380 lr=1.986e-04
[epoch 153 step 059700] loss=0.02636 lr=1.983e-04
[epoch 153 step 059800] loss=0.02423 lr=1.980e-04
[epoch 153 step 059900] loss=0.02367 lr=1.977e-04
[epoch 153 step 060000] loss=0.02465 lr=1.974e-04
[epoch 154 step 060100] loss=0.02021 lr=1.970e-04
[epoch 154 step 060200] loss=0.02093 lr=1.966e-04
[epoch 154 step 060300] loss=0.02488 lr=1.962e-04
[epoch 154 attempt 060370] optimizer step skipped; scaler=2097152.0
[epoch 154 step 060400] loss=0.02315 lr=1.958e-04
[epoch 155 step 060500] loss=0.02190 lr=1.954e-04
[epoch 155 step 060600] loss=0.02354 lr=1.949e-04
[epoch 155 step 060700] loss=0.02261 lr=1.944e-04
[epoch 155 step 060800] loss=0.02354 lr=1.939e-04
[epoch 156 step 060900] loss=0.02387 lr=1.934e-04
[epoch 156 step 061000] loss=0.02258 lr=1.928e-04
[epoch 156 step 061100] loss=0.02499 lr=1.922e-04
[epoch 156 step 061200] loss=0.02446 lr=1.916e-04
[epoch 157 step 061300] loss=0.02420 lr=1.910e-04
[epoch 157 step 061400] loss=0.02282 lr=1.904e-04
[epoch 157 step 061500] loss=0.02314 lr=1.897e-04
[epoch 158 step 061600] loss=0.02167 lr=1.890e-04
[epoch 158 step 061700] loss=0.02629 lr=1.883e-04
[epoch 158 step 061800] loss=0.02686 lr=1.876e-04
[epoch 158 step 061900] loss=0.02531 lr=1.868e-04
[epoch 159 step 062000] loss=0.02612 lr=1.861e-04
[epoch 159 step 062100] loss=0.02441 lr=1.853e-04
[epoch 159 step 062200] loss=0.02356 lr=1.845e-04
[epoch 159 step 062300] loss=0.02413 lr=1.837e-04
[epoch 160 step 062400] loss=0.02105 lr=1.828e-04
[epoch 160 step 062500] loss=0.02243 lr=1.820e-04
[epoch 160 step 062600] loss=0.02671 lr=1.811e-04
[epoch 160 step 062700] loss=0.02197 lr=1.802e-04
[epoch 161 step 062800] loss=0.02622 lr=1.793e-04
[epoch 161 step 062900] loss=0.02373 lr=1.783e-04
[epoch 161 step 063000] loss=0.02174 lr=1.774e-04
[epoch 161 step 063100] loss=0.02387 lr=1.764e-04
[epoch 162 step 063200] loss=0.02420 lr=1.754e-04
[epoch 162 step 063300] loss=0.02274 lr=1.744e-04
[epoch 162 step 063400] loss=0.02349 lr=1.734e-04
[epoch 162 step 063500] loss=0.02321 lr=1.724e-04
[epoch 163 step 063600] loss=0.02505 lr=1.713e-04
[epoch 163 step 063700] loss=0.02355 lr=1.702e-04
[epoch 163 step 063800] loss=0.02201 lr=1.691e-04
[epoch 163 step 063900] loss=0.02507 lr=1.680e-04
[epoch 164 step 064000] loss=0.02068 lr=1.669e-04
[epoch 164 step 064100] loss=0.02464 lr=1.658e-04
[epoch 164 step 064200] loss=0.02738 lr=1.647e-04
[epoch 164 step 064300] loss=0.02385 lr=1.635e-04
[epoch 165 attempt 064380] optimizer step skipped; scaler=4194304.0
[epoch 165 step 064400] loss=0.02741 lr=1.623e-04
[epoch 165 step 064500] loss=0.02306 lr=1.611e-04
[epoch 165 step 064600] loss=0.02275 lr=1.599e-04
[epoch 165 step 064700] loss=0.02339 lr=1.587e-04
[epoch 166 step 064800] loss=0.02445 lr=1.575e-04
[epoch 166 step 064900] loss=0.02534 lr=1.563e-04
[epoch 166 step 065000] loss=0.02500 lr=1.550e-04
[epoch 166 step 065100] loss=0.02456 lr=1.537e-04
[epoch 167 step 065200] loss=0.02689 lr=1.525e-04
[epoch 167 step 065300] loss=0.02164 lr=1.512e-04
[epoch 167 step 065400] loss=0.02388 lr=1.499e-04
[epoch 168 step 065500] loss=0.02520 lr=1.486e-04
[epoch 168 step 065600] loss=0.02357 lr=1.473e-04
[epoch 168 step 065700] loss=0.02481 lr=1.460e-04
[epoch 168 step 065800] loss=0.02400 lr=1.446e-04
[epoch 169 step 065900] loss=0.02082 lr=1.433e-04
[epoch 169 step 066000] loss=0.02270 lr=1.419e-04
[epoch 169 step 066100] loss=0.02249 lr=1.406e-04
[epoch 169 step 066200] loss=0.02568 lr=1.392e-04
[epoch 170 step 066300] loss=0.02315 lr=1.378e-04
[epoch 170 attempt 066420] optimizer step skipped; scaler=4194304.0
[epoch 170 step 066400] loss=0.02161 lr=1.364e-04
[epoch 170 step 066500] loss=0.02733 lr=1.350e-04
[epoch 170 step 066600] loss=0.02379 lr=1.337e-04
[epoch 171 step 066700] loss=0.02434 lr=1.322e-04
[epoch 171 step 066800] loss=0.02394 lr=1.308e-04
[epoch 171 step 066900] loss=0.02340 lr=1.294e-04
[epoch 171 step 067000] loss=0.02229 lr=1.280e-04
[epoch 172 step 067100] loss=0.02310 lr=1.266e-04
[epoch 172 step 067200] loss=0.02364 lr=1.252e-04
[epoch 172 step 067300] loss=0.02453 lr=1.237e-04
[epoch 172 step 067400] loss=0.01973 lr=1.223e-04
[epoch 173 step 067500] loss=0.02115 lr=1.209e-04
[epoch 173 step 067600] loss=0.02240 lr=1.194e-04
[epoch 173 step 067700] loss=0.02613 lr=1.180e-04
[epoch 173 step 067800] loss=0.02293 lr=1.165e-04
[epoch 174 step 067900] loss=0.02397 lr=1.151e-04
[epoch 174 step 068000] loss=0.02261 lr=1.136e-04
[epoch 174 step 068100] loss=0.02432 lr=1.122e-04
[epoch 174 step 068200] loss=0.02235 lr=1.107e-04
[epoch 175 step 068300] loss=0.02526 lr=1.093e-04
[epoch 175 step 068400] loss=0.02433 lr=1.078e-04
[epoch 175 attempt 068464] optimizer step skipped; scaler=4194304.0
[epoch 175 step 068500] loss=0.02412 lr=1.064e-04
[epoch 175 step 068600] loss=0.02372 lr=1.049e-04
[epoch 176 step 068700] loss=0.02483 lr=1.035e-04
[epoch 176 step 068800] loss=0.02518 lr=1.020e-04
[epoch 176 step 068900] loss=0.02399 lr=1.006e-04
[epoch 176 step 069000] loss=0.02122 lr=9.916e-05
[epoch 177 step 069100] loss=0.02502 lr=9.772e-05
[epoch 177 step 069200] loss=0.02231 lr=9.629e-05
[epoch 177 step 069300] loss=0.02231 lr=9.485e-05
[epoch 178 step 069400] loss=0.02351 lr=9.343e-05
[epoch 178 step 069500] loss=0.02259 lr=9.200e-05
[epoch 178 step 069600] loss=0.02374 lr=9.059e-05
[epoch 178 step 069700] loss=0.02127 lr=8.917e-05
[epoch 179 step 069800] loss=0.02274 lr=8.776e-05
[epoch 179 step 069900] loss=0.02216 lr=8.636e-05
[epoch 179 step 070000] loss=0.02306 lr=8.497e-05
[epoch 179 step 070100] loss=0.02487 lr=8.358e-05
[epoch 180 step 070200] loss=0.02203 lr=8.219e-05
[epoch 180 step 070300] loss=0.02045 lr=8.082e-05
[epoch 180 step 070400] loss=0.02269 lr=7.945e-05
[epoch 180 step 070500] loss=0.02287 lr=7.809e-05
[epoch 181 step 070600] loss=0.02321 lr=7.674e-05
[epoch 181 attempt 070709] optimizer step skipped; scaler=4194304.0
[epoch 181 step 070700] loss=0.02190 lr=7.540e-05
[epoch 181 step 070800] loss=0.02263 lr=7.406e-05
[epoch 181 step 070900] loss=0.02371 lr=7.274e-05
[epoch 182 step 071000] loss=0.02337 lr=7.142e-05
[epoch 182 step 071100] loss=0.02430 lr=7.012e-05
[epoch 182 step 071200] loss=0.02190 lr=6.882e-05
[epoch 182 step 071300] loss=0.02599 lr=6.754e-05
[epoch 183 step 071400] loss=0.02313 lr=6.627e-05
[epoch 183 step 071500] loss=0.02553 lr=6.500e-05
[epoch 183 step 071600] loss=0.02212 lr=6.375e-05
[epoch 183 step 071700] loss=0.02382 lr=6.252e-05
[epoch 184 step 071800] loss=0.02280 lr=6.129e-05
[epoch 184 step 071900] loss=0.01900 lr=6.008e-05
[epoch 184 step 072000] loss=0.02163 lr=5.888e-05
[epoch 184 step 072100] loss=0.02090 lr=5.769e-05
[epoch 185 step 072200] loss=0.02573 lr=5.652e-05
[epoch 185 step 072300] loss=0.02263 lr=5.536e-05
[epoch 185 step 072400] loss=0.02323 lr=5.421e-05
[epoch 185 step 072500] loss=0.02128 lr=5.308e-05
[epoch 186 step 072600] loss=0.02424 lr=5.197e-05
[epoch 186 step 072700] loss=0.02298 lr=5.087e-05
[epoch 186 step 072800] loss=0.02181 lr=4.978e-05
[epoch 186 step 072900] loss=0.02236 lr=4.871e-05
[epoch 187 attempt 072989] optimizer step skipped; scaler=4194304.0
[epoch 187 step 073000] loss=0.02153 lr=4.766e-05
[epoch 187 step 073100] loss=0.02586 lr=4.662e-05
[epoch 187 step 073200] loss=0.02436 lr=4.560e-05
[epoch 188 step 073300] loss=0.02359 lr=4.459e-05
[epoch 188 step 073400] loss=0.02758 lr=4.361e-05
[epoch 188 step 073500] loss=0.02035 lr=4.264e-05
[epoch 188 step 073600] loss=0.02275 lr=4.168e-05
[epoch 189 step 073700] loss=0.02691 lr=4.075e-05
[epoch 189 step 073800] loss=0.02493 lr=3.983e-05
[epoch 189 step 073900] loss=0.02243 lr=3.893e-05
[epoch 189 step 074000] loss=0.02096 lr=3.805e-05
[epoch 190 step 074100] loss=0.02141 lr=3.719e-05
[epoch 190 step 074200] loss=0.02261 lr=3.635e-05
[epoch 190 step 074300] loss=0.01987 lr=3.552e-05
[epoch 190 step 074400] loss=0.02091 lr=3.472e-05
[epoch 191 step 074500] loss=0.02644 lr=3.393e-05
[epoch 191 step 074600] loss=0.02533 lr=3.317e-05
[epoch 191 step 074700] loss=0.02148 lr=3.242e-05
[epoch 191 step 074800] loss=0.02216 lr=3.170e-05
[epoch 192 step 074900] loss=0.02159 lr=3.099e-05
[epoch 192 step 075000] loss=0.02362 lr=3.031e-05
[epoch 192 step 075100] loss=0.02327 lr=2.965e-05
[epoch 192 step 075200] loss=0.02468 lr=2.900e-05
[epoch 193 step 075300] loss=0.02195 lr=2.838e-05
[epoch 193 step 075400] loss=0.02580 lr=2.778e-05
[epoch 193 step 075500] loss=0.02640 lr=2.720e-05
[epoch 193 step 075600] loss=0.02139 lr=2.664e-05
[epoch 194 step 075700] loss=0.02126 lr=2.611e-05
[epoch 194 step 075800] loss=0.02431 lr=2.559e-05
[epoch 194 attempt 075900] optimizer step skipped; scaler=4194304.0
[epoch 194 step 075900] loss=0.02284 lr=2.510e-05
[epoch 194 step 076000] loss=0.02376 lr=2.463e-05
[epoch 195 step 076100] loss=0.02404 lr=2.418e-05
[epoch 195 step 076200] loss=0.02255 lr=2.376e-05
[epoch 195 step 076300] loss=0.02402 lr=2.335e-05
[epoch 195 step 076400] loss=0.02312 lr=2.297e-05
[epoch 196 step 076500] loss=0.02238 lr=2.262e-05
[epoch 196 step 076600] loss=0.02387 lr=2.228e-05
[epoch 196 step 076700] loss=0.02304 lr=2.197e-05
[epoch 196 step 076800] loss=0.02304 lr=2.168e-05
[epoch 197 step 076900] loss=0.02588 lr=2.141e-05
[epoch 197 step 077000] loss=0.02443 lr=2.117e-05
[epoch 197 step 077100] loss=0.02212 lr=2.094e-05
[epoch 198 step 077200] loss=0.02263 lr=2.075e-05
[epoch 198 step 077300] loss=0.02391 lr=2.057e-05
[epoch 198 step 077400] loss=0.02115 lr=2.042e-05
[epoch 198 step 077500] loss=0.02671 lr=2.029e-05
[epoch 199 step 077600] loss=0.02543 lr=2.019e-05
[epoch 199 step 077700] loss=0.02238 lr=2.011e-05
[epoch 199 step 077800] loss=0.02367 lr=2.005e-05
[epoch 199 step 077900] loss=0.02251 lr=2.001e-05
Training complete in 153.1 minutes
[2026-09-18 17:15:43] python -u sample.py --ckpt runs/fid15_r6_min_snr_late_decay/ckpt/final.pt --num_samples 64 --batch_size 64 --seed 44 --ema_decay 0.9995 --clip_denoised --save_grid --output_dir runs/fid15_r6_min_snr_late_decay/samples_final_ema9995_clipx0
Generated 64 samples in runs/fid15_r6_min_snr_late_decay/samples_final_ema9995_clipx0
[2026-09-18 17:16:07] python -u evaluate.py --ckpt runs/fid15_r6_min_snr_late_decay/ckpt/final.pt --num_samples 5000 --batch_size 64 --real_split train --seed 44 --ema_decay 0.9995 --clip_denoised --data_root ./data
