/root/autodl-tmp/diffusion-models-starter-r4/projects/project1_ddpm/train.py:276: FutureWarning: `torch.cuda.amp.GradScaler(args...)` is deprecated. Please use `torch.amp.GradScaler('cuda', args...)` instead.
  scaler = GradScaler(enabled=use_amp and amp_dtype == torch.float16)
/root/autodl-tmp/diffusion-models-starter-r4/projects/project1_ddpm/train.py:344: FutureWarning: `torch.cuda.amp.autocast(args...)` is deprecated. Please use `torch.amp.autocast('cuda', args...)` instead.
  with autocast(enabled=use_amp, dtype=amp_dtype):
[epoch 000 step 000100] loss=0.55641 lr=5.000e-06
[epoch 000 step 000200] loss=0.14556 lr=1.000e-05
[epoch 000 step 000300] loss=0.09186 lr=1.500e-05
[epoch 001 step 000400] loss=0.08114 lr=2.000e-05
[epoch 001 step 000500] loss=0.08917 lr=2.500e-05
[epoch 001 step 000600] loss=0.07493 lr=3.000e-05
[epoch 001 step 000700] loss=0.08621 lr=3.500e-05
[epoch 002 step 000800] loss=0.06470 lr=4.000e-05
[epoch 002 step 000900] loss=0.08804 lr=4.500e-05
[epoch 002 step 001000] loss=0.07027 lr=5.000e-05
[epoch 002 step 001100] loss=0.07907 lr=5.000e-05
[epoch 003 step 001200] loss=0.07575 lr=5.000e-05
[epoch 003 step 001300] loss=0.06163 lr=5.000e-05
[epoch 003 step 001400] loss=0.05529 lr=5.000e-05
[epoch 003 step 001500] loss=0.07057 lr=5.000e-05
[epoch 004 step 001600] loss=0.06885 lr=5.000e-05
[epoch 004 step 001700] loss=0.07751 lr=5.000e-05
[epoch 004 step 001800] loss=0.05583 lr=5.000e-05
[epoch 004 step 001900] loss=0.06512 lr=5.000e-05
[epoch 005 step 002000] loss=0.06326 lr=5.000e-05
[epoch 005 step 002100] loss=0.05904 lr=5.000e-05
[epoch 005 step 002200] loss=0.06382 lr=5.000e-05
[epoch 005 step 002300] loss=0.05930 lr=5.000e-05
[epoch 006 step 002400] loss=0.06479 lr=5.000e-05
[epoch 006 step 002500] loss=0.06981 lr=5.000e-05
[epoch 006 step 002600] loss=0.07980 lr=5.000e-05
[epoch 006 step 002700] loss=0.06725 lr=5.000e-05
[epoch 007 step 002800] loss=0.06142 lr=5.000e-05
[epoch 007 step 002900] loss=0.06345 lr=5.000e-05
[epoch 007 step 003000] loss=0.07140 lr=5.000e-05
[epoch 007 step 003100] loss=0.05951 lr=5.000e-05
[epoch 008 step 003200] loss=0.05211 lr=5.000e-05
[epoch 008 step 003300] loss=0.04994 lr=5.000e-05
[epoch 008 step 003400] loss=0.06051 lr=5.000e-05
[epoch 008 step 003500] loss=0.06844 lr=5.000e-05
[epoch 009 step 003600] loss=0.05483 lr=5.000e-05
[epoch 009 step 003700] loss=0.05971 lr=5.000e-05
[epoch 009 step 003800] loss=0.06901 lr=5.000e-05
[epoch 009 step 003900] loss=0.05454 lr=5.000e-05
[epoch 010 step 004000] loss=0.06953 lr=5.000e-05
[epoch 010 step 004100] loss=0.06006 lr=5.000e-05
[epoch 010 step 004200] loss=0.06282 lr=5.000e-05
[epoch 011 step 004300] loss=0.05357 lr=5.000e-05
[epoch 011 step 004400] loss=0.06199 lr=5.000e-05
[epoch 011 step 004500] loss=0.06978 lr=5.000e-05
[epoch 011 step 004600] loss=0.05924 lr=5.000e-05
[epoch 012 step 004700] loss=0.05197 lr=5.000e-05
[epoch 012 step 004800] loss=0.07198 lr=5.000e-05
[epoch 012 step 004900] loss=0.05575 lr=5.000e-05
[epoch 012 step 005000] loss=0.05434 lr=5.000e-05
[epoch 013 step 005100] loss=0.05767 lr=5.000e-05
[epoch 013 step 005200] loss=0.07974 lr=5.000e-05
[epoch 013 step 005300] loss=0.06867 lr=5.000e-05
[epoch 013 step 005400] loss=0.04788 lr=5.000e-05
[epoch 014 step 005500] loss=0.05897 lr=5.000e-05
[epoch 014 step 005600] loss=0.04984 lr=5.000e-05
[epoch 014 step 005700] loss=0.06577 lr=5.000e-05
[epoch 014 step 005800] loss=0.05011 lr=5.000e-05
[epoch 015 step 005900] loss=0.05021 lr=5.000e-05
[epoch 015 step 006000] loss=0.06581 lr=5.000e-05
[epoch 015 step 006100] loss=0.07498 lr=5.000e-05
[epoch 015 step 006200] loss=0.06017 lr=5.000e-05
[epoch 016 step 006300] loss=0.05919 lr=5.000e-05
[epoch 016 step 006400] loss=0.04603 lr=5.000e-05
[epoch 016 step 006500] loss=0.06067 lr=5.000e-05
[epoch 016 step 006600] loss=0.04766 lr=5.000e-05
[epoch 017 step 006700] loss=0.04861 lr=5.000e-05
[epoch 017 step 006800] loss=0.07367 lr=5.000e-05
[epoch 017 step 006900] loss=0.07134 lr=5.000e-05
[epoch 017 step 007000] loss=0.05891 lr=5.000e-05
[epoch 018 step 007100] loss=0.06018 lr=5.000e-05
[epoch 018 step 007200] loss=0.05478 lr=5.000e-05
[epoch 018 step 007300] loss=0.05350 lr=5.000e-05
[epoch 018 step 007400] loss=0.06067 lr=5.000e-05
[epoch 019 step 007500] loss=0.05065 lr=5.000e-05
[epoch 019 step 007600] loss=0.05805 lr=5.000e-05
[epoch 019 step 007700] loss=0.05638 lr=5.000e-05
[epoch 019 step 007800] loss=0.05586 lr=5.000e-05
[epoch 020 step 007900] loss=0.05846 lr=5.000e-05
[epoch 020 step 008000] loss=0.05357 lr=5.000e-05
[epoch 020 step 008100] loss=0.06676 lr=5.000e-05
[epoch 021 step 008200] loss=0.05583 lr=5.000e-05
[epoch 021 step 008300] loss=0.05578 lr=5.000e-05
[epoch 021 step 008400] loss=0.05375 lr=5.000e-05
[epoch 021 step 008500] loss=0.05043 lr=5.000e-05
[epoch 022 step 008600] loss=0.06634 lr=5.000e-05
[epoch 022 step 008700] loss=0.04637 lr=5.000e-05
[epoch 022 step 008800] loss=0.06136 lr=5.000e-05
[epoch 022 step 008900] loss=0.06116 lr=5.000e-05
[epoch 023 step 009000] loss=0.06366 lr=5.000e-05
[epoch 023 step 009100] loss=0.06004 lr=5.000e-05
[epoch 023 step 009200] loss=0.05483 lr=5.000e-05
[epoch 023 step 009300] loss=0.05263 lr=5.000e-05
[epoch 024 step 009400] loss=0.06057 lr=5.000e-05
[epoch 024 step 009500] loss=0.05739 lr=5.000e-05
[epoch 024 step 009600] loss=0.05562 lr=5.000e-05
[epoch 024 step 009700] loss=0.04684 lr=5.000e-05
[epoch 025 step 009800] loss=0.05832 lr=5.000e-05
[epoch 025 step 009900] loss=0.05789 lr=5.000e-05
[epoch 025 step 010000] loss=0.07321 lr=5.000e-05
[epoch 025 step 010100] loss=0.05824 lr=5.000e-05
[epoch 026 step 010200] loss=0.07316 lr=5.000e-05
[epoch 026 step 010300] loss=0.07102 lr=5.000e-05
[epoch 026 step 010400] loss=0.07266 lr=5.000e-05
[epoch 026 step 010500] loss=0.05825 lr=5.000e-05
[epoch 027 step 010600] loss=0.08661 lr=5.000e-05
[epoch 027 step 010700] loss=0.05615 lr=5.000e-05
[epoch 027 step 010800] loss=0.06590 lr=5.000e-05
[epoch 027 step 010900] loss=0.05388 lr=5.000e-05
[epoch 028 step 011000] loss=0.05547 lr=5.000e-05
[epoch 028 step 011100] loss=0.06343 lr=5.000e-05
[epoch 028 step 011200] loss=0.04912 lr=5.000e-05
[epoch 028 step 011300] loss=0.06755 lr=5.000e-05
[epoch 029 step 011400] loss=0.05499 lr=5.000e-05
[epoch 029 step 011500] loss=0.06513 lr=5.000e-05
[epoch 029 step 011600] loss=0.04883 lr=5.000e-05
[epoch 029 step 011700] loss=0.05284 lr=5.000e-05
Training complete in 24.4 minutes
