/root/autodl-tmp/diffusion-models-starter-r4/projects/project1_ddpm/train.py:276: FutureWarning: `torch.cuda.amp.GradScaler(args...)` is deprecated. Please use `torch.amp.GradScaler('cuda', args...)` instead.
  scaler = GradScaler(enabled=use_amp and amp_dtype == torch.float16)
/root/autodl-tmp/diffusion-models-starter-r4/projects/project1_ddpm/train.py:344: FutureWarning: `torch.cuda.amp.autocast(args...)` is deprecated. Please use `torch.amp.autocast('cuda', args...)` instead.
  with autocast(enabled=use_amp, dtype=amp_dtype):
[epoch 000 step 000100] loss=0.09900 lr=3.000e-05
[epoch 000 step 000200] loss=0.08911 lr=6.000e-05
[epoch 000 step 000300] loss=0.06539 lr=9.000e-05
[epoch 001 step 000400] loss=0.06741 lr=1.200e-04
[epoch 001 step 000500] loss=0.07715 lr=1.500e-04
[epoch 001 step 000600] loss=0.06578 lr=1.800e-04
[epoch 001 step 000700] loss=0.07583 lr=2.100e-04
[epoch 002 step 000800] loss=0.05657 lr=2.400e-04
[epoch 002 step 000900] loss=0.07885 lr=2.700e-04
[epoch 002 step 001000] loss=0.06345 lr=3.000e-04
[epoch 002 step 001100] loss=0.07264 lr=3.000e-04
[epoch 003 step 001200] loss=0.06974 lr=3.000e-04
[epoch 003 step 001300] loss=0.05695 lr=3.000e-04
[epoch 003 step 001400] loss=0.05150 lr=3.000e-04
[epoch 003 step 001500] loss=0.06677 lr=3.000e-04
[epoch 004 step 001600] loss=0.06490 lr=3.000e-04
[epoch 004 step 001700] loss=0.07300 lr=3.000e-04
[epoch 004 step 001800] loss=0.05280 lr=3.000e-04
[epoch 004 step 001900] loss=0.06117 lr=3.000e-04
[epoch 005 step 002000] loss=0.06002 lr=3.000e-04
[epoch 005 step 002100] loss=0.05618 lr=3.000e-04
[epoch 005 step 002200] loss=0.06083 lr=3.000e-04
[epoch 005 step 002300] loss=0.05673 lr=3.000e-04
[epoch 006 step 002400] loss=0.06189 lr=3.000e-04
[epoch 006 step 002500] loss=0.06744 lr=3.000e-04
[epoch 006 step 002600] loss=0.07671 lr=3.000e-04
[epoch 006 step 002700] loss=0.06491 lr=3.000e-04
[epoch 007 step 002800] loss=0.05942 lr=3.000e-04
[epoch 007 step 002900] loss=0.06082 lr=3.000e-04
[epoch 007 step 003000] loss=0.06898 lr=3.000e-04
[epoch 007 step 003100] loss=0.05725 lr=3.000e-04
[epoch 008 step 003200] loss=0.05070 lr=3.000e-04
[epoch 008 step 003300] loss=0.04841 lr=3.000e-04
[epoch 008 step 003400] loss=0.05874 lr=3.000e-04
[epoch 008 step 003500] loss=0.06634 lr=3.000e-04
[epoch 009 step 003600] loss=0.05362 lr=3.000e-04
[epoch 009 step 003700] loss=0.05782 lr=3.000e-04
[epoch 009 step 003800] loss=0.06706 lr=3.000e-04
[epoch 009 step 003900] loss=0.05316 lr=3.000e-04
[epoch 010 step 004000] loss=0.06723 lr=3.000e-04
[epoch 010 step 004100] loss=0.05839 lr=3.000e-04
[epoch 010 step 004200] loss=0.06106 lr=3.000e-04
[epoch 011 step 004300] loss=0.05201 lr=3.000e-04
[epoch 011 step 004400] loss=0.06038 lr=3.000e-04
[epoch 011 step 004500] loss=0.06816 lr=3.000e-04
[epoch 011 step 004600] loss=0.05748 lr=3.000e-04
[epoch 012 step 004700] loss=0.05039 lr=3.000e-04
[epoch 012 step 004800] loss=0.07009 lr=3.000e-04
[epoch 012 step 004900] loss=0.05447 lr=3.000e-04
[epoch 012 step 005000] loss=0.05310 lr=3.000e-04
[epoch 013 step 005100] loss=0.05609 lr=3.000e-04
[epoch 013 step 005200] loss=0.07753 lr=3.000e-04
[epoch 013 step 005300] loss=0.06715 lr=3.000e-04
[epoch 013 step 005400] loss=0.04686 lr=3.000e-04
[epoch 014 step 005500] loss=0.05718 lr=3.000e-04
[epoch 014 step 005600] loss=0.04880 lr=3.000e-04
[epoch 014 step 005700] loss=0.06383 lr=3.000e-04
[epoch 014 step 005800] loss=0.04889 lr=3.000e-04
[epoch 015 step 005900] loss=0.04917 lr=3.000e-04
[epoch 015 step 006000] loss=0.06390 lr=3.000e-04
[epoch 015 step 006100] loss=0.07343 lr=3.000e-04
[epoch 015 step 006200] loss=0.05890 lr=3.000e-04
[epoch 016 step 006300] loss=0.05779 lr=3.000e-04
[epoch 016 step 006400] loss=0.04509 lr=3.000e-04
[epoch 016 step 006500] loss=0.05941 lr=3.000e-04
[epoch 016 step 006600] loss=0.04684 lr=3.000e-04
[epoch 017 step 006700] loss=0.04787 lr=3.000e-04
[epoch 017 step 006800] loss=0.07185 lr=3.000e-04
[epoch 017 step 006900] loss=0.07020 lr=3.000e-04
[epoch 017 step 007000] loss=0.05793 lr=3.000e-04
[epoch 018 step 007100] loss=0.05930 lr=3.000e-04
[epoch 018 step 007200] loss=0.05399 lr=3.000e-04
[epoch 018 step 007300] loss=0.05255 lr=3.000e-04
[epoch 018 step 007400] loss=0.05966 lr=3.000e-04
[epoch 019 step 007500] loss=0.04995 lr=3.000e-04
[epoch 019 step 007600] loss=0.05724 lr=3.000e-04
[epoch 019 step 007700] loss=0.05522 lr=3.000e-04
[epoch 019 step 007800] loss=0.05462 lr=3.000e-04
[epoch 020 step 007900] loss=0.05734 lr=3.000e-04
[epoch 020 step 008000] loss=0.05248 lr=3.000e-04
[epoch 020 step 008100] loss=0.06563 lr=3.000e-04
[epoch 021 step 008200] loss=0.05509 lr=3.000e-04
[epoch 021 step 008300] loss=0.05480 lr=3.000e-04
[epoch 021 step 008400] loss=0.05308 lr=3.000e-04
[epoch 021 step 008500] loss=0.04946 lr=3.000e-04
[epoch 022 step 008600] loss=0.06510 lr=3.000e-04
[epoch 022 step 008700] loss=0.04575 lr=3.000e-04
[epoch 022 step 008800] loss=0.06042 lr=3.000e-04
[epoch 022 step 008900] loss=0.06012 lr=3.000e-04
[epoch 023 step 009000] loss=0.06249 lr=3.000e-04
[epoch 023 step 009100] loss=0.05923 lr=3.000e-04
[epoch 023 step 009200] loss=0.05398 lr=3.000e-04
[epoch 023 step 009300] loss=0.05158 lr=3.000e-04
[epoch 024 step 009400] loss=0.05936 lr=3.000e-04
[epoch 024 step 009500] loss=0.05643 lr=3.000e-04
[epoch 024 step 009600] loss=0.05473 lr=3.000e-04
[epoch 024 step 009700] loss=0.04607 lr=3.000e-04
[epoch 025 step 009800] loss=0.05778 lr=3.000e-04
[epoch 025 step 009900] loss=0.05697 lr=3.000e-04
[epoch 025 step 010000] loss=0.07218 lr=3.000e-04
[epoch 025 step 010100] loss=0.05742 lr=3.000e-04
[epoch 026 step 010200] loss=0.07167 lr=3.000e-04
[epoch 026 step 010300] loss=0.06970 lr=3.000e-04
[epoch 026 step 010400] loss=0.07155 lr=3.000e-04
[epoch 026 step 010500] loss=0.05733 lr=3.000e-04
[epoch 027 step 010600] loss=0.08476 lr=3.000e-04
[epoch 027 step 010700] loss=0.05541 lr=3.000e-04
[epoch 027 step 010800] loss=0.06508 lr=3.000e-04
[epoch 027 step 010900] loss=0.05394 lr=3.000e-04
[epoch 028 step 011000] loss=0.05473 lr=3.000e-04
[epoch 028 step 011100] loss=0.06252 lr=3.000e-04
[epoch 028 step 011200] loss=0.04818 lr=3.000e-04
[epoch 028 step 011300] loss=0.06645 lr=3.000e-04
[epoch 029 step 011400] loss=0.05411 lr=3.000e-04
[epoch 029 step 011500] loss=0.06382 lr=3.000e-04
[epoch 029 step 011600] loss=0.04845 lr=3.000e-04
[epoch 029 step 011700] loss=0.05207 lr=3.000e-04
Training complete in 23.5 minutes
