/root/autodl-tmp/diffusion-models-starter-v2/train.py:157: FutureWarning: `torch.cuda.amp.GradScaler(args...)` is deprecated. Please use `torch.amp.GradScaler('cuda', args...)` instead.
  scaler = GradScaler(enabled=use_amp and amp_dtype == torch.float16)
/root/autodl-tmp/diffusion-models-starter-v2/train.py:222: FutureWarning: `torch.cuda.amp.autocast(args...)` is deprecated. Please use `torch.amp.autocast('cuda', args...)` instead.
  with autocast(enabled=use_amp, dtype=amp_dtype):
[epoch 200 step 078100] loss=0.03147 lr=2.000e-04
[epoch 200 step 078200] loss=0.03603 lr=2.000e-04
[epoch 200 step 078300] loss=0.02890 lr=1.999e-04
[epoch 201 step 078400] loss=0.02204 lr=1.999e-04
[epoch 201 step 078500] loss=0.03126 lr=1.998e-04
[epoch 201 step 078600] loss=0.03919 lr=1.997e-04
[epoch 201 step 078700] loss=0.03178 lr=1.996e-04
[epoch 202 step 078800] loss=0.02159 lr=1.994e-04
[epoch 202 step 078900] loss=0.02410 lr=1.993e-04
[epoch 202 step 079000] loss=0.02902 lr=1.991e-04
[epoch 202 step 079100] loss=0.02733 lr=1.989e-04
[epoch 203 step 079200] loss=0.02239 lr=1.987e-04
[epoch 203 step 079300] loss=0.02356 lr=1.985e-04
[epoch 203 step 079400] loss=0.02791 lr=1.982e-04
[epoch 203 step 079500] loss=0.02936 lr=1.979e-04
[epoch 204 step 079600] loss=0.02340 lr=1.977e-04
[epoch 204 step 079700] loss=0.02671 lr=1.974e-04
[epoch 204 step 079800] loss=0.02810 lr=1.970e-04
[epoch 204 step 079900] loss=0.02612 lr=1.967e-04
[epoch 205 step 080000] loss=0.02559 lr=1.964e-04
[epoch 205 step 080100] loss=0.02684 lr=1.960e-04
[epoch 205 step 080200] loss=0.03116 lr=1.956e-04
[epoch 205 step 080300] loss=0.03433 lr=1.952e-04
[epoch 206 step 080400] loss=0.02569 lr=1.948e-04
[epoch 206 step 080500] loss=0.03655 lr=1.943e-04
[epoch 206 step 080600] loss=0.02410 lr=1.939e-04
[epoch 206 step 080700] loss=0.03314 lr=1.934e-04
[epoch 207 step 080800] loss=0.02088 lr=1.929e-04
[epoch 207 step 080900] loss=0.04280 lr=1.924e-04
[epoch 207 step 081000] loss=0.03471 lr=1.919e-04
[epoch 207 step 081100] loss=0.02806 lr=1.913e-04
[epoch 208 step 081200] loss=0.02391 lr=1.908e-04
[epoch 208 step 081300] loss=0.03047 lr=1.902e-04
[epoch 208 step 081400] loss=0.02797 lr=1.896e-04
[epoch 208 step 081500] loss=0.03306 lr=1.890e-04
[epoch 209 step 081600] loss=0.02236 lr=1.884e-04
[epoch 209 step 081700] loss=0.03460 lr=1.877e-04
[epoch 209 step 081800] loss=0.02598 lr=1.871e-04
[epoch 210 step 081900] loss=0.02718 lr=1.864e-04
[epoch 210 step 082000] loss=0.03102 lr=1.857e-04
[epoch 210 step 082100] loss=0.02281 lr=1.850e-04
[epoch 210 step 082200] loss=0.03002 lr=1.843e-04
[epoch 211 step 082300] loss=0.02720 lr=1.836e-04
[epoch 211 step 082400] loss=0.02510 lr=1.828e-04
[epoch 211 step 082500] loss=0.02283 lr=1.821e-04
[epoch 211 step 082600] loss=0.02556 lr=1.813e-04
[epoch 212 step 082700] loss=0.02105 lr=1.805e-04
[epoch 212 step 082800] loss=0.03327 lr=1.797e-04
[epoch 212 step 082900] loss=0.02588 lr=1.789e-04
[epoch 212 step 083000] loss=0.02450 lr=1.780e-04
[epoch 213 step 083100] loss=0.02761 lr=1.772e-04
[epoch 213 step 083200] loss=0.02149 lr=1.763e-04
[epoch 213 step 083300] loss=0.02720 lr=1.754e-04
[epoch 213 step 083400] loss=0.03053 lr=1.746e-04
[epoch 214 step 083500] loss=0.03622 lr=1.736e-04
[epoch 214 step 083600] loss=0.03495 lr=1.727e-04
[epoch 214 step 083700] loss=0.03447 lr=1.718e-04
[epoch 214 step 083800] loss=0.02403 lr=1.709e-04
[epoch 215 step 083900] loss=0.02530 lr=1.699e-04
[epoch 215 step 084000] loss=0.03129 lr=1.689e-04
[epoch 215 step 084100] loss=0.03305 lr=1.680e-04
[epoch 215 step 084200] loss=0.02579 lr=1.670e-04
[epoch 216 step 084300] loss=0.03865 lr=1.660e-04
[epoch 216 step 084400] loss=0.03696 lr=1.650e-04
[epoch 216 step 084500] loss=0.02991 lr=1.639e-04
[epoch 216 step 084600] loss=0.02996 lr=1.629e-04
[epoch 217 step 084700] loss=0.02881 lr=1.619e-04
[epoch 217 step 084800] loss=0.03798 lr=1.608e-04
[epoch 217 step 084900] loss=0.02425 lr=1.597e-04
[epoch 217 step 085000] loss=0.03745 lr=1.587e-04
[epoch 218 step 085100] loss=0.02823 lr=1.576e-04
[epoch 218 step 085200] loss=0.02857 lr=1.565e-04
[epoch 218 step 085300] loss=0.02356 lr=1.554e-04
[epoch 218 step 085400] loss=0.02683 lr=1.543e-04
[epoch 219 step 085500] loss=0.02790 lr=1.531e-04
[epoch 219 step 085600] loss=0.02570 lr=1.520e-04
[epoch 219 step 085700] loss=0.02917 lr=1.509e-04
[epoch 220 step 085800] loss=0.02245 lr=1.497e-04
[epoch 220 step 085900] loss=0.02852 lr=1.486e-04
[epoch 220 step 086000] loss=0.04471 lr=1.474e-04
[epoch 220 step 086100] loss=0.03179 lr=1.462e-04
[epoch 221 step 086200] loss=0.03492 lr=1.450e-04
[epoch 221 step 086300] loss=0.03398 lr=1.439e-04
[epoch 221 step 086400] loss=0.03510 lr=1.427e-04
[epoch 221 step 086500] loss=0.03011 lr=1.415e-04
[epoch 222 step 086600] loss=0.02414 lr=1.403e-04
[epoch 222 step 086700] loss=0.03684 lr=1.390e-04
[epoch 222 step 086800] loss=0.02639 lr=1.378e-04
[epoch 222 step 086900] loss=0.02396 lr=1.366e-04
[epoch 223 step 087000] loss=0.03027 lr=1.354e-04
[epoch 223 step 087100] loss=0.03137 lr=1.341e-04
[epoch 223 step 087200] loss=0.03222 lr=1.329e-04
[epoch 223 step 087300] loss=0.03404 lr=1.316e-04
[epoch 224 step 087400] loss=0.02715 lr=1.304e-04
[epoch 224 step 087500] loss=0.03917 lr=1.291e-04
[epoch 224 step 087600] loss=0.03678 lr=1.279e-04
[epoch 224 step 087700] loss=0.02634 lr=1.266e-04
[epoch 225 step 087800] loss=0.03582 lr=1.254e-04
[epoch 225 step 087900] loss=0.03819 lr=1.241e-04
[epoch 225 step 088000] loss=0.02824 lr=1.228e-04
[epoch 225 step 088100] loss=0.02495 lr=1.215e-04
[epoch 226 step 088200] loss=0.02004 lr=1.203e-04
[epoch 226 step 088300] loss=0.02900 lr=1.190e-04
[epoch 226 step 088400] loss=0.03223 lr=1.177e-04
[epoch 226 step 088500] loss=0.03975 lr=1.164e-04
[epoch 227 step 088600] loss=0.02596 lr=1.152e-04
[epoch 227 step 088700] loss=0.03060 lr=1.139e-04
[epoch 227 step 088800] loss=0.02835 lr=1.126e-04
[epoch 227 step 088900] loss=0.02564 lr=1.113e-04
[epoch 228 step 089000] loss=0.02537 lr=1.100e-04
[epoch 228 step 089100] loss=0.02979 lr=1.087e-04
[epoch 228 step 089200] loss=0.03139 lr=1.074e-04
[epoch 228 step 089300] loss=0.02191 lr=1.062e-04
[epoch 229 step 089400] loss=0.02336 lr=1.049e-04
[epoch 229 step 089500] loss=0.02756 lr=1.036e-04
[epoch 229 step 089600] loss=0.02974 lr=1.023e-04
[epoch 230 step 089700] loss=0.03094 lr=1.010e-04
[epoch 230 step 089800] loss=0.03591 lr=9.975e-05
[epoch 230 step 089900] loss=0.02684 lr=9.848e-05
[epoch 230 step 090000] loss=0.02085 lr=9.720e-05
[epoch 231 step 090100] loss=0.02433 lr=9.593e-05
[epoch 231 step 090200] loss=0.02546 lr=9.467e-05
[epoch 231 step 090300] loss=0.03201 lr=9.340e-05
[epoch 231 step 090400] loss=0.02696 lr=9.214e-05
[epoch 232 step 090500] loss=0.04591 lr=9.088e-05
[epoch 232 step 090600] loss=0.02452 lr=8.963e-05
[epoch 232 step 090700] loss=0.03428 lr=8.838e-05
[epoch 232 step 090800] loss=0.02496 lr=8.713e-05
[epoch 233 step 090900] loss=0.03587 lr=8.589e-05
[epoch 233 step 091000] loss=0.03492 lr=8.466e-05
[epoch 233 step 091100] loss=0.02011 lr=8.343e-05
[epoch 233 step 091200] loss=0.02748 lr=8.220e-05
[epoch 234 step 091300] loss=0.02938 lr=8.098e-05
[epoch 234 step 091400] loss=0.02303 lr=7.977e-05
[epoch 234 step 091500] loss=0.03768 lr=7.856e-05
[epoch 234 step 091600] loss=0.02713 lr=7.736e-05
[epoch 235 step 091700] loss=0.03505 lr=7.616e-05
[epoch 235 step 091800] loss=0.02601 lr=7.498e-05
[epoch 235 step 091900] loss=0.03489 lr=7.380e-05
[epoch 235 step 092000] loss=0.02986 lr=7.262e-05
[epoch 236 step 092100] loss=0.03405 lr=7.146e-05
[epoch 236 step 092200] loss=0.02825 lr=7.030e-05
[epoch 236 step 092300] loss=0.02675 lr=6.915e-05
[epoch 236 step 092400] loss=0.03325 lr=6.801e-05
[epoch 237 step 092500] loss=0.02813 lr=6.688e-05
[epoch 237 step 092600] loss=0.02475 lr=6.576e-05
[epoch 237 step 092700] loss=0.02508 lr=6.464e-05
[epoch 237 step 092800] loss=0.04141 lr=6.354e-05
[epoch 238 step 092900] loss=0.02507 lr=6.244e-05
[epoch 238 step 093000] loss=0.02499 lr=6.135e-05
[epoch 238 step 093100] loss=0.02519 lr=6.028e-05
[epoch 238 step 093200] loss=0.03844 lr=5.921e-05
[epoch 239 step 093300] loss=0.02768 lr=5.815e-05
[epoch 239 step 093400] loss=0.02437 lr=5.711e-05
[epoch 239 step 093500] loss=0.03504 lr=5.608e-05
[epoch 240 step 093600] loss=0.01946 lr=5.505e-05
[epoch 240 step 093700] loss=0.03229 lr=5.404e-05
[epoch 240 step 093800] loss=0.02833 lr=5.304e-05
[epoch 240 step 093900] loss=0.03014 lr=5.205e-05
[epoch 241 step 094000] loss=0.02403 lr=5.107e-05
[epoch 241 step 094100] loss=0.03025 lr=5.011e-05
[epoch 241 step 094200] loss=0.03032 lr=4.915e-05
[epoch 241 step 094300] loss=0.02948 lr=4.821e-05
[epoch 242 step 094400] loss=0.03833 lr=4.728e-05
[epoch 242 step 094500] loss=0.02889 lr=4.637e-05
[epoch 242 step 094600] loss=0.03089 lr=4.547e-05
[epoch 242 step 094700] loss=0.03041 lr=4.458e-05
[epoch 243 step 094800] loss=0.03844 lr=4.370e-05
[epoch 243 step 094900] loss=0.02725 lr=4.284e-05
[epoch 243 step 095000] loss=0.03070 lr=4.199e-05
[epoch 243 step 095100] loss=0.02781 lr=4.116e-05
[epoch 244 step 095200] loss=0.03211 lr=4.034e-05
[epoch 244 step 095300] loss=0.03432 lr=3.953e-05
[epoch 244 step 095400] loss=0.02308 lr=3.874e-05
[epoch 244 step 095500] loss=0.02900 lr=3.796e-05
[epoch 245 step 095600] loss=0.02816 lr=3.720e-05
[epoch 245 step 095700] loss=0.02997 lr=3.645e-05
[epoch 245 step 095800] loss=0.02421 lr=3.571e-05
[epoch 245 step 095900] loss=0.01683 lr=3.500e-05
[epoch 246 step 096000] loss=0.02879 lr=3.429e-05
[epoch 246 step 096100] loss=0.02818 lr=3.361e-05
[epoch 246 step 096200] loss=0.03248 lr=3.294e-05
[epoch 246 step 096300] loss=0.03067 lr=3.228e-05
[epoch 247 step 096400] loss=0.03653 lr=3.164e-05
[epoch 247 step 096500] loss=0.02872 lr=3.102e-05
[epoch 247 step 096600] loss=0.02744 lr=3.041e-05
[epoch 247 step 096700] loss=0.02703 lr=2.982e-05
[epoch 248 step 096800] loss=0.02630 lr=2.924e-05
[epoch 248 step 096900] loss=0.02543 lr=2.868e-05
[epoch 248 step 097000] loss=0.03409 lr=2.814e-05
[epoch 248 step 097100] loss=0.02728 lr=2.761e-05
[epoch 249 step 097200] loss=0.03500 lr=2.710e-05
[epoch 249 step 097300] loss=0.02815 lr=2.661e-05
[epoch 249 step 097400] loss=0.03031 lr=2.614e-05
[epoch 250 step 097500] loss=0.02564 lr=2.568e-05
[epoch 250 step 097600] loss=0.04136 lr=2.524e-05
[epoch 250 step 097700] loss=0.02295 lr=2.481e-05
[epoch 250 step 097800] loss=0.03553 lr=2.441e-05
[epoch 251 step 097900] loss=0.02748 lr=2.402e-05
[epoch 251 step 098000] loss=0.03085 lr=2.365e-05
[epoch 251 step 098100] loss=0.02708 lr=2.330e-05
[epoch 251 step 098200] loss=0.02381 lr=2.296e-05
[epoch 252 step 098300] loss=0.02909 lr=2.264e-05
[epoch 252 step 098400] loss=0.02013 lr=2.234e-05
[epoch 252 step 098500] loss=0.02593 lr=2.206e-05
[epoch 252 step 098600] loss=0.02641 lr=2.180e-05
[epoch 253 step 098700] loss=0.02221 lr=2.155e-05
[epoch 253 step 098800] loss=0.03990 lr=2.132e-05
[epoch 253 step 098900] loss=0.02940 lr=2.111e-05
[epoch 253 step 099000] loss=0.02704 lr=2.092e-05
[epoch 254 step 099100] loss=0.02530 lr=2.074e-05
[epoch 254 step 099200] loss=0.02571 lr=2.059e-05
[epoch 254 step 099300] loss=0.02874 lr=2.045e-05
[epoch 254 step 099400] loss=0.02517 lr=2.033e-05
[epoch 255 step 099500] loss=0.03030 lr=2.023e-05
[epoch 255 step 099600] loss=0.02451 lr=2.015e-05
[epoch 255 step 099700] loss=0.02905 lr=2.008e-05
[epoch 255 step 099800] loss=0.02411 lr=2.004e-05
[epoch 256 step 099900] loss=0.02915 lr=2.001e-05
[epoch 256 step 100000] loss=0.02777 lr=2.000e-05
Training complete in 28.5 minutes
