===== START LR5_FULL =====
/root/autodl-tmp/diffusion-models-starter-r4/projects/project1_ddpm/train.py:276: FutureWarning: `torch.cuda.amp.GradScaler(args...)` is deprecated. Please use `torch.amp.GradScaler('cuda', args...)` instead.
  scaler = GradScaler(enabled=use_amp and amp_dtype == torch.float16)
/root/autodl-tmp/diffusion-models-starter-r4/projects/project1_ddpm/train.py:344: FutureWarning: `torch.cuda.amp.autocast(args...)` is deprecated. Please use `torch.amp.autocast('cuda', args...)` instead.
  with autocast(enabled=use_amp, dtype=amp_dtype):
[epoch 000 step 000100] loss=0.96167 lr=1.000e-06
[epoch 000 step 000200] loss=0.65120 lr=2.000e-06
[epoch 000 step 000300] loss=0.26303 lr=3.000e-06
[epoch 001 step 000400] loss=0.13824 lr=4.000e-06
[epoch 001 step 000500] loss=0.13083 lr=5.000e-06
[epoch 001 step 000600] loss=0.10735 lr=6.000e-06
[epoch 001 step 000700] loss=0.11032 lr=7.000e-06
[epoch 002 step 000800] loss=0.08222 lr=8.000e-06
[epoch 002 step 000900] loss=0.10468 lr=9.000e-06
[epoch 002 step 001000] loss=0.08258 lr=1.000e-05
[epoch 002 step 001100] loss=0.09374 lr=1.100e-05
[epoch 003 step 001200] loss=0.08796 lr=1.200e-05
[epoch 003 step 001300] loss=0.07309 lr=1.300e-05
[epoch 003 step 001400] loss=0.06430 lr=1.400e-05
[epoch 003 step 001500] loss=0.08148 lr=1.500e-05
[epoch 004 step 001600] loss=0.07998 lr=1.600e-05
[epoch 004 step 001700] loss=0.08887 lr=1.700e-05
[epoch 004 step 001800] loss=0.06447 lr=1.800e-05
[epoch 004 step 001900] loss=0.07479 lr=1.900e-05
[epoch 005 step 002000] loss=0.07137 lr=2.000e-05
[epoch 005 step 002100] loss=0.06638 lr=2.100e-05
[epoch 005 step 002200] loss=0.07174 lr=2.200e-05
[epoch 005 step 002300] loss=0.06597 lr=2.300e-05
[epoch 006 step 002400] loss=0.07235 lr=2.400e-05
[epoch 006 step 002500] loss=0.07652 lr=2.500e-05
[epoch 006 step 002600] loss=0.08708 lr=2.600e-05
[epoch 006 step 002700] loss=0.07276 lr=2.700e-05
[epoch 007 step 002800] loss=0.06653 lr=2.800e-05
[epoch 007 step 002900] loss=0.06852 lr=2.900e-05
[epoch 007 step 003000] loss=0.07650 lr=3.000e-05
[epoch 007 step 003100] loss=0.06382 lr=3.100e-05
[epoch 008 step 003200] loss=0.05542 lr=3.200e-05
[epoch 008 step 003300] loss=0.05362 lr=3.300e-05
[epoch 008 step 003400] loss=0.06392 lr=3.400e-05
[epoch 008 step 003500] loss=0.07218 lr=3.500e-05
[epoch 009 step 003600] loss=0.05776 lr=3.600e-05
[epoch 009 step 003700] loss=0.06286 lr=3.700e-05
[epoch 009 step 003800] loss=0.07183 lr=3.800e-05
[epoch 009 step 003900] loss=0.05678 lr=3.900e-05
[epoch 010 step 004000] loss=0.07291 lr=4.000e-05
[epoch 010 step 004100] loss=0.06288 lr=4.100e-05
[epoch 010 step 004200] loss=0.06509 lr=4.200e-05
[epoch 011 step 004300] loss=0.05641 lr=4.300e-05
[epoch 011 step 004400] loss=0.06463 lr=4.400e-05
[epoch 011 step 004500] loss=0.07260 lr=4.500e-05
[epoch 011 step 004600] loss=0.06152 lr=4.600e-05
[epoch 012 step 004700] loss=0.05442 lr=4.700e-05
[epoch 012 step 004800] loss=0.07439 lr=4.800e-05
[epoch 012 step 004900] loss=0.05778 lr=4.900e-05
[epoch 012 step 005000] loss=0.05594 lr=5.000e-05
[epoch 013 step 005100] loss=0.06292 lr=5.000e-05
[epoch 013 step 005200] loss=0.05814 lr=5.000e-05
[epoch 013 step 005300] loss=0.05051 lr=5.000e-05
[epoch 013 step 005400] loss=0.05296 lr=5.000e-05
[epoch 014 step 005500] loss=0.06935 lr=5.000e-05
[epoch 014 step 005600] loss=0.05506 lr=5.000e-05
[epoch 014 step 005700] loss=0.06145 lr=5.000e-05
[epoch 014 step 005800] loss=0.05144 lr=5.000e-05
[epoch 015 step 005900] loss=0.05575 lr=5.000e-05
[epoch 015 step 006000] loss=0.06531 lr=5.000e-05
[epoch 015 step 006100] loss=0.04657 lr=5.000e-05
[epoch 015 step 006200] loss=0.06753 lr=5.000e-05
[epoch 016 step 006300] loss=0.04700 lr=5.000e-05
[epoch 016 step 006400] loss=0.07200 lr=5.000e-05
[epoch 016 step 006500] loss=0.05991 lr=5.000e-05
[epoch 016 step 006600] loss=0.05086 lr=5.000e-05
[epoch 017 step 006700] loss=0.07378 lr=5.000e-05
[epoch 017 step 006800] loss=0.07940 lr=5.000e-05
[epoch 017 step 006900] loss=0.04196 lr=5.000e-05
[epoch 017 step 007000] loss=0.06085 lr=5.000e-05
[epoch 018 step 007100] loss=0.06917 lr=5.000e-05
[epoch 018 step 007200] loss=0.05659 lr=5.000e-05
[epoch 018 step 007300] loss=0.05736 lr=5.000e-05
[epoch 018 step 007400] loss=0.06070 lr=5.000e-05
[epoch 019 step 007500] loss=0.05291 lr=5.000e-05
[epoch 019 step 007600] loss=0.05731 lr=5.000e-05
[epoch 019 step 007700] loss=0.05519 lr=5.000e-05
[epoch 019 step 007800] loss=0.06162 lr=5.000e-05
[epoch 020 step 007900] loss=0.05377 lr=5.000e-05
[epoch 020 step 008000] loss=0.06414 lr=5.000e-05
[epoch 020 step 008100] loss=0.06903 lr=5.000e-05
[epoch 021 step 008200] loss=0.05516 lr=5.000e-05
[epoch 021 step 008300] loss=0.05998 lr=5.000e-05
[epoch 021 step 008400] loss=0.04908 lr=5.000e-05
[epoch 021 step 008500] loss=0.05503 lr=5.000e-05
[epoch 022 step 008600] loss=0.07974 lr=5.000e-05
[epoch 022 step 008700] loss=0.04466 lr=5.000e-05
[epoch 022 step 008800] loss=0.05941 lr=5.000e-05
[epoch 022 step 008900] loss=0.06154 lr=5.000e-05
[epoch 023 step 009000] loss=0.05527 lr=5.000e-05
[epoch 023 step 009100] loss=0.07144 lr=5.000e-05
[epoch 023 step 009200] loss=0.06155 lr=5.000e-05
[epoch 023 step 009300] loss=0.04589 lr=5.000e-05
[epoch 024 step 009400] loss=0.06326 lr=5.000e-05
[epoch 024 step 009500] loss=0.06588 lr=5.000e-05
[epoch 024 step 009600] loss=0.04382 lr=5.000e-05
[epoch 024 step 009700] loss=0.06676 lr=5.000e-05
[epoch 025 step 009800] loss=0.06333 lr=5.000e-05
[epoch 025 step 009900] loss=0.05919 lr=5.000e-05
[epoch 025 step 010000] loss=0.05940 lr=5.000e-05
[epoch 025 step 010100] loss=0.04834 lr=5.000e-05
[epoch 026 step 010200] loss=0.05564 lr=5.000e-05
[epoch 026 step 010300] loss=0.06724 lr=5.000e-05
[epoch 026 step 010400] loss=0.05529 lr=5.000e-05
[epoch 026 step 010500] loss=0.06778 lr=5.000e-05
[epoch 027 step 010600] loss=0.05418 lr=5.000e-05
[epoch 027 step 010700] loss=0.06322 lr=5.000e-05
[epoch 027 step 010800] loss=0.04907 lr=5.000e-05
[epoch 027 step 010900] loss=0.07051 lr=5.000e-05
[epoch 028 step 011000] loss=0.06553 lr=5.000e-05
[epoch 028 step 011100] loss=0.06723 lr=5.000e-05
[epoch 028 step 011200] loss=0.04114 lr=5.000e-05
[epoch 028 step 011300] loss=0.06504 lr=5.000e-05
[epoch 029 step 011400] loss=0.06414 lr=5.000e-05
[epoch 029 step 011500] loss=0.06149 lr=5.000e-05
[epoch 029 step 011600] loss=0.05632 lr=5.000e-05
[epoch 029 step 011700] loss=0.04213 lr=5.000e-05
[epoch 030 step 011800] loss=0.06786 lr=5.000e-05
[epoch 030 step 011900] loss=0.06499 lr=5.000e-05
[epoch 030 step 012000] loss=0.04651 lr=5.000e-05
[epoch 031 step 012100] loss=0.04773 lr=5.000e-05
[epoch 031 attempt 012167] optimizer step skipped; scaler=2097152.0
[epoch 031 step 012200] loss=0.06211 lr=5.000e-05
[epoch 031 step 012300] loss=0.04611 lr=5.000e-05
[epoch 031 step 012400] loss=0.06315 lr=5.000e-05
[epoch 032 step 012500] loss=0.05477 lr=5.000e-05
[epoch 032 step 012600] loss=0.05486 lr=5.000e-05
[epoch 032 step 012700] loss=0.04496 lr=5.000e-05
[epoch 032 step 012800] loss=0.05358 lr=5.000e-05
[epoch 033 step 012900] loss=0.05450 lr=5.000e-05
[epoch 033 step 013000] loss=0.06613 lr=5.000e-05
[epoch 033 step 013100] loss=0.07146 lr=5.000e-05
[epoch 033 step 013200] loss=0.05611 lr=5.000e-05
[epoch 034 step 013300] loss=0.06213 lr=5.000e-05
[epoch 034 step 013400] loss=0.06876 lr=5.000e-05
[epoch 034 step 013500] loss=0.06544 lr=5.000e-05
[epoch 034 step 013600] loss=0.06709 lr=5.000e-05
[epoch 035 step 013700] loss=0.05832 lr=5.000e-05
[epoch 035 step 013800] loss=0.06267 lr=5.000e-05
[epoch 035 step 013900] loss=0.05914 lr=5.000e-05
[epoch 035 step 014000] loss=0.06532 lr=5.000e-05
[epoch 036 step 014100] loss=0.05553 lr=5.000e-05
[epoch 036 step 014200] loss=0.06072 lr=5.000e-05
[epoch 036 step 014300] loss=0.05182 lr=5.000e-05
[epoch 036 step 014400] loss=0.04614 lr=5.000e-05
[epoch 037 attempt 014443] optimizer step skipped; scaler=2097152.0
[epoch 037 step 014500] loss=0.05524 lr=5.000e-05
[epoch 037 step 014600] loss=0.05783 lr=5.000e-05
[epoch 037 step 014700] loss=0.05330 lr=5.000e-05
[epoch 037 step 014800] loss=0.06870 lr=5.000e-05
[epoch 038 step 014900] loss=0.05696 lr=5.000e-05
[epoch 038 step 015000] loss=0.06267 lr=5.000e-05
[epoch 038 step 015100] loss=0.05628 lr=5.000e-05
[epoch 038 step 015200] loss=0.06865 lr=5.000e-05
[epoch 039 step 015300] loss=0.05736 lr=5.000e-05
[epoch 039 step 015400] loss=0.05770 lr=5.000e-05
[epoch 039 step 015500] loss=0.06167 lr=5.000e-05
[epoch 040 step 015600] loss=0.06849 lr=5.000e-05
[epoch 040 step 015700] loss=0.06144 lr=5.000e-05
[epoch 040 step 015800] loss=0.05600 lr=5.000e-05
[epoch 040 step 015900] loss=0.05695 lr=5.000e-05
[epoch 041 step 016000] loss=0.05929 lr=5.000e-05
[epoch 041 step 016100] loss=0.05303 lr=5.000e-05
[epoch 041 step 016200] loss=0.05628 lr=5.000e-05
[epoch 041 step 016300] loss=0.06244 lr=5.000e-05
[epoch 042 step 016400] loss=0.06541 lr=5.000e-05
[epoch 042 step 016500] loss=0.05552 lr=5.000e-05
[epoch 042 step 016600] loss=0.05695 lr=5.000e-05
[epoch 042 step 016700] loss=0.05723 lr=5.000e-05
[epoch 043 step 016800] loss=0.08499 lr=5.000e-05
[epoch 043 attempt 016837] optimizer step skipped; scaler=2097152.0
[epoch 043 step 016900] loss=0.06118 lr=5.000e-05
[epoch 043 step 017000] loss=0.04036 lr=5.000e-05
[epoch 043 step 017100] loss=0.04957 lr=5.000e-05
[epoch 044 step 017200] loss=0.06054 lr=5.000e-05
[epoch 044 step 017300] loss=0.04930 lr=5.000e-05
[epoch 044 step 017400] loss=0.05764 lr=5.000e-05
[epoch 044 step 017500] loss=0.05096 lr=5.000e-05
[epoch 045 step 017600] loss=0.04579 lr=5.000e-05
[epoch 045 step 017700] loss=0.07055 lr=5.000e-05
[epoch 045 step 017800] loss=0.04663 lr=5.000e-05
[epoch 045 step 017900] loss=0.04804 lr=5.000e-05
[epoch 046 step 018000] loss=0.04831 lr=5.000e-05
[epoch 046 step 018100] loss=0.05341 lr=5.000e-05
[epoch 046 step 018200] loss=0.04975 lr=5.000e-05
[epoch 046 step 018300] loss=0.05880 lr=5.000e-05
[epoch 047 step 018400] loss=0.06329 lr=5.000e-05
[epoch 047 step 018500] loss=0.06464 lr=5.000e-05
[epoch 047 step 018600] loss=0.06303 lr=5.000e-05
[epoch 047 step 018700] loss=0.06125 lr=5.000e-05
[epoch 048 step 018800] loss=0.04671 lr=5.000e-05
[epoch 048 step 018900] loss=0.04566 lr=5.000e-05
[epoch 048 step 019000] loss=0.04999 lr=5.000e-05
[epoch 048 step 019100] loss=0.06368 lr=5.000e-05
[epoch 049 step 019200] loss=0.05342 lr=5.000e-05
[epoch 049 step 019300] loss=0.04877 lr=5.000e-05
[epoch 049 step 019400] loss=0.05040 lr=5.000e-05
[epoch 050 step 019500] loss=0.06011 lr=5.000e-05
[epoch 050 step 019600] loss=0.06060 lr=5.000e-05
[epoch 050 step 019700] loss=0.05807 lr=5.000e-05
[epoch 050 step 019800] loss=0.05759 lr=5.000e-05
[epoch 050 attempt 019878] optimizer step skipped; scaler=2097152.0
[epoch 051 step 019900] loss=0.04851 lr=5.000e-05
[epoch 051 step 020000] loss=0.05818 lr=5.000e-05
[epoch 051 step 020100] loss=0.06623 lr=5.000e-05
[epoch 051 step 020200] loss=0.04285 lr=5.000e-05
[epoch 052 step 020300] loss=0.05250 lr=5.000e-05
[epoch 052 step 020400] loss=0.05938 lr=5.000e-05
[epoch 052 step 020500] loss=0.04278 lr=5.000e-05
[epoch 052 step 020600] loss=0.05566 lr=5.000e-05
[epoch 053 step 020700] loss=0.05890 lr=5.000e-05
[epoch 053 step 020800] loss=0.06239 lr=5.000e-05
[epoch 053 step 020900] loss=0.07279 lr=5.000e-05
[epoch 053 step 021000] loss=0.06327 lr=5.000e-05
[epoch 054 step 021100] loss=0.06220 lr=5.000e-05
[epoch 054 step 021200] loss=0.06357 lr=5.000e-05
[epoch 054 step 021300] loss=0.05083 lr=5.000e-05
[epoch 054 step 021400] loss=0.06142 lr=5.000e-05
[epoch 055 step 021500] loss=0.06558 lr=5.000e-05
[epoch 055 step 021600] loss=0.05946 lr=5.000e-05
[epoch 055 step 021700] loss=0.06027 lr=5.000e-05
[epoch 055 step 021800] loss=0.06048 lr=5.000e-05
[epoch 056 step 021900] loss=0.06282 lr=5.000e-05
[epoch 056 step 022000] loss=0.06770 lr=5.000e-05
[epoch 056 step 022100] loss=0.06109 lr=5.000e-05
[epoch 056 step 022200] loss=0.05531 lr=5.000e-05
[epoch 057 step 022300] loss=0.04508 lr=5.000e-05
[epoch 057 step 022400] loss=0.06144 lr=5.000e-05
[epoch 057 step 022500] loss=0.05950 lr=5.000e-05
[epoch 057 step 022600] loss=0.07025 lr=5.000e-05
[epoch 058 step 022700] loss=0.06039 lr=5.000e-05
[epoch 058 step 022800] loss=0.06237 lr=5.000e-05
[epoch 058 step 022900] loss=0.04784 lr=5.000e-05
[epoch 058 step 023000] loss=0.06403 lr=5.000e-05
[epoch 059 step 023100] loss=0.05021 lr=5.000e-05
[epoch 059 step 023200] loss=0.05282 lr=5.000e-05
[epoch 059 step 023300] loss=0.06338 lr=5.000e-05
[epoch 060 step 023400] loss=0.05480 lr=5.000e-05
[epoch 060 step 023500] loss=0.05006 lr=5.000e-05
[epoch 060 step 023600] loss=0.04915 lr=5.000e-05
[epoch 060 step 023700] loss=0.05373 lr=5.000e-05
[epoch 061 step 023800] loss=0.05952 lr=5.000e-05
[epoch 061 attempt 023880] optimizer step skipped; scaler=4194304.0
[epoch 061 step 023900] loss=0.05403 lr=5.000e-05
[epoch 061 step 024000] loss=0.05187 lr=5.000e-05
[epoch 061 step 024100] loss=0.06387 lr=5.000e-05
[epoch 062 step 024200] loss=0.05169 lr=5.000e-05
[epoch 062 step 024300] loss=0.05451 lr=5.000e-05
[epoch 062 step 024400] loss=0.05524 lr=5.000e-05
[epoch 062 step 024500] loss=0.05387 lr=5.000e-05
[epoch 063 step 024600] loss=0.05712 lr=5.000e-05
[epoch 063 step 024700] loss=0.05877 lr=5.000e-05
[epoch 063 step 024800] loss=0.06245 lr=5.000e-05
[epoch 063 step 024900] loss=0.05529 lr=5.000e-05
[epoch 064 step 025000] loss=0.05959 lr=5.000e-05
[epoch 064 step 025100] loss=0.05535 lr=5.000e-05
[epoch 064 step 025200] loss=0.05718 lr=5.000e-05
[epoch 064 step 025300] loss=0.04893 lr=5.000e-05
[epoch 065 step 025400] loss=0.05665 lr=5.000e-05
[epoch 065 step 025500] loss=0.05623 lr=5.000e-05
[epoch 065 step 025600] loss=0.04801 lr=5.000e-05
[epoch 065 step 025700] loss=0.04657 lr=5.000e-05
[epoch 066 step 025800] loss=0.05151 lr=5.000e-05
[epoch 066 attempt 025881] optimizer step skipped; scaler=4194304.0
[epoch 066 step 025900] loss=0.06107 lr=5.000e-05
[epoch 066 step 026000] loss=0.05242 lr=5.000e-05
[epoch 066 step 026100] loss=0.05698 lr=5.000e-05
[epoch 067 step 026200] loss=0.04947 lr=5.000e-05
[epoch 067 step 026300] loss=0.06314 lr=5.000e-05
[epoch 067 step 026400] loss=0.07305 lr=5.000e-05
[epoch 067 step 026500] loss=0.06231 lr=5.000e-05
[epoch 068 step 026600] loss=0.06081 lr=5.000e-05
[epoch 068 step 026700] loss=0.05517 lr=5.000e-05
[epoch 068 step 026800] loss=0.04507 lr=5.000e-05
[epoch 068 step 026900] loss=0.05123 lr=5.000e-05
[epoch 069 step 027000] loss=0.06275 lr=5.000e-05
[epoch 069 step 027100] loss=0.05682 lr=5.000e-05
[epoch 069 step 027200] loss=0.04669 lr=5.000e-05
[epoch 070 step 027300] loss=0.05439 lr=5.000e-05
[epoch 070 step 027400] loss=0.05830 lr=5.000e-05
[epoch 070 step 027500] loss=0.05464 lr=5.000e-05
[epoch 070 step 027600] loss=0.06142 lr=5.000e-05
[epoch 071 step 027700] loss=0.06442 lr=5.000e-05
[epoch 071 step 027800] loss=0.05474 lr=5.000e-05
[epoch 071 attempt 027883] optimizer step skipped; scaler=4194304.0
[epoch 071 step 027900] loss=0.05747 lr=5.000e-05
[epoch 071 step 028000] loss=0.05311 lr=5.000e-05
[epoch 072 step 028100] loss=0.06601 lr=5.000e-05
[epoch 072 step 028200] loss=0.05380 lr=5.000e-05
[epoch 072 step 028300] loss=0.06463 lr=5.000e-05
[epoch 072 step 028400] loss=0.04936 lr=5.000e-05
[epoch 073 step 028500] loss=0.06981 lr=5.000e-05
[epoch 073 step 028600] loss=0.05497 lr=5.000e-05
[epoch 073 step 028700] loss=0.06159 lr=5.000e-05
[epoch 073 step 028800] loss=0.04856 lr=5.000e-05
[epoch 074 step 028900] loss=0.06196 lr=5.000e-05
[epoch 074 step 029000] loss=0.05992 lr=5.000e-05
[epoch 074 step 029100] loss=0.05114 lr=5.000e-05
[epoch 074 step 029200] loss=0.06505 lr=5.000e-05
[epoch 075 step 029300] loss=0.04784 lr=5.000e-05
[epoch 075 step 029400] loss=0.05761 lr=5.000e-05
[epoch 075 step 029500] loss=0.05275 lr=5.000e-05
[epoch 075 step 029600] loss=0.06576 lr=5.000e-05
[epoch 076 step 029700] loss=0.07938 lr=5.000e-05
[epoch 076 step 029800] loss=0.07795 lr=5.000e-05
[epoch 076 attempt 029889] optimizer step skipped; scaler=4194304.0
[epoch 076 step 029900] loss=0.05621 lr=5.000e-05
[epoch 076 step 030000] loss=0.05840 lr=5.000e-05
[epoch 077 step 030100] loss=0.06124 lr=5.000e-05
[epoch 077 step 030200] loss=0.05243 lr=5.000e-05
[epoch 077 step 030300] loss=0.06257 lr=5.000e-05
[epoch 077 step 030400] loss=0.07266 lr=5.000e-05
[epoch 078 step 030500] loss=0.04941 lr=5.000e-05
[epoch 078 step 030600] loss=0.05043 lr=5.000e-05
[epoch 078 step 030700] loss=0.06272 lr=5.000e-05
[epoch 078 step 030800] loss=0.06217 lr=5.000e-05
[epoch 079 step 030900] loss=0.06433 lr=5.000e-05
[epoch 079 step 031000] loss=0.06075 lr=5.000e-05
[epoch 079 step 031100] loss=0.05357 lr=5.000e-05
[epoch 080 step 031200] loss=0.05960 lr=5.000e-05
[epoch 080 step 031300] loss=0.04784 lr=5.000e-05
[epoch 080 step 031400] loss=0.05642 lr=5.000e-05
[epoch 080 step 031500] loss=0.05731 lr=5.000e-05
[epoch 081 step 031600] loss=0.05549 lr=5.000e-05
[epoch 081 step 031700] loss=0.05192 lr=5.000e-05
[epoch 081 step 031800] loss=0.07599 lr=5.000e-05
[epoch 081 attempt 031895] optimizer step skipped; scaler=4194304.0
[epoch 081 step 031900] loss=0.06359 lr=5.000e-05
[epoch 082 step 032000] loss=0.06365 lr=5.000e-05
[epoch 082 step 032100] loss=0.05146 lr=5.000e-05
[epoch 082 step 032200] loss=0.05604 lr=5.000e-05
[epoch 082 step 032300] loss=0.05508 lr=5.000e-05
[epoch 083 step 032400] loss=0.05620 lr=5.000e-05
[epoch 083 step 032500] loss=0.04699 lr=5.000e-05
[epoch 083 step 032600] loss=0.05259 lr=5.000e-05
[epoch 083 step 032700] loss=0.06039 lr=5.000e-05
[epoch 084 step 032800] loss=0.05944 lr=5.000e-05
[epoch 084 step 032900] loss=0.05723 lr=5.000e-05
[epoch 084 step 033000] loss=0.05392 lr=5.000e-05
[epoch 084 step 033100] loss=0.04494 lr=5.000e-05
[epoch 085 step 033200] loss=0.05432 lr=5.000e-05
[epoch 085 step 033300] loss=0.04022 lr=5.000e-05
[epoch 085 step 033400] loss=0.05842 lr=5.000e-05
[epoch 085 step 033500] loss=0.04818 lr=5.000e-05
[epoch 086 step 033600] loss=0.05684 lr=5.000e-05
[epoch 086 step 033700] loss=0.05279 lr=5.000e-05
[epoch 086 step 033800] loss=0.06468 lr=5.000e-05
[epoch 086 attempt 033900] optimizer step skipped; scaler=4194304.0
[epoch 086 step 033900] loss=0.04669 lr=5.000e-05
[epoch 087 step 034000] loss=0.05820 lr=5.000e-05
[epoch 087 step 034100] loss=0.06133 lr=5.000e-05
[epoch 087 step 034200] loss=0.04986 lr=5.000e-05
[epoch 087 step 034300] loss=0.05808 lr=5.000e-05
[epoch 088 step 034400] loss=0.06707 lr=5.000e-05
[epoch 088 step 034500] loss=0.05545 lr=5.000e-05
[epoch 088 step 034600] loss=0.04913 lr=5.000e-05
[epoch 088 step 034700] loss=0.04759 lr=5.000e-05
[epoch 089 step 034800] loss=0.06886 lr=5.000e-05
[epoch 089 step 034900] loss=0.05307 lr=5.000e-05
[epoch 089 step 035000] loss=0.06410 lr=5.000e-05
[epoch 090 step 035100] loss=0.04892 lr=5.000e-05
[epoch 090 step 035200] loss=0.04800 lr=5.000e-05
[epoch 090 step 035300] loss=0.05520 lr=5.000e-05
[epoch 090 step 035400] loss=0.05140 lr=5.000e-05
[epoch 091 step 035500] loss=0.05903 lr=5.000e-05
[epoch 091 step 035600] loss=0.06117 lr=5.000e-05
[epoch 091 step 035700] loss=0.05327 lr=5.000e-05
[epoch 091 step 035800] loss=0.06775 lr=5.000e-05
[epoch 092 step 035900] loss=0.06432 lr=5.000e-05
[epoch 092 attempt 035959] optimizer step skipped; scaler=4194304.0
[epoch 092 step 036000] loss=0.05605 lr=5.000e-05
[epoch 092 step 036100] loss=0.05598 lr=5.000e-05
[epoch 092 step 036200] loss=0.04814 lr=5.000e-05
[epoch 093 step 036300] loss=0.05380 lr=5.000e-05
[epoch 093 step 036400] loss=0.06090 lr=5.000e-05
[epoch 093 step 036500] loss=0.05854 lr=5.000e-05
[epoch 093 step 036600] loss=0.05159 lr=5.000e-05
[epoch 094 step 036700] loss=0.06127 lr=5.000e-05
[epoch 094 step 036800] loss=0.05980 lr=5.000e-05
[epoch 094 step 036900] loss=0.05164 lr=5.000e-05
[epoch 094 step 037000] loss=0.05098 lr=5.000e-05
[epoch 095 step 037100] loss=0.06353 lr=5.000e-05
[epoch 095 step 037200] loss=0.05356 lr=5.000e-05
[epoch 095 step 037300] loss=0.05707 lr=5.000e-05
[epoch 095 step 037400] loss=0.05916 lr=5.000e-05
[epoch 096 step 037500] loss=0.04548 lr=5.000e-05
[epoch 096 step 037600] loss=0.06941 lr=5.000e-05
[epoch 096 step 037700] loss=0.05066 lr=5.000e-05
[epoch 096 step 037800] loss=0.05065 lr=5.000e-05
[epoch 097 step 037900] loss=0.05105 lr=5.000e-05
[epoch 097 attempt 037968] optimizer step skipped; scaler=4194304.0
[epoch 097 step 038000] loss=0.06145 lr=5.000e-05
[epoch 097 step 038100] loss=0.04849 lr=5.000e-05
[epoch 097 step 038200] loss=0.05770 lr=5.000e-05
[epoch 098 step 038300] loss=0.06028 lr=5.000e-05
[epoch 098 step 038400] loss=0.06493 lr=5.000e-05
[epoch 098 step 038500] loss=0.06105 lr=5.000e-05
[epoch 099 step 038600] loss=0.06406 lr=5.000e-05
[epoch 099 step 038700] loss=0.06145 lr=5.000e-05
[epoch 099 step 038800] loss=0.06139 lr=5.000e-05
[epoch 099 step 038900] loss=0.05078 lr=5.000e-05
[epoch 100 step 039000] loss=0.07260 lr=5.000e-05
[epoch 100 step 039100] loss=0.04651 lr=5.000e-05
[epoch 100 step 039200] loss=0.05470 lr=5.000e-05
[epoch 100 step 039300] loss=0.06208 lr=5.000e-05
[epoch 101 step 039400] loss=0.05756 lr=5.000e-05
[epoch 101 step 039500] loss=0.05688 lr=5.000e-05
[epoch 101 step 039600] loss=0.04790 lr=5.000e-05
[epoch 101 step 039700] loss=0.05255 lr=5.000e-05
[epoch 102 step 039800] loss=0.05977 lr=5.000e-05
[epoch 102 step 039900] loss=0.06045 lr=5.000e-05
[epoch 102 attempt 039969] optimizer step skipped; scaler=4194304.0
[epoch 102 step 040000] loss=0.05146 lr=5.000e-05
[epoch 102 step 040100] loss=0.07048 lr=5.000e-05
[epoch 103 step 040200] loss=0.06529 lr=5.000e-05
[epoch 103 step 040300] loss=0.05207 lr=5.000e-05
[epoch 103 step 040400] loss=0.05317 lr=5.000e-05
[epoch 103 step 040500] loss=0.06867 lr=5.000e-05
[epoch 104 step 040600] loss=0.04653 lr=5.000e-05
[epoch 104 step 040700] loss=0.05613 lr=5.000e-05
[epoch 104 step 040800] loss=0.07635 lr=5.000e-05
[epoch 104 step 040900] loss=0.06115 lr=5.000e-05
[epoch 105 step 041000] loss=0.07705 lr=5.000e-05
[epoch 105 step 041100] loss=0.07315 lr=5.000e-05
[epoch 105 step 041200] loss=0.06326 lr=5.000e-05
[epoch 105 step 041300] loss=0.05957 lr=5.000e-05
[epoch 106 step 041400] loss=0.04984 lr=5.000e-05
[epoch 106 step 041500] loss=0.06198 lr=5.000e-05
[epoch 106 step 041600] loss=0.04746 lr=5.000e-05
[epoch 106 step 041700] loss=0.05468 lr=5.000e-05
[epoch 107 step 041800] loss=0.06010 lr=5.000e-05
[epoch 107 step 041900] loss=0.05747 lr=5.000e-05
[epoch 107 attempt 041975] optimizer step skipped; scaler=4194304.0
[epoch 107 step 042000] loss=0.04898 lr=5.000e-05
[epoch 107 step 042100] loss=0.04732 lr=5.000e-05
[epoch 108 step 042200] loss=0.07148 lr=5.000e-05
[epoch 108 step 042300] loss=0.05214 lr=5.000e-05
[epoch 108 step 042400] loss=0.05791 lr=5.000e-05
[epoch 109 step 042500] loss=0.05289 lr=5.000e-05
[epoch 109 step 042600] loss=0.05947 lr=5.000e-05
[epoch 109 step 042700] loss=0.05182 lr=5.000e-05
[epoch 109 step 042800] loss=0.06397 lr=5.000e-05
[epoch 110 step 042900] loss=0.05505 lr=5.000e-05
[epoch 110 step 043000] loss=0.05180 lr=5.000e-05
[epoch 110 step 043100] loss=0.05504 lr=5.000e-05
[epoch 110 step 043200] loss=0.07200 lr=5.000e-05
[epoch 111 step 043300] loss=0.05282 lr=5.000e-05
[epoch 111 step 043400] loss=0.06497 lr=5.000e-05
[epoch 111 step 043500] loss=0.06481 lr=5.000e-05
[epoch 111 step 043600] loss=0.07631 lr=5.000e-05
[epoch 112 step 043700] loss=0.05897 lr=5.000e-05
[epoch 112 step 043800] loss=0.06088 lr=5.000e-05
[epoch 112 step 043900] loss=0.06486 lr=5.000e-05
[epoch 112 attempt 043976] optimizer step skipped; scaler=4194304.0
[epoch 112 step 044000] loss=0.05324 lr=5.000e-05
[epoch 113 step 044100] loss=0.05972 lr=5.000e-05
[epoch 113 step 044200] loss=0.05493 lr=5.000e-05
[epoch 113 step 044300] loss=0.04484 lr=5.000e-05
[epoch 113 step 044400] loss=0.05801 lr=5.000e-05
[epoch 114 step 044500] loss=0.06233 lr=5.000e-05
[epoch 114 step 044600] loss=0.05921 lr=5.000e-05
[epoch 114 step 044700] loss=0.04799 lr=5.000e-05
[epoch 114 step 044800] loss=0.06499 lr=5.000e-05
[epoch 115 step 044900] loss=0.05157 lr=5.000e-05
[epoch 115 step 045000] loss=0.05659 lr=5.000e-05
[epoch 115 step 045100] loss=0.05270 lr=5.000e-05
[epoch 115 step 045200] loss=0.04601 lr=5.000e-05
[epoch 116 step 045300] loss=0.05265 lr=5.000e-05
[epoch 116 step 045400] loss=0.07160 lr=5.000e-05
[epoch 116 step 045500] loss=0.04972 lr=5.000e-05
[epoch 116 step 045600] loss=0.05955 lr=5.000e-05
[epoch 117 step 045700] loss=0.06541 lr=5.000e-05
[epoch 117 step 045800] loss=0.05226 lr=5.000e-05
[epoch 117 step 045900] loss=0.05831 lr=5.000e-05
[epoch 117 attempt 046000] optimizer step skipped; scaler=4194304.0
[epoch 117 step 046000] loss=0.04524 lr=5.000e-05
[epoch 118 step 046100] loss=0.05353 lr=5.000e-05
[epoch 118 step 046200] loss=0.06298 lr=5.000e-05
[epoch 118 step 046300] loss=0.05667 lr=5.000e-05
[epoch 119 step 046400] loss=0.05422 lr=5.000e-05
[epoch 119 step 046500] loss=0.06370 lr=5.000e-05
[epoch 119 step 046600] loss=0.06206 lr=5.000e-05
[epoch 119 step 046700] loss=0.05105 lr=5.000e-05
[epoch 120 step 046800] loss=0.04765 lr=5.000e-05
[epoch 120 step 046900] loss=0.05124 lr=5.000e-05
[epoch 120 step 047000] loss=0.04744 lr=5.000e-05
[epoch 120 step 047100] loss=0.04655 lr=5.000e-05
[epoch 121 step 047200] loss=0.05383 lr=5.000e-05
[epoch 121 step 047300] loss=0.05020 lr=5.000e-05
[epoch 121 step 047400] loss=0.06791 lr=5.000e-05
[epoch 121 step 047500] loss=0.05180 lr=5.000e-05
[epoch 122 step 047600] loss=0.04688 lr=5.000e-05
[epoch 122 step 047700] loss=0.05625 lr=5.000e-05
[epoch 122 step 047800] loss=0.06028 lr=5.000e-05
[epoch 122 step 047900] loss=0.06017 lr=5.000e-05
[epoch 123 attempt 048016] optimizer step skipped; scaler=4194304.0
[epoch 123 step 048000] loss=0.05520 lr=5.000e-05
[epoch 123 step 048100] loss=0.05882 lr=5.000e-05
[epoch 123 step 048200] loss=0.05282 lr=5.000e-05
[epoch 123 step 048300] loss=0.06107 lr=5.000e-05
[epoch 124 step 048400] loss=0.05837 lr=5.000e-05
[epoch 124 step 048500] loss=0.04549 lr=5.000e-05
[epoch 124 step 048600] loss=0.07185 lr=5.000e-05
[epoch 124 step 048700] loss=0.05359 lr=5.000e-05
[epoch 125 step 048800] loss=0.05892 lr=5.000e-05
[epoch 125 step 048900] loss=0.05868 lr=5.000e-05
[epoch 125 step 049000] loss=0.05107 lr=5.000e-05
[epoch 125 step 049100] loss=0.05175 lr=5.000e-05
[epoch 126 step 049200] loss=0.05821 lr=5.000e-05
[epoch 126 step 049300] loss=0.04750 lr=5.000e-05
[epoch 126 step 049400] loss=0.05011 lr=5.000e-05
[epoch 126 step 049500] loss=0.06010 lr=5.000e-05
[epoch 127 step 049600] loss=0.05761 lr=5.000e-05
[epoch 127 step 049700] loss=0.05434 lr=5.000e-05
[epoch 127 step 049800] loss=0.05878 lr=5.000e-05
[epoch 127 step 049900] loss=0.06113 lr=5.000e-05
[epoch 128 step 050000] loss=0.05752 lr=5.000e-05
[epoch 128 attempt 050038] optimizer step skipped; scaler=4194304.0
[epoch 128 step 050100] loss=0.05405 lr=5.000e-05
[epoch 128 step 050200] loss=0.05151 lr=5.000e-05
[epoch 129 step 050300] loss=0.05035 lr=5.000e-05
[epoch 129 step 050400] loss=0.04732 lr=5.000e-05
[epoch 129 step 050500] loss=0.05197 lr=5.000e-05
[epoch 129 step 050600] loss=0.05918 lr=5.000e-05
[epoch 130 step 050700] loss=0.04166 lr=5.000e-05
[epoch 130 step 050800] loss=0.05493 lr=5.000e-05
[epoch 130 step 050900] loss=0.05128 lr=5.000e-05
[epoch 130 step 051000] loss=0.04374 lr=5.000e-05
[epoch 131 step 051100] loss=0.05020 lr=5.000e-05
[epoch 131 step 051200] loss=0.06019 lr=5.000e-05
[epoch 131 step 051300] loss=0.05806 lr=5.000e-05
[epoch 131 step 051400] loss=0.04734 lr=5.000e-05
[epoch 132 step 051500] loss=0.05994 lr=5.000e-05
[epoch 132 step 051600] loss=0.05329 lr=5.000e-05
[epoch 132 step 051700] loss=0.06936 lr=5.000e-05
[epoch 132 step 051800] loss=0.05213 lr=5.000e-05
[epoch 133 step 051900] loss=0.05071 lr=5.000e-05
[epoch 133 step 052000] loss=0.05562 lr=5.000e-05
[epoch 133 attempt 052041] optimizer step skipped; scaler=4194304.0
[epoch 133 step 052100] loss=0.06045 lr=5.000e-05
[epoch 133 step 052200] loss=0.05139 lr=5.000e-05
[epoch 134 step 052300] loss=0.05807 lr=5.000e-05
[epoch 134 step 052400] loss=0.05582 lr=5.000e-05
[epoch 134 step 052500] loss=0.05775 lr=5.000e-05
[epoch 134 step 052600] loss=0.06267 lr=5.000e-05
[epoch 135 step 052700] loss=0.04810 lr=5.000e-05
[epoch 135 step 052800] loss=0.05297 lr=5.000e-05
[epoch 135 step 052900] loss=0.06409 lr=5.000e-05
[epoch 135 step 053000] loss=0.05684 lr=5.000e-05
[epoch 136 step 053100] loss=0.06310 lr=5.000e-05
[epoch 136 step 053200] loss=0.06578 lr=5.000e-05
[epoch 136 step 053300] loss=0.05410 lr=5.000e-05
[epoch 136 step 053400] loss=0.06309 lr=5.000e-05
[epoch 137 step 053500] loss=0.07436 lr=5.000e-05
[epoch 137 step 053600] loss=0.05147 lr=5.000e-05
[epoch 137 step 053700] loss=0.05193 lr=5.000e-05
[epoch 137 step 053800] loss=0.05770 lr=5.000e-05
[epoch 138 step 053900] loss=0.05301 lr=5.000e-05
[epoch 138 step 054000] loss=0.05926 lr=5.000e-05
[epoch 138 attempt 054063] optimizer step skipped; scaler=4194304.0
[epoch 138 step 054100] loss=0.05686 lr=5.000e-05
[epoch 139 step 054200] loss=0.05524 lr=5.000e-05
[epoch 139 step 054300] loss=0.05629 lr=5.000e-05
[epoch 139 step 054400] loss=0.06643 lr=5.000e-05
[epoch 139 step 054500] loss=0.05532 lr=5.000e-05
[epoch 140 step 054600] loss=0.05253 lr=5.000e-05
[epoch 140 step 054700] loss=0.05529 lr=5.000e-05
[epoch 140 step 054800] loss=0.05011 lr=5.000e-05
[epoch 140 step 054900] loss=0.05486 lr=5.000e-05
[epoch 141 step 055000] loss=0.05152 lr=5.000e-05
[epoch 141 step 055100] loss=0.05528 lr=5.000e-05
[epoch 141 step 055200] loss=0.05377 lr=5.000e-05
[epoch 141 step 055300] loss=0.05189 lr=5.000e-05
[epoch 142 step 055400] loss=0.06586 lr=5.000e-05
[epoch 142 step 055500] loss=0.06513 lr=5.000e-05
[epoch 142 step 055600] loss=0.05859 lr=5.000e-05
[epoch 142 step 055700] loss=0.06288 lr=5.000e-05
[epoch 143 step 055800] loss=0.06625 lr=5.000e-05
[epoch 143 step 055900] loss=0.06202 lr=5.000e-05
[epoch 143 step 056000] loss=0.05670 lr=5.000e-05
[epoch 143 attempt 056069] optimizer step skipped; scaler=4194304.0
[epoch 143 step 056100] loss=0.05753 lr=5.000e-05
[epoch 144 step 056200] loss=0.05422 lr=5.000e-05
[epoch 144 step 056300] loss=0.04696 lr=5.000e-05
[epoch 144 step 056400] loss=0.05665 lr=5.000e-05
[epoch 144 step 056500] loss=0.04966 lr=5.000e-05
[epoch 145 step 056600] loss=0.06224 lr=5.000e-05
[epoch 145 step 056700] loss=0.05412 lr=5.000e-05
[epoch 145 step 056800] loss=0.06152 lr=5.000e-05
[epoch 145 step 056900] loss=0.05077 lr=5.000e-05
[epoch 146 step 057000] loss=0.05573 lr=5.000e-05
[epoch 146 step 057100] loss=0.05014 lr=5.000e-05
[epoch 146 step 057200] loss=0.06578 lr=5.000e-05
[epoch 146 step 057300] loss=0.05964 lr=5.000e-05
[epoch 147 step 057400] loss=0.06030 lr=5.000e-05
[epoch 147 step 057500] loss=0.06351 lr=5.000e-05
[epoch 147 step 057600] loss=0.05755 lr=5.000e-05
[epoch 148 step 057700] loss=0.04842 lr=5.000e-05
[epoch 148 step 057800] loss=0.05512 lr=5.000e-05
[epoch 148 step 057900] loss=0.05043 lr=5.000e-05
[epoch 148 step 058000] loss=0.05726 lr=5.000e-05
[epoch 148 attempt 058070] optimizer step skipped; scaler=4194304.0
[epoch 149 step 058100] loss=0.05366 lr=5.000e-05
[epoch 149 step 058200] loss=0.06439 lr=5.000e-05
[epoch 149 step 058300] loss=0.05045 lr=5.000e-05
[epoch 149 step 058400] loss=0.05734 lr=5.000e-05
[epoch 150 step 058500] loss=0.05529 lr=5.000e-05
[epoch 150 step 058600] loss=0.05187 lr=5.000e-05
[epoch 150 step 058700] loss=0.05708 lr=4.999e-05
[epoch 150 step 058800] loss=0.05343 lr=4.997e-05
[epoch 151 step 058900] loss=0.05310 lr=4.995e-05
[epoch 151 step 059000] loss=0.06507 lr=4.993e-05
[epoch 151 step 059100] loss=0.04939 lr=4.990e-05
[epoch 151 step 059200] loss=0.05787 lr=4.986e-05
[epoch 152 step 059300] loss=0.03843 lr=4.981e-05
[epoch 152 step 059400] loss=0.05738 lr=4.976e-05
[epoch 152 step 059500] loss=0.05368 lr=4.971e-05
[epoch 152 step 059600] loss=0.06346 lr=4.965e-05
[epoch 153 step 059700] loss=0.05182 lr=4.958e-05
[epoch 153 step 059800] loss=0.05022 lr=4.951e-05
[epoch 153 step 059900] loss=0.05981 lr=4.943e-05
[epoch 153 step 060000] loss=0.05509 lr=4.935e-05
[epoch 154 attempt 060072] optimizer step skipped; scaler=4194304.0
[epoch 154 step 060100] loss=0.04110 lr=4.926e-05
[epoch 154 step 060200] loss=0.05573 lr=4.916e-05
[epoch 154 step 060300] loss=0.05953 lr=4.906e-05
[epoch 154 step 060400] loss=0.06829 lr=4.896e-05
[epoch 155 step 060500] loss=0.06317 lr=4.884e-05
[epoch 155 step 060600] loss=0.05042 lr=4.873e-05
[epoch 155 step 060700] loss=0.03901 lr=4.860e-05
[epoch 155 step 060800] loss=0.05467 lr=4.847e-05
[epoch 156 step 060900] loss=0.05527 lr=4.834e-05
[epoch 156 step 061000] loss=0.04654 lr=4.820e-05
[epoch 156 step 061100] loss=0.05909 lr=4.806e-05
[epoch 156 step 061200] loss=0.05258 lr=4.791e-05
[epoch 157 step 061300] loss=0.07218 lr=4.775e-05
[epoch 157 step 061400] loss=0.05657 lr=4.759e-05
[epoch 157 step 061500] loss=0.06092 lr=4.742e-05
[epoch 158 step 061600] loss=0.05846 lr=4.725e-05
[epoch 158 step 061700] loss=0.04947 lr=4.708e-05
[epoch 158 step 061800] loss=0.04659 lr=4.690e-05
[epoch 158 step 061900] loss=0.05399 lr=4.671e-05
[epoch 159 step 062000] loss=0.05347 lr=4.652e-05
[epoch 159 attempt 062097] optimizer step skipped; scaler=4194304.0
[epoch 159 step 062100] loss=0.04291 lr=4.632e-05
[epoch 159 step 062200] loss=0.04948 lr=4.612e-05
[epoch 159 step 062300] loss=0.05602 lr=4.592e-05
[epoch 160 step 062400] loss=0.05788 lr=4.570e-05
[epoch 160 step 062500] loss=0.05322 lr=4.549e-05
[epoch 160 step 062600] loss=0.05708 lr=4.527e-05
[epoch 160 step 062700] loss=0.05570 lr=4.504e-05
[epoch 161 step 062800] loss=0.05806 lr=4.482e-05
[epoch 161 step 062900] loss=0.05774 lr=4.458e-05
[epoch 161 step 063000] loss=0.06066 lr=4.434e-05
[epoch 161 step 063100] loss=0.05567 lr=4.410e-05
[epoch 162 step 063200] loss=0.05404 lr=4.385e-05
[epoch 162 step 063300] loss=0.05433 lr=4.360e-05
[epoch 162 step 063400] loss=0.04560 lr=4.335e-05
[epoch 162 step 063500] loss=0.05064 lr=4.309e-05
[epoch 163 step 063600] loss=0.04892 lr=4.282e-05
[epoch 163 step 063700] loss=0.05486 lr=4.256e-05
[epoch 163 step 063800] loss=0.05100 lr=4.229e-05
[epoch 163 step 063900] loss=0.05358 lr=4.201e-05
[epoch 164 step 064000] loss=0.05111 lr=4.173e-05
[epoch 164 step 064100] loss=0.05775 lr=4.145e-05
[epoch 164 attempt 064131] optimizer step skipped; scaler=4194304.0
[epoch 164 step 064200] loss=0.04867 lr=4.116e-05
[epoch 164 step 064300] loss=0.06790 lr=4.087e-05
[epoch 165 step 064400] loss=0.06112 lr=4.058e-05
[epoch 165 step 064500] loss=0.04878 lr=4.028e-05
[epoch 165 step 064600] loss=0.05711 lr=3.998e-05
[epoch 165 step 064700] loss=0.05333 lr=3.968e-05
[epoch 166 step 064800] loss=0.05791 lr=3.937e-05
[epoch 166 step 064900] loss=0.05969 lr=3.906e-05
[epoch 166 step 065000] loss=0.05552 lr=3.875e-05
[epoch 166 step 065100] loss=0.06124 lr=3.844e-05
[epoch 167 step 065200] loss=0.06213 lr=3.812e-05
[epoch 167 step 065300] loss=0.04853 lr=3.780e-05
[epoch 167 step 065400] loss=0.05668 lr=3.747e-05
[epoch 168 step 065500] loss=0.04924 lr=3.715e-05
[epoch 168 step 065600] loss=0.04975 lr=3.682e-05
[epoch 168 step 065700] loss=0.05273 lr=3.649e-05
[epoch 168 step 065800] loss=0.05619 lr=3.615e-05
[epoch 169 step 065900] loss=0.05904 lr=3.582e-05
[epoch 169 step 066000] loss=0.06450 lr=3.548e-05
[epoch 169 step 066100] loss=0.05526 lr=3.514e-05
[epoch 169 attempt 066159] optimizer step skipped; scaler=4194304.0
[epoch 169 step 066200] loss=0.05543 lr=3.480e-05
[epoch 170 step 066300] loss=0.05914 lr=3.445e-05
[epoch 170 step 066400] loss=0.05606 lr=3.411e-05
[epoch 170 step 066500] loss=0.06305 lr=3.376e-05
[epoch 170 step 066600] loss=0.04171 lr=3.341e-05
[epoch 171 step 066700] loss=0.05885 lr=3.306e-05
[epoch 171 step 066800] loss=0.05172 lr=3.271e-05
[epoch 171 step 066900] loss=0.07295 lr=3.236e-05
[epoch 171 step 067000] loss=0.05875 lr=3.200e-05
[epoch 172 step 067100] loss=0.05103 lr=3.165e-05
[epoch 172 step 067200] loss=0.05359 lr=3.129e-05
[epoch 172 step 067300] loss=0.06169 lr=3.093e-05
[epoch 172 step 067400] loss=0.06101 lr=3.057e-05
[epoch 173 step 067500] loss=0.06636 lr=3.021e-05
[epoch 173 step 067600] loss=0.04794 lr=2.985e-05
[epoch 173 step 067700] loss=0.05645 lr=2.949e-05
[epoch 173 step 067800] loss=0.04827 lr=2.913e-05
[epoch 174 step 067900] loss=0.05126 lr=2.877e-05
[epoch 174 step 068000] loss=0.06372 lr=2.841e-05
[epoch 174 step 068100] loss=0.04699 lr=2.805e-05
[epoch 174 attempt 068194] optimizer step skipped; scaler=4194304.0
[epoch 174 step 068200] loss=0.04973 lr=2.768e-05
[epoch 175 step 068300] loss=0.04045 lr=2.732e-05
[epoch 175 step 068400] loss=0.04912 lr=2.696e-05
[epoch 175 step 068500] loss=0.05049 lr=2.660e-05
[epoch 175 step 068600] loss=0.05409 lr=2.623e-05
[epoch 176 step 068700] loss=0.05467 lr=2.587e-05
[epoch 176 step 068800] loss=0.05628 lr=2.551e-05
[epoch 176 step 068900] loss=0.04603 lr=2.515e-05
[epoch 176 step 069000] loss=0.05056 lr=2.479e-05
[epoch 177 step 069100] loss=0.04031 lr=2.443e-05
[epoch 177 step 069200] loss=0.06002 lr=2.407e-05
[epoch 177 step 069300] loss=0.06855 lr=2.371e-05
[epoch 178 step 069400] loss=0.05850 lr=2.336e-05
[epoch 178 step 069500] loss=0.05815 lr=2.300e-05
[epoch 178 step 069600] loss=0.06637 lr=2.265e-05
[epoch 178 step 069700] loss=0.05238 lr=2.229e-05
[epoch 179 step 069800] loss=0.05410 lr=2.194e-05
[epoch 179 step 069900] loss=0.05119 lr=2.159e-05
[epoch 179 step 070000] loss=0.06236 lr=2.124e-05
[epoch 179 step 070100] loss=0.04275 lr=2.089e-05
[epoch 180 attempt 070213] optimizer step skipped; scaler=4194304.0
[epoch 180 step 070200] loss=0.07787 lr=2.055e-05
[epoch 180 step 070300] loss=0.06158 lr=2.020e-05
[epoch 180 step 070400] loss=0.05990 lr=1.986e-05
[epoch 180 step 070500] loss=0.05976 lr=1.952e-05
[epoch 181 step 070600] loss=0.05868 lr=1.918e-05
[epoch 181 step 070700] loss=0.05149 lr=1.885e-05
[epoch 181 step 070800] loss=0.05481 lr=1.852e-05
[epoch 181 step 070900] loss=0.05212 lr=1.818e-05
[epoch 182 step 071000] loss=0.05598 lr=1.786e-05
[epoch 182 step 071100] loss=0.05262 lr=1.753e-05
[epoch 182 step 071200] loss=0.04991 lr=1.721e-05
[epoch 182 step 071300] loss=0.05272 lr=1.688e-05
[epoch 183 step 071400] loss=0.04932 lr=1.657e-05
[epoch 183 step 071500] loss=0.05096 lr=1.625e-05
[epoch 183 step 071600] loss=0.04882 lr=1.594e-05
[epoch 183 step 071700] loss=0.04310 lr=1.563e-05
[epoch 184 step 071800] loss=0.05132 lr=1.532e-05
[epoch 184 step 071900] loss=0.04947 lr=1.502e-05
[epoch 184 step 072000] loss=0.05997 lr=1.472e-05
[epoch 184 step 072100] loss=0.05843 lr=1.442e-05
[epoch 185 step 072200] loss=0.05717 lr=1.413e-05
[epoch 185 attempt 072247] optimizer step skipped; scaler=4194304.0
[epoch 185 step 072300] loss=0.05108 lr=1.384e-05
[epoch 185 step 072400] loss=0.05885 lr=1.355e-05
[epoch 185 step 072500] loss=0.04588 lr=1.327e-05
[epoch 186 step 072600] loss=0.04658 lr=1.299e-05
[epoch 186 step 072700] loss=0.06305 lr=1.272e-05
[epoch 186 step 072800] loss=0.05254 lr=1.245e-05
[epoch 186 step 072900] loss=0.06121 lr=1.218e-05
[epoch 187 step 073000] loss=0.05134 lr=1.191e-05
[epoch 187 step 073100] loss=0.04924 lr=1.165e-05
[epoch 187 step 073200] loss=0.05930 lr=1.140e-05
[epoch 188 step 073300] loss=0.05652 lr=1.115e-05
[epoch 188 step 073400] loss=0.04303 lr=1.090e-05
[epoch 188 step 073500] loss=0.05040 lr=1.066e-05
[epoch 188 step 073600] loss=0.06017 lr=1.042e-05
[epoch 189 step 073700] loss=0.05276 lr=1.019e-05
[epoch 189 step 073800] loss=0.05471 lr=9.958e-06
[epoch 189 step 073900] loss=0.05396 lr=9.733e-06
[epoch 189 step 074000] loss=0.05083 lr=9.513e-06
[epoch 190 step 074100] loss=0.05621 lr=9.298e-06
[epoch 190 step 074200] loss=0.05246 lr=9.087e-06
[epoch 190 attempt 074302] optimizer step skipped; scaler=4194304.0
[epoch 190 step 074300] loss=0.04773 lr=8.881e-06
[epoch 190 step 074400] loss=0.05435 lr=8.680e-06
[epoch 191 step 074500] loss=0.04887 lr=8.484e-06
[epoch 191 step 074600] loss=0.05555 lr=8.292e-06
[epoch 191 step 074700] loss=0.05340 lr=8.106e-06
[epoch 191 step 074800] loss=0.05976 lr=7.925e-06
[epoch 192 step 074900] loss=0.05396 lr=7.749e-06
[epoch 192 step 075000] loss=0.06421 lr=7.577e-06
[epoch 192 step 075100] loss=0.04968 lr=7.412e-06
[epoch 192 step 075200] loss=0.05324 lr=7.251e-06
[epoch 193 step 075300] loss=0.04342 lr=7.096e-06
[epoch 193 step 075400] loss=0.05381 lr=6.945e-06
[epoch 193 step 075500] loss=0.05010 lr=6.801e-06
[epoch 193 step 075600] loss=0.05955 lr=6.661e-06
[epoch 194 step 075700] loss=0.05242 lr=6.527e-06
[epoch 194 step 075800] loss=0.05160 lr=6.399e-06
[epoch 194 step 075900] loss=0.05306 lr=6.276e-06
[epoch 194 step 076000] loss=0.05213 lr=6.158e-06
[epoch 195 step 076100] loss=0.04918 lr=6.046e-06
[epoch 195 step 076200] loss=0.04289 lr=5.940e-06
[epoch 195 step 076300] loss=0.04452 lr=5.839e-06
[epoch 195 step 076400] loss=0.05441 lr=5.743e-06
[epoch 196 attempt 076471] optimizer step skipped; scaler=4194304.0
[epoch 196 step 076500] loss=0.04822 lr=5.654e-06
[epoch 196 step 076600] loss=0.05375 lr=5.570e-06
[epoch 196 step 076700] loss=0.05345 lr=5.492e-06
[epoch 197 step 076800] loss=0.06186 lr=5.419e-06
[epoch 197 step 076900] loss=0.06458 lr=5.352e-06
[epoch 197 step 077000] loss=0.06077 lr=5.291e-06
[epoch 197 step 077100] loss=0.05375 lr=5.236e-06
[epoch 198 step 077200] loss=0.04911 lr=5.187e-06
[epoch 198 step 077300] loss=0.04609 lr=5.143e-06
[epoch 198 step 077400] loss=0.06043 lr=5.105e-06
[epoch 198 step 077500] loss=0.05668 lr=5.073e-06
[epoch 199 step 077600] loss=0.06403 lr=5.047e-06
[epoch 199 step 077700] loss=0.04886 lr=5.026e-06
[epoch 199 step 077800] loss=0.05981 lr=5.012e-06
[epoch 199 step 077900] loss=0.05697 lr=5.003e-06
Training complete in 156.5 minutes
