===== START LR05 =====
[LR_SCREEN] label=LR05 lr=5.0e-5 output=/root/lr_screen_30ep/runs/LR05
/root/autodl-tmp/diffusion-models-starter-r4/projects/project1_ddpm/train.py:276: FutureWarning: `torch.cuda.amp.GradScaler(args...)` is deprecated. Please use `torch.amp.GradScaler('cuda', args...)` instead.
  scaler = GradScaler(enabled=use_amp and amp_dtype == torch.float16)
/root/autodl-tmp/diffusion-models-starter-r4/projects/project1_ddpm/train.py:344: FutureWarning: `torch.cuda.amp.autocast(args...)` is deprecated. Please use `torch.amp.autocast('cuda', args...)` instead.
  with autocast(enabled=use_amp, dtype=amp_dtype):
[epoch 000 step 000100] loss=0.55641 lr=5.000e-06
[epoch 000 step 000200] loss=0.14556 lr=1.000e-05
[epoch 000 step 000300] loss=0.09186 lr=1.500e-05
[epoch 001 step 000400] loss=0.08114 lr=2.000e-05
[epoch 001 step 000500] loss=0.08917 lr=2.500e-05
[epoch 001 step 000600] loss=0.07493 lr=3.000e-05
[epoch 001 step 000700] loss=0.08621 lr=3.500e-05
[epoch 002 step 000800] loss=0.06470 lr=4.000e-05
[epoch 002 step 000900] loss=0.08804 lr=4.500e-05
[epoch 002 step 001000] loss=0.07027 lr=5.000e-05
[epoch 002 step 001100] loss=0.07907 lr=5.000e-05
[epoch 003 step 001200] loss=0.07575 lr=5.000e-05
[epoch 003 step 001300] loss=0.06163 lr=5.000e-05
[epoch 003 step 001400] loss=0.05529 lr=5.000e-05
[epoch 003 step 001500] loss=0.07057 lr=5.000e-05
[epoch 004 step 001600] loss=0.06885 lr=5.000e-05
[epoch 004 step 001700] loss=0.07751 lr=5.000e-05
[epoch 004 step 001800] loss=0.05583 lr=5.000e-05
[epoch 004 step 001900] loss=0.06512 lr=5.000e-05
[epoch 005 step 002000] loss=0.06326 lr=5.000e-05
[epoch 005 step 002100] loss=0.05904 lr=5.000e-05
[epoch 005 step 002200] loss=0.06382 lr=5.000e-05
[epoch 005 step 002300] loss=0.05930 lr=5.000e-05
[epoch 006 step 002400] loss=0.06479 lr=5.000e-05
[epoch 006 step 002500] loss=0.06981 lr=5.000e-05
[epoch 006 step 002600] loss=0.07980 lr=5.000e-05
[epoch 006 step 002700] loss=0.06725 lr=5.000e-05
[epoch 007 step 002800] loss=0.06142 lr=5.000e-05
[epoch 007 step 002900] loss=0.06345 lr=5.000e-05
[epoch 007 step 003000] loss=0.07140 lr=5.000e-05
[epoch 007 step 003100] loss=0.05951 lr=5.000e-05
[epoch 008 step 003200] loss=0.05211 lr=5.000e-05
[epoch 008 step 003300] loss=0.04994 lr=5.000e-05
[epoch 008 step 003400] loss=0.06051 lr=5.000e-05
[epoch 008 step 003500] loss=0.06844 lr=5.000e-05
[epoch 009 step 003600] loss=0.05483 lr=5.000e-05
[epoch 009 step 003700] loss=0.05971 lr=5.000e-05
[epoch 009 step 003800] loss=0.06901 lr=5.000e-05
[epoch 009 step 003900] loss=0.05454 lr=5.000e-05
[epoch 010 step 004000] loss=0.06953 lr=5.000e-05
[epoch 010 step 004100] loss=0.06006 lr=5.000e-05
[epoch 010 step 004200] loss=0.06282 lr=5.000e-05
[epoch 011 step 004300] loss=0.05357 lr=5.000e-05
[epoch 011 step 004400] loss=0.06199 lr=5.000e-05
[epoch 011 step 004500] loss=0.06978 lr=5.000e-05
[epoch 011 step 004600] loss=0.05924 lr=5.000e-05
[epoch 012 step 004700] loss=0.05197 lr=5.000e-05
[epoch 012 step 004800] loss=0.07198 lr=5.000e-05
[epoch 012 step 004900] loss=0.05575 lr=5.000e-05
[epoch 012 step 005000] loss=0.05434 lr=5.000e-05
[epoch 013 step 005100] loss=0.05767 lr=5.000e-05
[epoch 013 step 005200] loss=0.07974 lr=5.000e-05
[epoch 013 step 005300] loss=0.06867 lr=5.000e-05
[epoch 013 step 005400] loss=0.04788 lr=5.000e-05
[epoch 014 step 005500] loss=0.05897 lr=5.000e-05
[epoch 014 step 005600] loss=0.04984 lr=5.000e-05
[epoch 014 step 005700] loss=0.06577 lr=5.000e-05
[epoch 014 step 005800] loss=0.05011 lr=5.000e-05
[epoch 015 step 005900] loss=0.05021 lr=5.000e-05
[epoch 015 step 006000] loss=0.06581 lr=5.000e-05
[epoch 015 step 006100] loss=0.07498 lr=5.000e-05
[epoch 015 step 006200] loss=0.06017 lr=5.000e-05
[epoch 016 step 006300] loss=0.05919 lr=5.000e-05
[epoch 016 step 006400] loss=0.04603 lr=5.000e-05
[epoch 016 step 006500] loss=0.06067 lr=5.000e-05
[epoch 016 step 006600] loss=0.04766 lr=5.000e-05
[epoch 017 step 006700] loss=0.04861 lr=5.000e-05
[epoch 017 step 006800] loss=0.07367 lr=5.000e-05
[epoch 017 step 006900] loss=0.07134 lr=5.000e-05
[epoch 017 step 007000] loss=0.05891 lr=5.000e-05
[epoch 018 step 007100] loss=0.06018 lr=5.000e-05
[epoch 018 step 007200] loss=0.05478 lr=5.000e-05
[epoch 018 step 007300] loss=0.05350 lr=5.000e-05
[epoch 018 step 007400] loss=0.06067 lr=5.000e-05
[epoch 019 step 007500] loss=0.05065 lr=5.000e-05
[epoch 019 step 007600] loss=0.05805 lr=5.000e-05
[epoch 019 step 007700] loss=0.05638 lr=5.000e-05
[epoch 019 step 007800] loss=0.05586 lr=5.000e-05
[epoch 020 step 007900] loss=0.05846 lr=5.000e-05
[epoch 020 step 008000] loss=0.05357 lr=5.000e-05
[epoch 020 step 008100] loss=0.06676 lr=5.000e-05
[epoch 021 step 008200] loss=0.05583 lr=5.000e-05
[epoch 021 step 008300] loss=0.05578 lr=5.000e-05
[epoch 021 step 008400] loss=0.05375 lr=5.000e-05
[epoch 021 step 008500] loss=0.05043 lr=5.000e-05
[epoch 022 step 008600] loss=0.06634 lr=5.000e-05
[epoch 022 step 008700] loss=0.04637 lr=5.000e-05
[epoch 022 step 008800] loss=0.06136 lr=5.000e-05
[epoch 022 step 008900] loss=0.06116 lr=5.000e-05
[epoch 023 step 009000] loss=0.06366 lr=5.000e-05
[epoch 023 step 009100] loss=0.06004 lr=5.000e-05
[epoch 023 step 009200] loss=0.05483 lr=5.000e-05
[epoch 023 step 009300] loss=0.05263 lr=5.000e-05
[epoch 024 step 009400] loss=0.06057 lr=5.000e-05
[epoch 024 step 009500] loss=0.05739 lr=5.000e-05
[epoch 024 step 009600] loss=0.05562 lr=5.000e-05
[epoch 024 step 009700] loss=0.04684 lr=5.000e-05
[epoch 025 step 009800] loss=0.05832 lr=5.000e-05
[epoch 025 step 009900] loss=0.05789 lr=5.000e-05
[epoch 025 step 010000] loss=0.07321 lr=5.000e-05
[epoch 025 step 010100] loss=0.05824 lr=5.000e-05
[epoch 026 step 010200] loss=0.07316 lr=5.000e-05
[epoch 026 step 010300] loss=0.07102 lr=5.000e-05
[epoch 026 step 010400] loss=0.07266 lr=5.000e-05
[epoch 026 step 010500] loss=0.05825 lr=5.000e-05
[epoch 027 step 010600] loss=0.08661 lr=5.000e-05
[epoch 027 step 010700] loss=0.05615 lr=5.000e-05
[epoch 027 step 010800] loss=0.06590 lr=5.000e-05
[epoch 027 step 010900] loss=0.05388 lr=5.000e-05
[epoch 028 step 011000] loss=0.05547 lr=5.000e-05
[epoch 028 step 011100] loss=0.06343 lr=5.000e-05
[epoch 028 step 011200] loss=0.04912 lr=5.000e-05
[epoch 028 step 011300] loss=0.06755 lr=5.000e-05
[epoch 029 step 011400] loss=0.05499 lr=5.000e-05
[epoch 029 step 011500] loss=0.06513 lr=5.000e-05
[epoch 029 step 011600] loss=0.04883 lr=5.000e-05
[epoch 029 step 011700] loss=0.05284 lr=5.000e-05
Training complete in 24.4 minutes
[LR_SCREEN] quick FID start label=LR05
FID @ 1000 samples (EMA_0.9999, real=train): 238.0244
===== END LR05 =====
===== START LR08 =====
[LR_SCREEN] label=LR08 lr=8.0e-5 output=/root/lr_screen_30ep/runs/LR08
/root/autodl-tmp/diffusion-models-starter-r4/projects/project1_ddpm/train.py:276: FutureWarning: `torch.cuda.amp.GradScaler(args...)` is deprecated. Please use `torch.amp.GradScaler('cuda', args...)` instead.
  scaler = GradScaler(enabled=use_amp and amp_dtype == torch.float16)
/root/autodl-tmp/diffusion-models-starter-r4/projects/project1_ddpm/train.py:344: FutureWarning: `torch.cuda.amp.autocast(args...)` is deprecated. Please use `torch.amp.autocast('cuda', args...)` instead.
  with autocast(enabled=use_amp, dtype=amp_dtype):
[epoch 000 step 000100] loss=0.33679 lr=8.000e-06
[epoch 000 step 000200] loss=0.12413 lr=1.600e-05
[epoch 000 step 000300] loss=0.07655 lr=2.400e-05
[epoch 001 step 000400] loss=0.07522 lr=3.200e-05
[epoch 001 step 000500] loss=0.08421 lr=4.000e-05
[epoch 001 step 000600] loss=0.07134 lr=4.800e-05
[epoch 001 step 000700] loss=0.08215 lr=5.600e-05
[epoch 002 step 000800] loss=0.06177 lr=6.400e-05
[epoch 002 step 000900] loss=0.08409 lr=7.200e-05
[epoch 002 step 001000] loss=0.06704 lr=8.000e-05
[epoch 002 step 001100] loss=0.07594 lr=8.000e-05
[epoch 003 step 001200] loss=0.07292 lr=8.000e-05
[epoch 003 step 001300] loss=0.05915 lr=8.000e-05
[epoch 003 step 001400] loss=0.05328 lr=8.000e-05
[epoch 003 step 001500] loss=0.06891 lr=8.000e-05
[epoch 004 step 001600] loss=0.06708 lr=8.000e-05
[epoch 004 step 001700] loss=0.07555 lr=8.000e-05
[epoch 004 step 001800] loss=0.05404 lr=8.000e-05
[epoch 004 step 001900] loss=0.06332 lr=8.000e-05
[epoch 005 step 002000] loss=0.06192 lr=8.000e-05
[epoch 005 step 002100] loss=0.05825 lr=8.000e-05
[epoch 005 step 002200] loss=0.06264 lr=8.000e-05
[epoch 005 step 002300] loss=0.05799 lr=8.000e-05
[epoch 006 step 002400] loss=0.06348 lr=8.000e-05
[epoch 006 step 002500] loss=0.06872 lr=8.000e-05
[epoch 006 step 002600] loss=0.07845 lr=8.000e-05
[epoch 006 step 002700] loss=0.06620 lr=8.000e-05
[epoch 007 step 002800] loss=0.06057 lr=8.000e-05
[epoch 007 step 002900] loss=0.06264 lr=8.000e-05
[epoch 007 step 003000] loss=0.07049 lr=8.000e-05
[epoch 007 step 003100] loss=0.05866 lr=8.000e-05
[epoch 008 step 003200] loss=0.05150 lr=8.000e-05
[epoch 008 step 003300] loss=0.04939 lr=8.000e-05
[epoch 008 step 003400] loss=0.05985 lr=8.000e-05
[epoch 008 step 003500] loss=0.06743 lr=8.000e-05
[epoch 009 step 003600] loss=0.05436 lr=8.000e-05
[epoch 009 step 003700] loss=0.05891 lr=8.000e-05
[epoch 009 step 003800] loss=0.06819 lr=8.000e-05
[epoch 009 step 003900] loss=0.05396 lr=8.000e-05
[epoch 010 step 004000] loss=0.06868 lr=8.000e-05
[epoch 010 step 004100] loss=0.05937 lr=8.000e-05
[epoch 010 step 004200] loss=0.06220 lr=8.000e-05
[epoch 011 step 004300] loss=0.05297 lr=8.000e-05
[epoch 011 step 004400] loss=0.06145 lr=8.000e-05
[epoch 011 step 004500] loss=0.06916 lr=8.000e-05
[epoch 011 step 004600] loss=0.05856 lr=8.000e-05
[epoch 012 step 004700] loss=0.05132 lr=8.000e-05
[epoch 012 step 004800] loss=0.07118 lr=8.000e-05
[epoch 012 step 004900] loss=0.05513 lr=8.000e-05
[epoch 012 step 005000] loss=0.05374 lr=8.000e-05
[epoch 013 step 005100] loss=0.05685 lr=8.000e-05
[epoch 013 step 005200] loss=0.07874 lr=8.000e-05
[epoch 013 step 005300] loss=0.06808 lr=8.000e-05
[epoch 013 step 005400] loss=0.04743 lr=8.000e-05
[epoch 014 step 005500] loss=0.05812 lr=8.000e-05
[epoch 014 step 005600] loss=0.04933 lr=8.000e-05
[epoch 014 step 005700] loss=0.06509 lr=8.000e-05
[epoch 014 step 005800] loss=0.04945 lr=8.000e-05
[epoch 015 step 005900] loss=0.04988 lr=8.000e-05
[epoch 015 step 006000] loss=0.06522 lr=8.000e-05
[epoch 015 step 006100] loss=0.07439 lr=8.000e-05
[epoch 015 step 006200] loss=0.05967 lr=8.000e-05
[epoch 016 step 006300] loss=0.05849 lr=8.000e-05
[epoch 016 step 006400] loss=0.04549 lr=8.000e-05
[epoch 016 step 006500] loss=0.05995 lr=8.000e-05
[epoch 016 step 006600] loss=0.04722 lr=8.000e-05
[epoch 017 step 006700] loss=0.04818 lr=8.000e-05
[epoch 017 step 006800] loss=0.07282 lr=8.000e-05
[epoch 017 step 006900] loss=0.07073 lr=8.000e-05
[epoch 017 step 007000] loss=0.05838 lr=8.000e-05
[epoch 018 step 007100] loss=0.05998 lr=8.000e-05
[epoch 018 step 007200] loss=0.05443 lr=8.000e-05
[epoch 018 step 007300] loss=0.05316 lr=8.000e-05
[epoch 018 step 007400] loss=0.06025 lr=8.000e-05
[epoch 019 step 007500] loss=0.05020 lr=8.000e-05
[epoch 019 step 007600] loss=0.05778 lr=8.000e-05
[epoch 019 step 007700] loss=0.05592 lr=8.000e-05
[epoch 019 step 007800] loss=0.05559 lr=8.000e-05
[epoch 020 step 007900] loss=0.05788 lr=8.000e-05
[epoch 020 step 008000] loss=0.05306 lr=8.000e-05
[epoch 020 step 008100] loss=0.06620 lr=8.000e-05
[epoch 021 step 008200] loss=0.05538 lr=8.000e-05
[epoch 021 step 008300] loss=0.05533 lr=8.000e-05
[epoch 021 step 008400] loss=0.05351 lr=8.000e-05
[epoch 021 step 008500] loss=0.05003 lr=8.000e-05
[epoch 022 step 008600] loss=0.06581 lr=8.000e-05
[epoch 022 step 008700] loss=0.04614 lr=8.000e-05
[epoch 022 step 008800] loss=0.06082 lr=8.000e-05
[epoch 022 step 008900] loss=0.06073 lr=8.000e-05
[epoch 023 step 009000] loss=0.06341 lr=8.000e-05
[epoch 023 step 009100] loss=0.05963 lr=8.000e-05
[epoch 023 step 009200] loss=0.05464 lr=8.000e-05
[epoch 023 step 009300] loss=0.05197 lr=8.000e-05
[epoch 024 step 009400] loss=0.06010 lr=8.000e-05
[epoch 024 step 009500] loss=0.05694 lr=8.000e-05
[epoch 024 step 009600] loss=0.05525 lr=8.000e-05
[epoch 024 step 009700] loss=0.04653 lr=8.000e-05
[epoch 025 step 009800] loss=0.05801 lr=8.000e-05
[epoch 025 step 009900] loss=0.05768 lr=8.000e-05
[epoch 025 step 010000] loss=0.07280 lr=8.000e-05
[epoch 025 step 010100] loss=0.05782 lr=8.000e-05
[epoch 026 step 010200] loss=0.07260 lr=8.000e-05
[epoch 026 step 010300] loss=0.07046 lr=8.000e-05
[epoch 026 step 010400] loss=0.07226 lr=8.000e-05
[epoch 026 step 010500] loss=0.05792 lr=8.000e-05
[epoch 027 step 010600] loss=0.08589 lr=8.000e-05
[epoch 027 step 010700] loss=0.05582 lr=8.000e-05
[epoch 027 step 010800] loss=0.06556 lr=8.000e-05
[epoch 027 step 010900] loss=0.05343 lr=8.000e-05
[epoch 028 step 011000] loss=0.05503 lr=8.000e-05
[epoch 028 step 011100] loss=0.06311 lr=8.000e-05
[epoch 028 step 011200] loss=0.04879 lr=8.000e-05
[epoch 028 step 011300] loss=0.06697 lr=8.000e-05
[epoch 029 step 011400] loss=0.05472 lr=8.000e-05
[epoch 029 step 011500] loss=0.06449 lr=8.000e-05
[epoch 029 step 011600] loss=0.04841 lr=8.000e-05
[epoch 029 step 011700] loss=0.05245 lr=8.000e-05
Training complete in 23.9 minutes
[LR_SCREEN] quick FID start label=LR08
FID @ 1000 samples (EMA_0.9999, real=train): 263.5649
===== END LR08 =====
===== START LR12 =====
[LR_SCREEN] label=LR12 lr=1.2e-4 output=/root/lr_screen_30ep/runs/LR12
/root/autodl-tmp/diffusion-models-starter-r4/projects/project1_ddpm/train.py:276: FutureWarning: `torch.cuda.amp.GradScaler(args...)` is deprecated. Please use `torch.amp.GradScaler('cuda', args...)` instead.
  scaler = GradScaler(enabled=use_amp and amp_dtype == torch.float16)
/root/autodl-tmp/diffusion-models-starter-r4/projects/project1_ddpm/train.py:344: FutureWarning: `torch.cuda.amp.autocast(args...)` is deprecated. Please use `torch.amp.autocast('cuda', args...)` instead.
  with autocast(enabled=use_amp, dtype=amp_dtype):
[epoch 000 step 000100] loss=0.18632 lr=1.200e-05
[epoch 000 step 000200] loss=0.10886 lr=2.400e-05
[epoch 000 step 000300] loss=0.07117 lr=3.600e-05
[epoch 001 step 000400] loss=0.07408 lr=4.800e-05
[epoch 001 step 000500] loss=0.08181 lr=6.000e-05
[epoch 001 step 000600] loss=0.06935 lr=7.200e-05
[epoch 001 step 000700] loss=0.08006 lr=8.400e-05
[epoch 002 step 000800] loss=0.05971 lr=9.600e-05
[epoch 002 step 000900] loss=0.08225 lr=1.080e-04
[epoch 002 step 001000] loss=0.06569 lr=1.200e-04
[epoch 002 step 001100] loss=0.07459 lr=1.200e-04
[epoch 003 step 001200] loss=0.07184 lr=1.200e-04
[epoch 003 step 001300] loss=0.05827 lr=1.200e-04
[epoch 003 step 001400] loss=0.05233 lr=1.200e-04
[epoch 003 step 001500] loss=0.06809 lr=1.200e-04
[epoch 004 step 001600] loss=0.06604 lr=1.200e-04
[epoch 004 step 001700] loss=0.07489 lr=1.200e-04
[epoch 004 step 001800] loss=0.05343 lr=1.200e-04
[epoch 004 step 001900] loss=0.06215 lr=1.200e-04
[epoch 005 step 002000] loss=0.06123 lr=1.200e-04
[epoch 005 step 002100] loss=0.05722 lr=1.200e-04
[epoch 005 step 002200] loss=0.06195 lr=1.200e-04
[epoch 005 step 002300] loss=0.05729 lr=1.200e-04
[epoch 006 step 002400] loss=0.06276 lr=1.200e-04
[epoch 006 step 002500] loss=0.06810 lr=1.200e-04
[epoch 006 step 002600] loss=0.07748 lr=1.200e-04
[epoch 006 step 002700] loss=0.06557 lr=1.200e-04
[epoch 007 step 002800] loss=0.05985 lr=1.200e-04
[epoch 007 step 002900] loss=0.06213 lr=1.200e-04
[epoch 007 step 003000] loss=0.06961 lr=1.200e-04
[epoch 007 step 003100] loss=0.05822 lr=1.200e-04
[epoch 008 step 003200] loss=0.05117 lr=1.200e-04
[epoch 008 step 003300] loss=0.04880 lr=1.200e-04
[epoch 008 step 003400] loss=0.05927 lr=1.200e-04
[epoch 008 step 003500] loss=0.06679 lr=1.200e-04
[epoch 009 step 003600] loss=0.05407 lr=1.200e-04
[epoch 009 step 003700] loss=0.05844 lr=1.200e-04
[epoch 009 step 003800] loss=0.06762 lr=1.200e-04
[epoch 009 step 003900] loss=0.05350 lr=1.200e-04
[epoch 010 step 004000] loss=0.06803 lr=1.200e-04
[epoch 010 step 004100] loss=0.05888 lr=1.200e-04
[epoch 010 step 004200] loss=0.06158 lr=1.200e-04
[epoch 011 step 004300] loss=0.05262 lr=1.200e-04
[epoch 011 step 004400] loss=0.06094 lr=1.200e-04
[epoch 011 step 004500] loss=0.06845 lr=1.200e-04
[epoch 011 step 004600] loss=0.05804 lr=1.200e-04
[epoch 012 step 004700] loss=0.05097 lr=1.200e-04
[epoch 012 step 004800] loss=0.07087 lr=1.200e-04
[epoch 012 step 004900] loss=0.05480 lr=1.200e-04
[epoch 012 step 005000] loss=0.05352 lr=1.200e-04
[epoch 013 step 005100] loss=0.05651 lr=1.200e-04
[epoch 013 step 005200] loss=0.07818 lr=1.200e-04
[epoch 013 step 005300] loss=0.06746 lr=1.200e-04
[epoch 013 step 005400] loss=0.04703 lr=1.200e-04
[epoch 014 step 005500] loss=0.05783 lr=1.200e-04
[epoch 014 step 005600] loss=0.04933 lr=1.200e-04
[epoch 014 step 005700] loss=0.06466 lr=1.200e-04
[epoch 014 step 005800] loss=0.04912 lr=1.200e-04
[epoch 015 step 005900] loss=0.04957 lr=1.200e-04
[epoch 015 step 006000] loss=0.06465 lr=1.200e-04
[epoch 015 step 006100] loss=0.07393 lr=1.200e-04
[epoch 015 step 006200] loss=0.05907 lr=1.200e-04
[epoch 016 step 006300] loss=0.05827 lr=1.200e-04
[epoch 016 step 006400] loss=0.04533 lr=1.200e-04
[epoch 016 step 006500] loss=0.05964 lr=1.200e-04
[epoch 016 step 006600] loss=0.04698 lr=1.200e-04
[epoch 017 step 006700] loss=0.04794 lr=1.200e-04
[epoch 017 step 006800] loss=0.07228 lr=1.200e-04
[epoch 017 step 006900] loss=0.07042 lr=1.200e-04
[epoch 017 step 007000] loss=0.05812 lr=1.200e-04
[epoch 018 step 007100] loss=0.05973 lr=1.200e-04
[epoch 018 step 007200] loss=0.05414 lr=1.200e-04
[epoch 018 step 007300] loss=0.05305 lr=1.200e-04
[epoch 018 step 007400] loss=0.05989 lr=1.200e-04
[epoch 019 step 007500] loss=0.05011 lr=1.200e-04
[epoch 019 step 007600] loss=0.05748 lr=1.200e-04
[epoch 019 step 007700] loss=0.05559 lr=1.200e-04
[epoch 019 step 007800] loss=0.05510 lr=1.200e-04
[epoch 020 step 007900] loss=0.05771 lr=1.200e-04
[epoch 020 step 008000] loss=0.05289 lr=1.200e-04
[epoch 020 step 008100] loss=0.06609 lr=1.200e-04
[epoch 021 step 008200] loss=0.05515 lr=1.200e-04
[epoch 021 step 008300] loss=0.05496 lr=1.200e-04
[epoch 021 step 008400] loss=0.05328 lr=1.200e-04
[epoch 021 step 008500] loss=0.04979 lr=1.200e-04
[epoch 022 step 008600] loss=0.06546 lr=1.200e-04
[epoch 022 step 008700] loss=0.04583 lr=1.200e-04
[epoch 022 step 008800] loss=0.06050 lr=1.200e-04
[epoch 022 step 008900] loss=0.06040 lr=1.200e-04
[epoch 023 step 009000] loss=0.06305 lr=1.200e-04
[epoch 023 step 009100] loss=0.05934 lr=1.200e-04
[epoch 023 step 009200] loss=0.05432 lr=1.200e-04
[epoch 023 step 009300] loss=0.05180 lr=1.200e-04
[epoch 024 step 009400] loss=0.05981 lr=1.200e-04
[epoch 024 step 009500] loss=0.05672 lr=1.200e-04
[epoch 024 step 009600] loss=0.05490 lr=1.200e-04
[epoch 024 step 009700] loss=0.04637 lr=1.200e-04
[epoch 025 step 009800] loss=0.05781 lr=1.200e-04
[epoch 025 step 009900] loss=0.05724 lr=1.200e-04
[epoch 025 step 010000] loss=0.07244 lr=1.200e-04
[epoch 025 step 010100] loss=0.05766 lr=1.200e-04
[epoch 026 step 010200] loss=0.07218 lr=1.200e-04
[epoch 026 step 010300] loss=0.07019 lr=1.200e-04
[epoch 026 step 010400] loss=0.07190 lr=1.200e-04
[epoch 026 step 010500] loss=0.05771 lr=1.200e-04
[epoch 027 step 010600] loss=0.08555 lr=1.200e-04
[epoch 027 step 010700] loss=0.05542 lr=1.200e-04
[epoch 027 step 010800] loss=0.06545 lr=1.200e-04
[epoch 027 step 010900] loss=0.05361 lr=1.200e-04
[epoch 028 step 011000] loss=0.05488 lr=1.200e-04
[epoch 028 step 011100] loss=0.06274 lr=1.200e-04
[epoch 028 step 011200] loss=0.04865 lr=1.200e-04
[epoch 028 step 011300] loss=0.06686 lr=1.200e-04
[epoch 029 step 011400] loss=0.05451 lr=1.200e-04
[epoch 029 step 011500] loss=0.06441 lr=1.200e-04
[epoch 029 step 011600] loss=0.04833 lr=1.200e-04
[epoch 029 step 011700] loss=0.05214 lr=1.200e-04
Training complete in 23.4 minutes
[LR_SCREEN] quick FID start label=LR12
FID @ 1000 samples (EMA_0.9999, real=train): 291.7750
===== END LR12 =====
===== START LR16 =====
[LR_SCREEN] label=LR16 lr=1.6e-4 output=/root/lr_screen_30ep/runs/LR16
/root/autodl-tmp/diffusion-models-starter-r4/projects/project1_ddpm/train.py:276: FutureWarning: `torch.cuda.amp.GradScaler(args...)` is deprecated. Please use `torch.amp.GradScaler('cuda', args...)` instead.
  scaler = GradScaler(enabled=use_amp and amp_dtype == torch.float16)
/root/autodl-tmp/diffusion-models-starter-r4/projects/project1_ddpm/train.py:344: FutureWarning: `torch.cuda.amp.autocast(args...)` is deprecated. Please use `torch.amp.autocast('cuda', args...)` instead.
  with autocast(enabled=use_amp, dtype=amp_dtype):
[epoch 000 step 000100] loss=0.13529 lr=1.600e-05
[epoch 000 step 000200] loss=0.09870 lr=3.200e-05
[epoch 000 step 000300] loss=0.06805 lr=4.800e-05
[epoch 001 step 000400] loss=0.07086 lr=6.400e-05
[epoch 001 step 000500] loss=0.08023 lr=8.000e-05
[epoch 001 step 000600] loss=0.06753 lr=9.600e-05
[epoch 001 step 000700] loss=0.07806 lr=1.120e-04
[epoch 002 step 000800] loss=0.05803 lr=1.280e-04
[epoch 002 step 000900] loss=0.08036 lr=1.440e-04
[epoch 002 step 001000] loss=0.06462 lr=1.600e-04
[epoch 002 step 001100] loss=0.07396 lr=1.600e-04
[epoch 003 step 001200] loss=0.07114 lr=1.600e-04
[epoch 003 step 001300] loss=0.05799 lr=1.600e-04
[epoch 003 step 001400] loss=0.05184 lr=1.600e-04
[epoch 003 step 001500] loss=0.06752 lr=1.600e-04
[epoch 004 step 001600] loss=0.06595 lr=1.600e-04
[epoch 004 step 001700] loss=0.07464 lr=1.600e-04
[epoch 004 step 001800] loss=0.05291 lr=1.600e-04
[epoch 004 step 001900] loss=0.06179 lr=1.600e-04
[epoch 005 step 002000] loss=0.06069 lr=1.600e-04
[epoch 005 step 002100] loss=0.05687 lr=1.600e-04
[epoch 005 step 002200] loss=0.06162 lr=1.600e-04
[epoch 005 step 002300] loss=0.05713 lr=1.600e-04
[epoch 006 step 002400] loss=0.06240 lr=1.600e-04
[epoch 006 step 002500] loss=0.06784 lr=1.600e-04
[epoch 006 step 002600] loss=0.07714 lr=1.600e-04
[epoch 006 step 002700] loss=0.06524 lr=1.600e-04
[epoch 007 step 002800] loss=0.05965 lr=1.600e-04
[epoch 007 step 002900] loss=0.06173 lr=1.600e-04
[epoch 007 step 003000] loss=0.06947 lr=1.600e-04
[epoch 007 step 003100] loss=0.05772 lr=1.600e-04
[epoch 008 step 003200] loss=0.05115 lr=1.600e-04
[epoch 008 step 003300] loss=0.04859 lr=1.600e-04
[epoch 008 step 003400] loss=0.05920 lr=1.600e-04
[epoch 008 step 003500] loss=0.06655 lr=1.600e-04
[epoch 009 step 003600] loss=0.05406 lr=1.600e-04
[epoch 009 step 003700] loss=0.05822 lr=1.600e-04
[epoch 009 step 003800] loss=0.06733 lr=1.600e-04
[epoch 009 step 003900] loss=0.05336 lr=1.600e-04
[epoch 010 step 004000] loss=0.06782 lr=1.600e-04
[epoch 010 step 004100] loss=0.05879 lr=1.600e-04
[epoch 010 step 004200] loss=0.06121 lr=1.600e-04
[epoch 011 step 004300] loss=0.05233 lr=1.600e-04
[epoch 011 step 004400] loss=0.06076 lr=1.600e-04
[epoch 011 step 004500] loss=0.06822 lr=1.600e-04
[epoch 011 step 004600] loss=0.05776 lr=1.600e-04
[epoch 012 step 004700] loss=0.05081 lr=1.600e-04
[epoch 012 step 004800] loss=0.07063 lr=1.600e-04
[epoch 012 step 004900] loss=0.05468 lr=1.600e-04
[epoch 012 step 005000] loss=0.05332 lr=1.600e-04
[epoch 013 step 005100] loss=0.05641 lr=1.600e-04
[epoch 013 step 005200] loss=0.07785 lr=1.600e-04
[epoch 013 step 005300] loss=0.06745 lr=1.600e-04
[epoch 013 step 005400] loss=0.04691 lr=1.600e-04
[epoch 014 step 005500] loss=0.05779 lr=1.600e-04
[epoch 014 step 005600] loss=0.04907 lr=1.600e-04
[epoch 014 step 005700] loss=0.06431 lr=1.600e-04
[epoch 014 step 005800] loss=0.04909 lr=1.600e-04
[epoch 015 step 005900] loss=0.04951 lr=1.600e-04
[epoch 015 step 006000] loss=0.06445 lr=1.600e-04
[epoch 015 step 006100] loss=0.07385 lr=1.600e-04
[epoch 015 step 006200] loss=0.05904 lr=1.600e-04
[epoch 016 step 006300] loss=0.05793 lr=1.600e-04
[epoch 016 step 006400] loss=0.04522 lr=1.600e-04
[epoch 016 step 006500] loss=0.05943 lr=1.600e-04
[epoch 016 step 006600] loss=0.04691 lr=1.600e-04
[epoch 017 step 006700] loss=0.04792 lr=1.600e-04
[epoch 017 step 006800] loss=0.07210 lr=1.600e-04
[epoch 017 step 006900] loss=0.07022 lr=1.600e-04
[epoch 017 step 007000] loss=0.05799 lr=1.600e-04
[epoch 018 step 007100] loss=0.05982 lr=1.600e-04
[epoch 018 step 007200] loss=0.05399 lr=1.600e-04
[epoch 018 step 007300] loss=0.05297 lr=1.600e-04
[epoch 018 step 007400] loss=0.05984 lr=1.600e-04
[epoch 019 step 007500] loss=0.05003 lr=1.600e-04
[epoch 019 step 007600] loss=0.05753 lr=1.600e-04
[epoch 019 step 007700] loss=0.05543 lr=1.600e-04
[epoch 019 step 007800] loss=0.05500 lr=1.600e-04
[epoch 020 step 007900] loss=0.05752 lr=1.600e-04
[epoch 020 step 008000] loss=0.05261 lr=1.600e-04
[epoch 020 step 008100] loss=0.06574 lr=1.600e-04
[epoch 021 step 008200] loss=0.05505 lr=1.600e-04
[epoch 021 step 008300] loss=0.05503 lr=1.600e-04
[epoch 021 step 008400] loss=0.05322 lr=1.600e-04
[epoch 021 step 008500] loss=0.04951 lr=1.600e-04
[epoch 022 step 008600] loss=0.06541 lr=1.600e-04
[epoch 022 step 008700] loss=0.04565 lr=1.600e-04
[epoch 022 step 008800] loss=0.06031 lr=1.600e-04
[epoch 022 step 008900] loss=0.06037 lr=1.600e-04
[epoch 023 step 009000] loss=0.06281 lr=1.600e-04
[epoch 023 step 009100] loss=0.05934 lr=1.600e-04
[epoch 023 step 009200] loss=0.05429 lr=1.600e-04
[epoch 023 step 009300] loss=0.05160 lr=1.600e-04
[epoch 024 step 009400] loss=0.05956 lr=1.600e-04
[epoch 024 step 009500] loss=0.05655 lr=1.600e-04
[epoch 024 step 009600] loss=0.05490 lr=1.600e-04
[epoch 024 step 009700] loss=0.04619 lr=1.600e-04
[epoch 025 step 009800] loss=0.05773 lr=1.600e-04
[epoch 025 step 009900] loss=0.05711 lr=1.600e-04
[epoch 025 step 010000] loss=0.07226 lr=1.600e-04
[epoch 025 step 010100] loss=0.05747 lr=1.600e-04
[epoch 026 step 010200] loss=0.07209 lr=1.600e-04
[epoch 026 step 010300] loss=0.06997 lr=1.600e-04
[epoch 026 step 010400] loss=0.07175 lr=1.600e-04
[epoch 026 step 010500] loss=0.05767 lr=1.600e-04
[epoch 027 step 010600] loss=0.08516 lr=1.600e-04
[epoch 027 step 010700] loss=0.05557 lr=1.600e-04
[epoch 027 step 010800] loss=0.06514 lr=1.600e-04
[epoch 027 step 010900] loss=0.05390 lr=1.600e-04
[epoch 028 step 011000] loss=0.05482 lr=1.600e-04
[epoch 028 step 011100] loss=0.06257 lr=1.600e-04
[epoch 028 step 011200] loss=0.04848 lr=1.600e-04
[epoch 028 step 011300] loss=0.06661 lr=1.600e-04
[epoch 029 step 011400] loss=0.05426 lr=1.600e-04
[epoch 029 step 011500] loss=0.06418 lr=1.600e-04
[epoch 029 step 011600] loss=0.04820 lr=1.600e-04
[epoch 029 step 011700] loss=0.05209 lr=1.600e-04
Training complete in 23.3 minutes
[LR_SCREEN] quick FID start label=LR16
FID @ 1000 samples (EMA_0.9999, real=train): 284.0970
===== END LR16 =====
===== START LR20 =====
[LR_SCREEN] label=LR20 lr=2.0e-4 output=/root/lr_screen_30ep/runs/LR20
/root/autodl-tmp/diffusion-models-starter-r4/projects/project1_ddpm/train.py:276: FutureWarning: `torch.cuda.amp.GradScaler(args...)` is deprecated. Please use `torch.amp.GradScaler('cuda', args...)` instead.
  scaler = GradScaler(enabled=use_amp and amp_dtype == torch.float16)
/root/autodl-tmp/diffusion-models-starter-r4/projects/project1_ddpm/train.py:344: FutureWarning: `torch.cuda.amp.autocast(args...)` is deprecated. Please use `torch.amp.autocast('cuda', args...)` instead.
  with autocast(enabled=use_amp, dtype=amp_dtype):
[epoch 000 step 000100] loss=0.11733 lr=2.000e-05
[epoch 000 step 000200] loss=0.09367 lr=4.000e-05
[epoch 000 step 000300] loss=0.06940 lr=6.000e-05
[epoch 001 step 000400] loss=0.06888 lr=8.000e-05
[epoch 001 step 000500] loss=0.07869 lr=1.000e-04
[epoch 001 step 000600] loss=0.06688 lr=1.200e-04
[epoch 001 step 000700] loss=0.07721 lr=1.400e-04
[epoch 002 step 000800] loss=0.05714 lr=1.600e-04
[epoch 002 step 000900] loss=0.07980 lr=1.800e-04
[epoch 002 step 001000] loss=0.06440 lr=2.000e-04
[epoch 002 step 001100] loss=0.07334 lr=2.000e-04
[epoch 003 step 001200] loss=0.07016 lr=2.000e-04
[epoch 003 step 001300] loss=0.05772 lr=2.000e-04
[epoch 003 step 001400] loss=0.05148 lr=2.000e-04
[epoch 003 step 001500] loss=0.06722 lr=2.000e-04
[epoch 004 step 001600] loss=0.06546 lr=2.000e-04
[epoch 004 step 001700] loss=0.07364 lr=2.000e-04
[epoch 004 step 001800] loss=0.05314 lr=2.000e-04
[epoch 004 step 001900] loss=0.06148 lr=2.000e-04
[epoch 005 step 002000] loss=0.06045 lr=2.000e-04
[epoch 005 step 002100] loss=0.05674 lr=2.000e-04
[epoch 005 step 002200] loss=0.06138 lr=2.000e-04
[epoch 005 step 002300] loss=0.05685 lr=2.000e-04
[epoch 006 step 002400] loss=0.06215 lr=2.000e-04
[epoch 006 step 002500] loss=0.06752 lr=2.000e-04
[epoch 006 step 002600] loss=0.07687 lr=2.000e-04
[epoch 006 step 002700] loss=0.06492 lr=2.000e-04
[epoch 007 step 002800] loss=0.05946 lr=2.000e-04
[epoch 007 step 002900] loss=0.06121 lr=2.000e-04
[epoch 007 step 003000] loss=0.06937 lr=2.000e-04
[epoch 007 step 003100] loss=0.05763 lr=2.000e-04
[epoch 008 step 003200] loss=0.05089 lr=2.000e-04
[epoch 008 step 003300] loss=0.04840 lr=2.000e-04
[epoch 008 step 003400] loss=0.05896 lr=2.000e-04
[epoch 008 step 003500] loss=0.06645 lr=2.000e-04
[epoch 009 step 003600] loss=0.05375 lr=2.000e-04
[epoch 009 step 003700] loss=0.05802 lr=2.000e-04
[epoch 009 step 003800] loss=0.06734 lr=2.000e-04
[epoch 009 step 003900] loss=0.05326 lr=2.000e-04
[epoch 010 step 004000] loss=0.06761 lr=2.000e-04
[epoch 010 step 004100] loss=0.05846 lr=2.000e-04
[epoch 010 step 004200] loss=0.06114 lr=2.000e-04
[epoch 011 step 004300] loss=0.05219 lr=2.000e-04
[epoch 011 step 004400] loss=0.06073 lr=2.000e-04
[epoch 011 step 004500] loss=0.06803 lr=2.000e-04
[epoch 011 step 004600] loss=0.05768 lr=2.000e-04
[epoch 012 step 004700] loss=0.05054 lr=2.000e-04
[epoch 012 step 004800] loss=0.07026 lr=2.000e-04
[epoch 012 step 004900] loss=0.05464 lr=2.000e-04
[epoch 012 step 005000] loss=0.05328 lr=2.000e-04
[epoch 013 step 005100] loss=0.05620 lr=2.000e-04
[epoch 013 step 005200] loss=0.07769 lr=2.000e-04
[epoch 013 step 005300] loss=0.06741 lr=2.000e-04
[epoch 013 step 005400] loss=0.04705 lr=2.000e-04
[epoch 014 step 005500] loss=0.05749 lr=2.000e-04
[epoch 014 step 005600] loss=0.04897 lr=2.000e-04
[epoch 014 step 005700] loss=0.06422 lr=2.000e-04
[epoch 014 step 005800] loss=0.04910 lr=2.000e-04
[epoch 015 step 005900] loss=0.04949 lr=2.000e-04
[epoch 015 step 006000] loss=0.06411 lr=2.000e-04
[epoch 015 step 006100] loss=0.07365 lr=2.000e-04
[epoch 015 step 006200] loss=0.05899 lr=2.000e-04
[epoch 016 step 006300] loss=0.05784 lr=2.000e-04
[epoch 016 step 006400] loss=0.04522 lr=2.000e-04
[epoch 016 step 006500] loss=0.05943 lr=2.000e-04
[epoch 016 step 006600] loss=0.04687 lr=2.000e-04
[epoch 017 step 006700] loss=0.04789 lr=2.000e-04
[epoch 017 step 006800] loss=0.07194 lr=2.000e-04
[epoch 017 step 006900] loss=0.07034 lr=2.000e-04
[epoch 017 step 007000] loss=0.05789 lr=2.000e-04
[epoch 018 step 007100] loss=0.05970 lr=2.000e-04
[epoch 018 step 007200] loss=0.05399 lr=2.000e-04
[epoch 018 step 007300] loss=0.05288 lr=2.000e-04
[epoch 018 step 007400] loss=0.05995 lr=2.000e-04
[epoch 019 step 007500] loss=0.05000 lr=2.000e-04
[epoch 019 step 007600] loss=0.05736 lr=2.000e-04
[epoch 019 step 007700] loss=0.05538 lr=2.000e-04
[epoch 019 step 007800] loss=0.05489 lr=2.000e-04
[epoch 020 step 007900] loss=0.05754 lr=2.000e-04
[epoch 020 step 008000] loss=0.05264 lr=2.000e-04
[epoch 020 step 008100] loss=0.06570 lr=2.000e-04
[epoch 021 step 008200] loss=0.05518 lr=2.000e-04
[epoch 021 step 008300] loss=0.05490 lr=2.000e-04
[epoch 021 step 008400] loss=0.05325 lr=2.000e-04
[epoch 021 step 008500] loss=0.04944 lr=2.000e-04
[epoch 022 step 008600] loss=0.06526 lr=2.000e-04
[epoch 022 step 008700] loss=0.04566 lr=2.000e-04
[epoch 022 step 008800] loss=0.06040 lr=2.000e-04
[epoch 022 step 008900] loss=0.06021 lr=2.000e-04
[epoch 023 step 009000] loss=0.06270 lr=2.000e-04
[epoch 023 step 009100] loss=0.05927 lr=2.000e-04
[epoch 023 step 009200] loss=0.05430 lr=2.000e-04
[epoch 023 step 009300] loss=0.05150 lr=2.000e-04
[epoch 024 step 009400] loss=0.05947 lr=2.000e-04
[epoch 024 step 009500] loss=0.05650 lr=2.000e-04
[epoch 024 step 009600] loss=0.05478 lr=2.000e-04
[epoch 024 step 009700] loss=0.04630 lr=2.000e-04
[epoch 025 step 009800] loss=0.05783 lr=2.000e-04
[epoch 025 step 009900] loss=0.05703 lr=2.000e-04
[epoch 025 step 010000] loss=0.07209 lr=2.000e-04
[epoch 025 step 010100] loss=0.05747 lr=2.000e-04
[epoch 026 step 010200] loss=0.07195 lr=2.000e-04
[epoch 026 step 010300] loss=0.06981 lr=2.000e-04
[epoch 026 step 010400] loss=0.07175 lr=2.000e-04
[epoch 026 step 010500] loss=0.05754 lr=2.000e-04
[epoch 027 step 010600] loss=0.08505 lr=2.000e-04
[epoch 027 step 010700] loss=0.05552 lr=2.000e-04
[epoch 027 step 010800] loss=0.06528 lr=2.000e-04
[epoch 027 step 010900] loss=0.05388 lr=2.000e-04
[epoch 028 step 011000] loss=0.05484 lr=2.000e-04
[epoch 028 step 011100] loss=0.06246 lr=2.000e-04
[epoch 028 step 011200] loss=0.04840 lr=2.000e-04
[epoch 028 step 011300] loss=0.06662 lr=2.000e-04
[epoch 029 step 011400] loss=0.05420 lr=2.000e-04
[epoch 029 step 011500] loss=0.06387 lr=2.000e-04
[epoch 029 step 011600] loss=0.04809 lr=2.000e-04
[epoch 029 step 011700] loss=0.05199 lr=2.000e-04
Training complete in 23.2 minutes
[LR_SCREEN] quick FID start label=LR20
FID @ 1000 samples (EMA_0.9999, real=train): 307.1943
===== END LR20 =====
===== START LR25 =====
[LR_SCREEN] label=LR25 lr=2.5e-4 output=/root/lr_screen_30ep/runs/LR25
/root/autodl-tmp/diffusion-models-starter-r4/projects/project1_ddpm/train.py:276: FutureWarning: `torch.cuda.amp.GradScaler(args...)` is deprecated. Please use `torch.amp.GradScaler('cuda', args...)` instead.
  scaler = GradScaler(enabled=use_amp and amp_dtype == torch.float16)
/root/autodl-tmp/diffusion-models-starter-r4/projects/project1_ddpm/train.py:344: FutureWarning: `torch.cuda.amp.autocast(args...)` is deprecated. Please use `torch.amp.autocast('cuda', args...)` instead.
  with autocast(enabled=use_amp, dtype=amp_dtype):
[epoch 000 step 000100] loss=0.10491 lr=2.500e-05
[epoch 000 step 000200] loss=0.08986 lr=5.000e-05
[epoch 000 step 000300] loss=0.06677 lr=7.500e-05
[epoch 001 step 000400] loss=0.06832 lr=1.000e-04
[epoch 001 step 000500] loss=0.07758 lr=1.250e-04
[epoch 001 step 000600] loss=0.06621 lr=1.500e-04
[epoch 001 step 000700] loss=0.07662 lr=1.750e-04
[epoch 002 step 000800] loss=0.05673 lr=2.000e-04
[epoch 002 step 000900] loss=0.07955 lr=2.250e-04
[epoch 002 step 001000] loss=0.06412 lr=2.500e-04
[epoch 002 step 001100] loss=0.07294 lr=2.500e-04
[epoch 003 step 001200] loss=0.06992 lr=2.500e-04
[epoch 003 step 001300] loss=0.05735 lr=2.500e-04
[epoch 003 step 001400] loss=0.05156 lr=2.500e-04
[epoch 003 step 001500] loss=0.06695 lr=2.500e-04
[epoch 004 step 001600] loss=0.06508 lr=2.500e-04
[epoch 004 step 001700] loss=0.07329 lr=2.500e-04
[epoch 004 step 001800] loss=0.05278 lr=2.500e-04
[epoch 004 step 001900] loss=0.06138 lr=2.500e-04
[epoch 005 step 002000] loss=0.06005 lr=2.500e-04
[epoch 005 step 002100] loss=0.05631 lr=2.500e-04
[epoch 005 step 002200] loss=0.06103 lr=2.500e-04
[epoch 005 step 002300] loss=0.05679 lr=2.500e-04
[epoch 006 step 002400] loss=0.06200 lr=2.500e-04
[epoch 006 step 002500] loss=0.06736 lr=2.500e-04
[epoch 006 step 002600] loss=0.07676 lr=2.500e-04
[epoch 006 step 002700] loss=0.06488 lr=2.500e-04
[epoch 007 step 002800] loss=0.05958 lr=2.500e-04
[epoch 007 step 002900] loss=0.06115 lr=2.500e-04
[epoch 007 step 003000] loss=0.06914 lr=2.500e-04
[epoch 007 step 003100] loss=0.05726 lr=2.500e-04
[epoch 008 step 003200] loss=0.05067 lr=2.500e-04
[epoch 008 step 003300] loss=0.04836 lr=2.500e-04
[epoch 008 step 003400] loss=0.05888 lr=2.500e-04
[epoch 008 step 003500] loss=0.06605 lr=2.500e-04
[epoch 009 step 003600] loss=0.05369 lr=2.500e-04
[epoch 009 step 003700] loss=0.05785 lr=2.500e-04
[epoch 009 step 003800] loss=0.06713 lr=2.500e-04
[epoch 009 step 003900] loss=0.05328 lr=2.500e-04
[epoch 010 step 004000] loss=0.06736 lr=2.500e-04
[epoch 010 step 004100] loss=0.05863 lr=2.500e-04
[epoch 010 step 004200] loss=0.06109 lr=2.500e-04
[epoch 011 step 004300] loss=0.05216 lr=2.500e-04
[epoch 011 step 004400] loss=0.06059 lr=2.500e-04
[epoch 011 step 004500] loss=0.06804 lr=2.500e-04
[epoch 011 step 004600] loss=0.05761 lr=2.500e-04
[epoch 012 step 004700] loss=0.05049 lr=2.500e-04
[epoch 012 step 004800] loss=0.07008 lr=2.500e-04
[epoch 012 step 004900] loss=0.05442 lr=2.500e-04
[epoch 012 step 005000] loss=0.05321 lr=2.500e-04
[epoch 013 step 005100] loss=0.05611 lr=2.500e-04
[epoch 013 step 005200] loss=0.07747 lr=2.500e-04
[epoch 013 step 005300] loss=0.06731 lr=2.500e-04
[epoch 013 step 005400] loss=0.04685 lr=2.500e-04
[epoch 014 step 005500] loss=0.05744 lr=2.500e-04
[epoch 014 step 005600] loss=0.04891 lr=2.500e-04
[epoch 014 step 005700] loss=0.06399 lr=2.500e-04
[epoch 014 step 005800] loss=0.04907 lr=2.500e-04
[epoch 015 step 005900] loss=0.04934 lr=2.500e-04
[epoch 015 step 006000] loss=0.06411 lr=2.500e-04
[epoch 015 step 006100] loss=0.07365 lr=2.500e-04
[epoch 015 step 006200] loss=0.05905 lr=2.500e-04
[epoch 016 step 006300] loss=0.05801 lr=2.500e-04
[epoch 016 step 006400] loss=0.04517 lr=2.500e-04
[epoch 016 step 006500] loss=0.05934 lr=2.500e-04
[epoch 016 step 006600] loss=0.04687 lr=2.500e-04
[epoch 017 step 006700] loss=0.04794 lr=2.500e-04
[epoch 017 step 006800] loss=0.07174 lr=2.500e-04
[epoch 017 step 006900] loss=0.07042 lr=2.500e-04
[epoch 017 step 007000] loss=0.05790 lr=2.500e-04
[epoch 018 step 007100] loss=0.05947 lr=2.500e-04
[epoch 018 step 007200] loss=0.05406 lr=2.500e-04
[epoch 018 step 007300] loss=0.05277 lr=2.500e-04
[epoch 018 step 007400] loss=0.05992 lr=2.500e-04
[epoch 019 step 007500] loss=0.04999 lr=2.500e-04
[epoch 019 step 007600] loss=0.05735 lr=2.500e-04
[epoch 019 step 007700] loss=0.05544 lr=2.500e-04
[epoch 019 step 007800] loss=0.05474 lr=2.500e-04
[epoch 020 step 007900] loss=0.05735 lr=2.500e-04
[epoch 020 step 008000] loss=0.05272 lr=2.500e-04
[epoch 020 step 008100] loss=0.06580 lr=2.500e-04
[epoch 021 step 008200] loss=0.05500 lr=2.500e-04
[epoch 021 step 008300] loss=0.05492 lr=2.500e-04
[epoch 021 step 008400] loss=0.05306 lr=2.500e-04
[epoch 021 step 008500] loss=0.04945 lr=2.500e-04
[epoch 022 step 008600] loss=0.06511 lr=2.500e-04
[epoch 022 step 008700] loss=0.04561 lr=2.500e-04
[epoch 022 step 008800] loss=0.06030 lr=2.500e-04
[epoch 022 step 008900] loss=0.06026 lr=2.500e-04
[epoch 023 step 009000] loss=0.06270 lr=2.500e-04
[epoch 023 step 009100] loss=0.05922 lr=2.500e-04
[epoch 023 step 009200] loss=0.05417 lr=2.500e-04
[epoch 023 step 009300] loss=0.05158 lr=2.500e-04
[epoch 024 step 009400] loss=0.05960 lr=2.500e-04
[epoch 024 step 009500] loss=0.05652 lr=2.500e-04
[epoch 024 step 009600] loss=0.05480 lr=2.500e-04
[epoch 024 step 009700] loss=0.04612 lr=2.500e-04
[epoch 025 step 009800] loss=0.05774 lr=2.500e-04
[epoch 025 step 009900] loss=0.05700 lr=2.500e-04
[epoch 025 step 010000] loss=0.07214 lr=2.500e-04
[epoch 025 step 010100] loss=0.05745 lr=2.500e-04
[epoch 026 step 010200] loss=0.07194 lr=2.500e-04
[epoch 026 step 010300] loss=0.06960 lr=2.500e-04
[epoch 026 step 010400] loss=0.07171 lr=2.500e-04
[epoch 026 step 010500] loss=0.05761 lr=2.500e-04
[epoch 027 step 010600] loss=0.08488 lr=2.500e-04
[epoch 027 step 010700] loss=0.05543 lr=2.500e-04
[epoch 027 step 010800] loss=0.06517 lr=2.500e-04
[epoch 027 step 010900] loss=0.05375 lr=2.500e-04
[epoch 028 step 011000] loss=0.05467 lr=2.500e-04
[epoch 028 step 011100] loss=0.06239 lr=2.500e-04
[epoch 028 step 011200] loss=0.04829 lr=2.500e-04
[epoch 028 step 011300] loss=0.06668 lr=2.500e-04
[epoch 029 step 011400] loss=0.05407 lr=2.500e-04
[epoch 029 step 011500] loss=0.06393 lr=2.500e-04
[epoch 029 step 011600] loss=0.04837 lr=2.500e-04
[epoch 029 step 011700] loss=0.05193 lr=2.500e-04
Training complete in 23.4 minutes
[LR_SCREEN] quick FID start label=LR25
FID @ 1000 samples (EMA_0.9999, real=train): 330.7679
===== END LR25 =====
===== START LR30 =====
[LR_SCREEN] label=LR30 lr=3.0e-4 output=/root/lr_screen_30ep/runs/LR30
/root/autodl-tmp/diffusion-models-starter-r4/projects/project1_ddpm/train.py:276: FutureWarning: `torch.cuda.amp.GradScaler(args...)` is deprecated. Please use `torch.amp.GradScaler('cuda', args...)` instead.
  scaler = GradScaler(enabled=use_amp and amp_dtype == torch.float16)
/root/autodl-tmp/diffusion-models-starter-r4/projects/project1_ddpm/train.py:344: FutureWarning: `torch.cuda.amp.autocast(args...)` is deprecated. Please use `torch.amp.autocast('cuda', args...)` instead.
  with autocast(enabled=use_amp, dtype=amp_dtype):
[epoch 000 step 000100] loss=0.09900 lr=3.000e-05
[epoch 000 step 000200] loss=0.08911 lr=6.000e-05
[epoch 000 step 000300] loss=0.06539 lr=9.000e-05
[epoch 001 step 000400] loss=0.06741 lr=1.200e-04
[epoch 001 step 000500] loss=0.07715 lr=1.500e-04
[epoch 001 step 000600] loss=0.06578 lr=1.800e-04
[epoch 001 step 000700] loss=0.07583 lr=2.100e-04
[epoch 002 step 000800] loss=0.05657 lr=2.400e-04
[epoch 002 step 000900] loss=0.07885 lr=2.700e-04
[epoch 002 step 001000] loss=0.06345 lr=3.000e-04
[epoch 002 step 001100] loss=0.07264 lr=3.000e-04
[epoch 003 step 001200] loss=0.06974 lr=3.000e-04
[epoch 003 step 001300] loss=0.05695 lr=3.000e-04
[epoch 003 step 001400] loss=0.05150 lr=3.000e-04
[epoch 003 step 001500] loss=0.06677 lr=3.000e-04
[epoch 004 step 001600] loss=0.06490 lr=3.000e-04
[epoch 004 step 001700] loss=0.07300 lr=3.000e-04
[epoch 004 step 001800] loss=0.05280 lr=3.000e-04
[epoch 004 step 001900] loss=0.06117 lr=3.000e-04
[epoch 005 step 002000] loss=0.06002 lr=3.000e-04
[epoch 005 step 002100] loss=0.05618 lr=3.000e-04
[epoch 005 step 002200] loss=0.06083 lr=3.000e-04
[epoch 005 step 002300] loss=0.05673 lr=3.000e-04
[epoch 006 step 002400] loss=0.06189 lr=3.000e-04
[epoch 006 step 002500] loss=0.06744 lr=3.000e-04
[epoch 006 step 002600] loss=0.07671 lr=3.000e-04
[epoch 006 step 002700] loss=0.06491 lr=3.000e-04
[epoch 007 step 002800] loss=0.05942 lr=3.000e-04
[epoch 007 step 002900] loss=0.06082 lr=3.000e-04
[epoch 007 step 003000] loss=0.06898 lr=3.000e-04
[epoch 007 step 003100] loss=0.05725 lr=3.000e-04
[epoch 008 step 003200] loss=0.05070 lr=3.000e-04
[epoch 008 step 003300] loss=0.04841 lr=3.000e-04
[epoch 008 step 003400] loss=0.05874 lr=3.000e-04
[epoch 008 step 003500] loss=0.06634 lr=3.000e-04
[epoch 009 step 003600] loss=0.05362 lr=3.000e-04
[epoch 009 step 003700] loss=0.05782 lr=3.000e-04
[epoch 009 step 003800] loss=0.06706 lr=3.000e-04
[epoch 009 step 003900] loss=0.05316 lr=3.000e-04
[epoch 010 step 004000] loss=0.06723 lr=3.000e-04
[epoch 010 step 004100] loss=0.05839 lr=3.000e-04
[epoch 010 step 004200] loss=0.06106 lr=3.000e-04
[epoch 011 step 004300] loss=0.05201 lr=3.000e-04
[epoch 011 step 004400] loss=0.06038 lr=3.000e-04
[epoch 011 step 004500] loss=0.06816 lr=3.000e-04
[epoch 011 step 004600] loss=0.05748 lr=3.000e-04
[epoch 012 step 004700] loss=0.05039 lr=3.000e-04
[epoch 012 step 004800] loss=0.07009 lr=3.000e-04
[epoch 012 step 004900] loss=0.05447 lr=3.000e-04
[epoch 012 step 005000] loss=0.05310 lr=3.000e-04
[epoch 013 step 005100] loss=0.05609 lr=3.000e-04
[epoch 013 step 005200] loss=0.07753 lr=3.000e-04
[epoch 013 step 005300] loss=0.06715 lr=3.000e-04
[epoch 013 step 005400] loss=0.04686 lr=3.000e-04
[epoch 014 step 005500] loss=0.05718 lr=3.000e-04
[epoch 014 step 005600] loss=0.04880 lr=3.000e-04
[epoch 014 step 005700] loss=0.06383 lr=3.000e-04
[epoch 014 step 005800] loss=0.04889 lr=3.000e-04
[epoch 015 step 005900] loss=0.04917 lr=3.000e-04
[epoch 015 step 006000] loss=0.06390 lr=3.000e-04
[epoch 015 step 006100] loss=0.07343 lr=3.000e-04
[epoch 015 step 006200] loss=0.05890 lr=3.000e-04
[epoch 016 step 006300] loss=0.05779 lr=3.000e-04
[epoch 016 step 006400] loss=0.04509 lr=3.000e-04
[epoch 016 step 006500] loss=0.05941 lr=3.000e-04
[epoch 016 step 006600] loss=0.04684 lr=3.000e-04
[epoch 017 step 006700] loss=0.04787 lr=3.000e-04
[epoch 017 step 006800] loss=0.07185 lr=3.000e-04
[epoch 017 step 006900] loss=0.07020 lr=3.000e-04
[epoch 017 step 007000] loss=0.05793 lr=3.000e-04
[epoch 018 step 007100] loss=0.05930 lr=3.000e-04
[epoch 018 step 007200] loss=0.05399 lr=3.000e-04
[epoch 018 step 007300] loss=0.05255 lr=3.000e-04
[epoch 018 step 007400] loss=0.05966 lr=3.000e-04
[epoch 019 step 007500] loss=0.04995 lr=3.000e-04
[epoch 019 step 007600] loss=0.05724 lr=3.000e-04
[epoch 019 step 007700] loss=0.05522 lr=3.000e-04
[epoch 019 step 007800] loss=0.05462 lr=3.000e-04
[epoch 020 step 007900] loss=0.05734 lr=3.000e-04
[epoch 020 step 008000] loss=0.05248 lr=3.000e-04
[epoch 020 step 008100] loss=0.06563 lr=3.000e-04
[epoch 021 step 008200] loss=0.05509 lr=3.000e-04
[epoch 021 step 008300] loss=0.05480 lr=3.000e-04
[epoch 021 step 008400] loss=0.05308 lr=3.000e-04
[epoch 021 step 008500] loss=0.04946 lr=3.000e-04
[epoch 022 step 008600] loss=0.06510 lr=3.000e-04
[epoch 022 step 008700] loss=0.04575 lr=3.000e-04
[epoch 022 step 008800] loss=0.06042 lr=3.000e-04
[epoch 022 step 008900] loss=0.06012 lr=3.000e-04
[epoch 023 step 009000] loss=0.06249 lr=3.000e-04
[epoch 023 step 009100] loss=0.05923 lr=3.000e-04
[epoch 023 step 009200] loss=0.05398 lr=3.000e-04
[epoch 023 step 009300] loss=0.05158 lr=3.000e-04
[epoch 024 step 009400] loss=0.05936 lr=3.000e-04
[epoch 024 step 009500] loss=0.05643 lr=3.000e-04
[epoch 024 step 009600] loss=0.05473 lr=3.000e-04
[epoch 024 step 009700] loss=0.04607 lr=3.000e-04
[epoch 025 step 009800] loss=0.05778 lr=3.000e-04
[epoch 025 step 009900] loss=0.05697 lr=3.000e-04
[epoch 025 step 010000] loss=0.07218 lr=3.000e-04
[epoch 025 step 010100] loss=0.05742 lr=3.000e-04
[epoch 026 step 010200] loss=0.07167 lr=3.000e-04
[epoch 026 step 010300] loss=0.06970 lr=3.000e-04
[epoch 026 step 010400] loss=0.07155 lr=3.000e-04
[epoch 026 step 010500] loss=0.05733 lr=3.000e-04
[epoch 027 step 010600] loss=0.08476 lr=3.000e-04
[epoch 027 step 010700] loss=0.05541 lr=3.000e-04
[epoch 027 step 010800] loss=0.06508 lr=3.000e-04
[epoch 027 step 010900] loss=0.05394 lr=3.000e-04
[epoch 028 step 011000] loss=0.05473 lr=3.000e-04
[epoch 028 step 011100] loss=0.06252 lr=3.000e-04
[epoch 028 step 011200] loss=0.04818 lr=3.000e-04
[epoch 028 step 011300] loss=0.06645 lr=3.000e-04
[epoch 029 step 011400] loss=0.05411 lr=3.000e-04
[epoch 029 step 011500] loss=0.06382 lr=3.000e-04
[epoch 029 step 011600] loss=0.04845 lr=3.000e-04
[epoch 029 step 011700] loss=0.05207 lr=3.000e-04
Training complete in 23.5 minutes
[LR_SCREEN] quick FID start label=LR30
FID @ 1000 samples (EMA_0.9999, real=train): 323.4893
===== END LR30 =====
[LR_SCREEN] all candidates finished
