/root/autodl-tmp/diffusion-models-starter-r4/projects/project1_ddpm/train.py:276: FutureWarning: `torch.cuda.amp.GradScaler(args...)` is deprecated. Please use `torch.amp.GradScaler('cuda', args...)` instead.
  scaler = GradScaler(enabled=use_amp and amp_dtype == torch.float16)
/root/autodl-tmp/diffusion-models-starter-r4/projects/project1_ddpm/train.py:344: FutureWarning: `torch.cuda.amp.autocast(args...)` is deprecated. Please use `torch.amp.autocast('cuda', args...)` instead.
  with autocast(enabled=use_amp, dtype=amp_dtype):
[epoch 000 step 000100] loss=0.41934 lr=4.000e-06
[epoch 000 step 000200] loss=0.23295 lr=8.000e-06
[epoch 000 step 000300] loss=0.17514 lr=1.200e-05
[epoch 001 step 000400] loss=0.14884 lr=1.600e-05
[epoch 001 step 000500] loss=0.15580 lr=2.000e-05
[epoch 001 step 000600] loss=0.14968 lr=2.400e-05
[epoch 001 step 000700] loss=0.14405 lr=2.800e-05
[epoch 002 step 000800] loss=0.13744 lr=3.200e-05
[epoch 002 step 000900] loss=0.14834 lr=3.600e-05
[epoch 002 step 001000] loss=0.13739 lr=4.000e-05
[epoch 002 step 001100] loss=0.14786 lr=4.400e-05
[epoch 003 step 001200] loss=0.13447 lr=4.800e-05
[epoch 003 step 001300] loss=0.13164 lr=5.200e-05
[epoch 003 step 001400] loss=0.12538 lr=5.600e-05
[epoch 003 step 001500] loss=0.13866 lr=6.000e-05
[epoch 004 step 001600] loss=0.14079 lr=6.400e-05
[epoch 004 step 001700] loss=0.13256 lr=6.800e-05
[epoch 004 step 001800] loss=0.12495 lr=7.200e-05
[epoch 004 step 001900] loss=0.12409 lr=7.600e-05
[epoch 005 step 002000] loss=0.13054 lr=8.000e-05
[epoch 005 step 002100] loss=0.12689 lr=8.400e-05
[epoch 005 step 002200] loss=0.12345 lr=8.800e-05
[epoch 005 step 002300] loss=0.11343 lr=9.200e-05
[epoch 006 step 002400] loss=0.12034 lr=9.600e-05
[epoch 006 step 002500] loss=0.12648 lr=1.000e-04
[epoch 006 step 002600] loss=0.14943 lr=1.040e-04
[epoch 006 step 002700] loss=0.13232 lr=1.080e-04
[epoch 007 step 002800] loss=0.11748 lr=1.120e-04
[epoch 007 step 002900] loss=0.11605 lr=1.160e-04
[epoch 007 step 003000] loss=0.12942 lr=1.200e-04
[epoch 007 step 003100] loss=0.12377 lr=1.240e-04
[epoch 008 step 003200] loss=0.11803 lr=1.280e-04
[epoch 008 step 003300] loss=0.11243 lr=1.320e-04
[epoch 008 step 003400] loss=0.12977 lr=1.360e-04
[epoch 008 step 003500] loss=0.12527 lr=1.400e-04
[epoch 009 step 003600] loss=0.11435 lr=1.440e-04
[epoch 009 step 003700] loss=0.12024 lr=1.480e-04
[epoch 009 step 003800] loss=0.12183 lr=1.520e-04
[epoch 009 step 003900] loss=0.11899 lr=1.560e-04
[epoch 010 step 004000] loss=0.11947 lr=1.600e-04
[epoch 010 step 004100] loss=0.11473 lr=1.640e-04
[epoch 010 step 004200] loss=0.10791 lr=1.680e-04
[epoch 011 step 004300] loss=0.12569 lr=1.720e-04
[epoch 011 step 004400] loss=0.12367 lr=1.760e-04
[epoch 011 step 004500] loss=0.12963 lr=1.800e-04
[epoch 011 step 004600] loss=0.11048 lr=1.840e-04
[epoch 012 step 004700] loss=0.10894 lr=1.880e-04
[epoch 012 step 004800] loss=0.12732 lr=1.920e-04
[epoch 012 step 004900] loss=0.10953 lr=1.960e-04
[epoch 012 step 005000] loss=0.11241 lr=2.000e-04
[epoch 013 step 005100] loss=0.11497 lr=2.000e-04
[epoch 013 step 005200] loss=0.11105 lr=2.000e-04
[epoch 013 step 005300] loss=0.10532 lr=2.000e-04
[epoch 013 step 005400] loss=0.11838 lr=2.000e-04
[epoch 014 step 005500] loss=0.12290 lr=2.000e-04
[epoch 014 step 005600] loss=0.11077 lr=2.000e-04
[epoch 014 step 005700] loss=0.11879 lr=2.000e-04
[epoch 014 step 005800] loss=0.11473 lr=2.000e-04
[epoch 015 step 005900] loss=0.10576 lr=2.000e-04
[epoch 015 step 006000] loss=0.12317 lr=2.000e-04
[epoch 015 step 006100] loss=0.11030 lr=2.000e-04
[epoch 015 step 006200] loss=0.12092 lr=2.000e-04
[epoch 016 step 006300] loss=0.10574 lr=2.000e-04
[epoch 016 step 006400] loss=0.11736 lr=2.000e-04
[epoch 016 step 006500] loss=0.11157 lr=2.000e-04
[epoch 016 step 006600] loss=0.11205 lr=2.000e-04
[epoch 017 step 006700] loss=0.12469 lr=2.000e-04
[epoch 017 step 006800] loss=0.14252 lr=2.000e-04
[epoch 017 step 006900] loss=0.09726 lr=2.000e-04
[epoch 017 step 007000] loss=0.12001 lr=2.000e-04
[epoch 018 step 007100] loss=0.12509 lr=2.000e-04
[epoch 018 step 007200] loss=0.11144 lr=2.000e-04
[epoch 018 step 007300] loss=0.11474 lr=2.000e-04
[epoch 018 step 007400] loss=0.11679 lr=2.000e-04
[epoch 019 step 007500] loss=0.10949 lr=2.000e-04
[epoch 019 step 007600] loss=0.11032 lr=2.000e-04
[epoch 019 step 007700] loss=0.10709 lr=2.000e-04
[epoch 019 step 007800] loss=0.11547 lr=2.000e-04
[epoch 020 step 007900] loss=0.11399 lr=2.000e-04
[epoch 020 step 008000] loss=0.12322 lr=2.000e-04
[epoch 020 step 008100] loss=0.12815 lr=2.000e-04
[epoch 021 step 008200] loss=0.11937 lr=2.000e-04
[epoch 021 step 008300] loss=0.11719 lr=2.000e-04
[epoch 021 step 008400] loss=0.09638 lr=2.000e-04
[epoch 021 step 008500] loss=0.11116 lr=2.000e-04
[epoch 022 step 008600] loss=0.12515 lr=2.000e-04
[epoch 022 step 008700] loss=0.11753 lr=2.000e-04
[epoch 022 step 008800] loss=0.10968 lr=2.000e-04
[epoch 022 step 008900] loss=0.12157 lr=2.000e-04
[epoch 023 step 009000] loss=0.10479 lr=2.000e-04
[epoch 023 step 009100] loss=0.12368 lr=2.000e-04
[epoch 023 step 009200] loss=0.11449 lr=2.000e-04
[epoch 023 step 009300] loss=0.10003 lr=2.000e-04
[epoch 024 step 009400] loss=0.11975 lr=2.000e-04
[epoch 024 step 009500] loss=0.11950 lr=2.000e-04
[epoch 024 step 009600] loss=0.09877 lr=2.000e-04
[epoch 024 step 009700] loss=0.12374 lr=2.000e-04
[epoch 025 step 009800] loss=0.11945 lr=2.000e-04
[epoch 025 step 009900] loss=0.11602 lr=2.000e-04
[epoch 025 step 010000] loss=0.11050 lr=2.000e-04
[epoch 025 attempt 010039] optimizer step skipped; scaler=1048576.0
[epoch 025 step 010100] loss=0.11938 lr=2.000e-04
[epoch 026 step 010200] loss=0.11618 lr=2.000e-04
[epoch 026 step 010300] loss=0.11963 lr=2.000e-04
[epoch 026 step 010400] loss=0.10045 lr=2.000e-04
[epoch 026 step 010500] loss=0.10817 lr=2.000e-04
[epoch 027 step 010600] loss=0.11690 lr=2.000e-04
[epoch 027 step 010700] loss=0.11861 lr=2.000e-04
[epoch 027 step 010800] loss=0.11100 lr=2.000e-04
[epoch 027 step 010900] loss=0.11654 lr=2.000e-04
[epoch 028 step 011000] loss=0.10910 lr=2.000e-04
[epoch 028 step 011100] loss=0.10758 lr=2.000e-04
[epoch 028 step 011200] loss=0.12213 lr=2.000e-04
[epoch 028 step 011300] loss=0.10827 lr=2.000e-04
[epoch 029 step 011400] loss=0.10539 lr=2.000e-04
[epoch 029 step 011500] loss=0.11571 lr=2.000e-04
[epoch 029 step 011600] loss=0.10721 lr=2.000e-04
[epoch 030 step 011700] loss=0.10972 lr=2.000e-04
[epoch 030 step 011800] loss=0.11992 lr=2.000e-04
[epoch 030 step 011900] loss=0.12355 lr=2.000e-04
[epoch 030 step 012000] loss=0.10448 lr=2.000e-04
[epoch 030 attempt 012071] optimizer step skipped; scaler=1048576.0
[epoch 031 step 012100] loss=0.11927 lr=2.000e-04
[epoch 031 step 012200] loss=0.11169 lr=2.000e-04
[epoch 031 step 012300] loss=0.12225 lr=2.000e-04
[epoch 031 step 012400] loss=0.11436 lr=2.000e-04
[epoch 032 step 012500] loss=0.11463 lr=2.000e-04
[epoch 032 step 012600] loss=0.11601 lr=2.000e-04
[epoch 032 step 012700] loss=0.10272 lr=2.000e-04
[epoch 032 step 012800] loss=0.10870 lr=2.000e-04
[epoch 033 step 012900] loss=0.13025 lr=2.000e-04
[epoch 033 step 013000] loss=0.11327 lr=2.000e-04
[epoch 033 step 013100] loss=0.11727 lr=2.000e-04
[epoch 033 step 013200] loss=0.11695 lr=2.000e-04
[epoch 034 step 013300] loss=0.11173 lr=2.000e-04
[epoch 034 step 013400] loss=0.10459 lr=2.000e-04
[epoch 034 step 013500] loss=0.11017 lr=2.000e-04
[epoch 034 step 013600] loss=0.10538 lr=2.000e-04
[epoch 035 step 013700] loss=0.10846 lr=2.000e-04
[epoch 035 step 013800] loss=0.11918 lr=2.000e-04
[epoch 035 step 013900] loss=0.11067 lr=2.000e-04
[epoch 035 step 014000] loss=0.11736 lr=2.000e-04
[epoch 036 attempt 014093] optimizer step skipped; scaler=1048576.0
[epoch 036 step 014100] loss=0.11785 lr=2.000e-04
[epoch 036 step 014200] loss=0.10997 lr=2.000e-04
[epoch 036 step 014300] loss=0.11478 lr=2.000e-04
[epoch 036 step 014400] loss=0.10602 lr=2.000e-04
[epoch 037 step 014500] loss=0.10831 lr=2.000e-04
[epoch 037 step 014600] loss=0.12491 lr=2.000e-04
[epoch 037 step 014700] loss=0.11186 lr=2.000e-04
[epoch 037 step 014800] loss=0.11212 lr=2.000e-04
[epoch 038 step 014900] loss=0.10787 lr=2.000e-04
[epoch 038 step 015000] loss=0.10812 lr=2.000e-04
[epoch 038 step 015100] loss=0.10081 lr=2.000e-04
[epoch 038 step 015200] loss=0.11634 lr=2.000e-04
[epoch 039 step 015300] loss=0.10783 lr=2.000e-04
[epoch 039 step 015400] loss=0.12628 lr=2.000e-04
[epoch 039 step 015500] loss=0.12231 lr=2.000e-04
[epoch 040 step 015600] loss=0.10652 lr=2.000e-04
[epoch 040 step 015700] loss=0.11256 lr=2.000e-04
[epoch 040 step 015800] loss=0.11145 lr=2.000e-04
[epoch 040 step 015900] loss=0.11850 lr=2.000e-04
[epoch 041 step 016000] loss=0.10547 lr=2.000e-04
[epoch 041 step 016100] loss=0.10070 lr=2.000e-04
[epoch 041 attempt 016119] optimizer step skipped; scaler=1048576.0
[epoch 041 step 016200] loss=0.11625 lr=2.000e-04
[epoch 041 step 016300] loss=0.09966 lr=2.000e-04
[epoch 042 step 016400] loss=0.11502 lr=2.000e-04
[epoch 042 step 016500] loss=0.12038 lr=2.000e-04
[epoch 042 step 016600] loss=0.10595 lr=2.000e-04
[epoch 042 step 016700] loss=0.10917 lr=2.000e-04
[epoch 043 step 016800] loss=0.10878 lr=2.000e-04
[epoch 043 step 016900] loss=0.11538 lr=2.000e-04
[epoch 043 step 017000] loss=0.12338 lr=2.000e-04
[epoch 043 step 017100] loss=0.10973 lr=2.000e-04
[epoch 044 step 017200] loss=0.10832 lr=2.000e-04
[epoch 044 step 017300] loss=0.13449 lr=2.000e-04
[epoch 044 step 017400] loss=0.11049 lr=2.000e-04
[epoch 044 step 017500] loss=0.12393 lr=2.000e-04
[epoch 045 step 017600] loss=0.12413 lr=2.000e-04
[epoch 045 step 017700] loss=0.11498 lr=2.000e-04
[epoch 045 step 017800] loss=0.10310 lr=2.000e-04
[epoch 045 step 017900] loss=0.10615 lr=2.000e-04
[epoch 046 step 018000] loss=0.10930 lr=2.000e-04
[epoch 046 step 018100] loss=0.09875 lr=2.000e-04
[epoch 046 attempt 018127] optimizer step skipped; scaler=1048576.0
[epoch 046 step 018200] loss=0.09847 lr=2.000e-04
[epoch 046 step 018300] loss=0.11606 lr=2.000e-04
[epoch 047 step 018400] loss=0.10534 lr=2.000e-04
[epoch 047 step 018500] loss=0.12345 lr=2.000e-04
[epoch 047 step 018600] loss=0.10621 lr=2.000e-04
[epoch 047 step 018700] loss=0.11910 lr=2.000e-04
[epoch 048 step 018800] loss=0.11329 lr=2.000e-04
[epoch 048 step 018900] loss=0.11464 lr=2.000e-04
[epoch 048 step 019000] loss=0.11011 lr=2.000e-04
[epoch 048 step 019100] loss=0.10773 lr=2.000e-04
[epoch 049 step 019200] loss=0.11120 lr=2.000e-04
[epoch 049 step 019300] loss=0.11071 lr=2.000e-04
[epoch 049 step 019400] loss=0.10566 lr=2.000e-04
[epoch 050 step 019500] loss=0.11960 lr=2.000e-04
[epoch 050 step 019600] loss=0.10134 lr=2.000e-04
[epoch 050 step 019700] loss=0.10322 lr=2.000e-04
[epoch 050 step 019800] loss=0.10848 lr=2.000e-04
[epoch 051 step 019900] loss=0.11137 lr=2.000e-04
[epoch 051 step 020000] loss=0.11602 lr=2.000e-04
[epoch 051 step 020100] loss=0.09621 lr=2.000e-04
[epoch 051 step 020200] loss=0.10879 lr=2.000e-04
[epoch 052 attempt 020285] optimizer step skipped; scaler=1048576.0
[epoch 052 step 020300] loss=0.10427 lr=2.000e-04
[epoch 052 step 020400] loss=0.11111 lr=2.000e-04
[epoch 052 step 020500] loss=0.11093 lr=2.000e-04
[epoch 052 step 020600] loss=0.11547 lr=2.000e-04
[epoch 053 step 020700] loss=0.12380 lr=2.000e-04
[epoch 053 step 020800] loss=0.10026 lr=2.000e-04
[epoch 053 step 020900] loss=0.11366 lr=2.000e-04
[epoch 053 step 021000] loss=0.11792 lr=2.000e-04
[epoch 054 step 021100] loss=0.11407 lr=2.000e-04
[epoch 054 step 021200] loss=0.10464 lr=2.000e-04
[epoch 054 step 021300] loss=0.10880 lr=2.000e-04
[epoch 054 step 021400] loss=0.10124 lr=2.000e-04
[epoch 055 step 021500] loss=0.11902 lr=2.000e-04
[epoch 055 step 021600] loss=0.11738 lr=2.000e-04
[epoch 055 step 021700] loss=0.11859 lr=2.000e-04
[epoch 055 step 021800] loss=0.11152 lr=2.000e-04
[epoch 056 step 021900] loss=0.11293 lr=2.000e-04
[epoch 056 step 022000] loss=0.10144 lr=2.000e-04
[epoch 056 step 022100] loss=0.12366 lr=2.000e-04
[epoch 056 step 022200] loss=0.12580 lr=2.000e-04
[epoch 057 attempt 022289] optimizer step skipped; scaler=1048576.0
[epoch 057 step 022300] loss=0.10832 lr=2.000e-04
[epoch 057 step 022400] loss=0.10608 lr=2.000e-04
[epoch 057 step 022500] loss=0.11930 lr=2.000e-04
[epoch 057 step 022600] loss=0.11228 lr=2.000e-04
[epoch 058 step 022700] loss=0.10831 lr=2.000e-04
[epoch 058 step 022800] loss=0.11219 lr=2.000e-04
[epoch 058 step 022900] loss=0.11272 lr=2.000e-04
[epoch 058 step 023000] loss=0.11557 lr=2.000e-04
[epoch 059 step 023100] loss=0.11160 lr=2.000e-04
[epoch 059 step 023200] loss=0.09975 lr=2.000e-04
[epoch 059 step 023300] loss=0.11521 lr=2.000e-04
[epoch 060 step 023400] loss=0.10513 lr=2.000e-04
[epoch 060 step 023500] loss=0.11237 lr=2.000e-04
[epoch 060 step 023600] loss=0.10213 lr=2.000e-04
[epoch 060 step 023700] loss=0.09737 lr=2.000e-04
[epoch 061 step 023800] loss=0.10259 lr=2.000e-04
[epoch 061 step 023900] loss=0.11410 lr=2.000e-04
[epoch 061 step 024000] loss=0.11710 lr=2.000e-04
[epoch 061 step 024100] loss=0.10795 lr=2.000e-04
[epoch 062 step 024200] loss=0.11689 lr=2.000e-04
[epoch 062 step 024300] loss=0.11398 lr=2.000e-04
[epoch 062 step 024400] loss=0.12389 lr=2.000e-04
[epoch 062 attempt 024435] optimizer step skipped; scaler=1048576.0
[epoch 062 step 024500] loss=0.11063 lr=2.000e-04
[epoch 063 step 024600] loss=0.10511 lr=2.000e-04
[epoch 063 step 024700] loss=0.10441 lr=2.000e-04
[epoch 063 step 024800] loss=0.10544 lr=2.000e-04
[epoch 063 step 024900] loss=0.10185 lr=2.000e-04
[epoch 064 step 025000] loss=0.11723 lr=2.000e-04
[epoch 064 step 025100] loss=0.10161 lr=2.000e-04
[epoch 064 step 025200] loss=0.10503 lr=2.000e-04
[epoch 064 step 025300] loss=0.12152 lr=2.000e-04
[epoch 065 step 025400] loss=0.11737 lr=2.000e-04
[epoch 065 step 025500] loss=0.09908 lr=2.000e-04
[epoch 065 step 025600] loss=0.11125 lr=2.000e-04
[epoch 065 step 025700] loss=0.10876 lr=2.000e-04
[epoch 066 step 025800] loss=0.10174 lr=2.000e-04
[epoch 066 step 025900] loss=0.10035 lr=2.000e-04
[epoch 066 step 026000] loss=0.11009 lr=2.000e-04
[epoch 066 step 026100] loss=0.10601 lr=2.000e-04
[epoch 067 step 026200] loss=0.09984 lr=2.000e-04
[epoch 067 step 026300] loss=0.10200 lr=2.000e-04
[epoch 067 step 026400] loss=0.11324 lr=2.000e-04
[epoch 067 attempt 026458] optimizer step skipped; scaler=1048576.0
[epoch 067 step 026500] loss=0.10960 lr=2.000e-04
[epoch 068 step 026600] loss=0.11710 lr=2.000e-04
[epoch 068 step 026700] loss=0.10473 lr=2.000e-04
[epoch 068 step 026800] loss=0.10272 lr=2.000e-04
[epoch 068 step 026900] loss=0.12045 lr=2.000e-04
[epoch 069 step 027000] loss=0.10761 lr=2.000e-04
[epoch 069 step 027100] loss=0.10176 lr=2.000e-04
[epoch 069 step 027200] loss=0.10588 lr=2.000e-04
[epoch 070 step 027300] loss=0.10424 lr=2.000e-04
[epoch 070 step 027400] loss=0.10387 lr=2.000e-04
[epoch 070 step 027500] loss=0.11953 lr=2.000e-04
[epoch 070 step 027600] loss=0.11938 lr=2.000e-04
[epoch 071 step 027700] loss=0.09293 lr=2.000e-04
[epoch 071 step 027800] loss=0.12038 lr=2.000e-04
[epoch 071 step 027900] loss=0.10063 lr=2.000e-04
[epoch 071 step 028000] loss=0.10426 lr=2.000e-04
[epoch 072 step 028100] loss=0.11450 lr=2.000e-04
[epoch 072 step 028200] loss=0.09761 lr=2.000e-04
[epoch 072 step 028300] loss=0.11430 lr=2.000e-04
[epoch 072 step 028400] loss=0.10477 lr=2.000e-04
[epoch 073 step 028500] loss=0.10563 lr=2.000e-04
[epoch 073 attempt 028562] optimizer step skipped; scaler=1048576.0
[epoch 073 step 028600] loss=0.11733 lr=2.000e-04
[epoch 073 step 028700] loss=0.09826 lr=2.000e-04
[epoch 073 step 028800] loss=0.11006 lr=2.000e-04
[epoch 074 step 028900] loss=0.12537 lr=2.000e-04
[epoch 074 step 029000] loss=0.10950 lr=2.000e-04
[epoch 074 step 029100] loss=0.10309 lr=2.000e-04
[epoch 074 step 029200] loss=0.10919 lr=2.000e-04
[epoch 075 step 029300] loss=0.11480 lr=2.000e-04
[epoch 075 step 029400] loss=0.11701 lr=2.000e-04
[epoch 075 step 029500] loss=0.10975 lr=2.000e-04
[epoch 075 step 029600] loss=0.12179 lr=2.000e-04
[epoch 076 step 029700] loss=0.11446 lr=2.000e-04
[epoch 076 step 029800] loss=0.10105 lr=2.000e-04
[epoch 076 step 029900] loss=0.11276 lr=2.000e-04
[epoch 076 step 030000] loss=0.11581 lr=2.000e-04
[epoch 077 step 030100] loss=0.10446 lr=2.000e-04
[epoch 077 step 030200] loss=0.12094 lr=2.000e-04
[epoch 077 step 030300] loss=0.10189 lr=2.000e-04
[epoch 077 step 030400] loss=0.10337 lr=2.000e-04
[epoch 078 step 030500] loss=0.10794 lr=2.000e-04
[epoch 078 step 030600] loss=0.10546 lr=2.000e-04
[epoch 078 attempt 030647] optimizer step skipped; scaler=1048576.0
[epoch 078 step 030700] loss=0.11504 lr=2.000e-04
[epoch 079 step 030800] loss=0.10951 lr=2.000e-04
[epoch 079 step 030900] loss=0.10562 lr=2.000e-04
[epoch 079 step 031000] loss=0.09529 lr=2.000e-04
[epoch 079 step 031100] loss=0.10941 lr=2.000e-04
[epoch 080 step 031200] loss=0.11033 lr=2.000e-04
[epoch 080 step 031300] loss=0.10366 lr=2.000e-04
[epoch 080 step 031400] loss=0.11211 lr=2.000e-04
[epoch 080 step 031500] loss=0.10849 lr=2.000e-04
[epoch 081 step 031600] loss=0.11405 lr=2.000e-04
[epoch 081 step 031700] loss=0.12569 lr=2.000e-04
[epoch 081 step 031800] loss=0.11094 lr=2.000e-04
[epoch 081 step 031900] loss=0.09465 lr=2.000e-04
[epoch 082 step 032000] loss=0.10964 lr=2.000e-04
[epoch 082 step 032100] loss=0.10704 lr=2.000e-04
[epoch 082 step 032200] loss=0.11648 lr=2.000e-04
[epoch 082 step 032300] loss=0.11480 lr=2.000e-04
[epoch 083 step 032400] loss=0.11394 lr=2.000e-04
[epoch 083 step 032500] loss=0.12302 lr=2.000e-04
[epoch 083 step 032600] loss=0.11156 lr=2.000e-04
[epoch 083 step 032700] loss=0.10317 lr=2.000e-04
[epoch 084 step 032800] loss=0.10518 lr=2.000e-04
[epoch 084 step 032900] loss=0.11079 lr=2.000e-04
[epoch 084 attempt 032944] optimizer step skipped; scaler=1048576.0
[epoch 084 step 033000] loss=0.11487 lr=2.000e-04
[epoch 084 step 033100] loss=0.10120 lr=2.000e-04
[epoch 085 step 033200] loss=0.11070 lr=2.000e-04
[epoch 085 step 033300] loss=0.11263 lr=2.000e-04
[epoch 085 step 033400] loss=0.11527 lr=2.000e-04
[epoch 085 step 033500] loss=0.10537 lr=2.000e-04
[epoch 086 step 033600] loss=0.11963 lr=2.000e-04
[epoch 086 step 033700] loss=0.11081 lr=2.000e-04
[epoch 086 step 033800] loss=0.11209 lr=2.000e-04
[epoch 086 step 033900] loss=0.11305 lr=2.000e-04
[epoch 087 step 034000] loss=0.11875 lr=2.000e-04
[epoch 087 step 034100] loss=0.10671 lr=2.000e-04
[epoch 087 step 034200] loss=0.10880 lr=2.000e-04
[epoch 087 step 034300] loss=0.10684 lr=2.000e-04
[epoch 088 step 034400] loss=0.10875 lr=2.000e-04
[epoch 088 step 034500] loss=0.11169 lr=2.000e-04
[epoch 088 step 034600] loss=0.11329 lr=2.000e-04
[epoch 089 step 034700] loss=0.11320 lr=2.000e-04
[epoch 089 step 034800] loss=0.10521 lr=2.000e-04
[epoch 089 step 034900] loss=0.11294 lr=2.000e-04
[epoch 089 attempt 034945] optimizer step skipped; scaler=1048576.0
[epoch 089 step 035000] loss=0.11156 lr=2.000e-04
[epoch 090 step 035100] loss=0.10409 lr=2.000e-04
[epoch 090 step 035200] loss=0.09751 lr=2.000e-04
[epoch 090 step 035300] loss=0.11484 lr=2.000e-04
[epoch 090 step 035400] loss=0.11860 lr=2.000e-04
[epoch 091 step 035500] loss=0.12523 lr=2.000e-04
[epoch 091 step 035600] loss=0.12107 lr=2.000e-04
[epoch 091 step 035700] loss=0.10731 lr=2.000e-04
[epoch 091 step 035800] loss=0.10412 lr=2.000e-04
[epoch 092 step 035900] loss=0.10391 lr=2.000e-04
[epoch 092 step 036000] loss=0.10834 lr=2.000e-04
[epoch 092 step 036100] loss=0.10126 lr=2.000e-04
[epoch 092 step 036200] loss=0.11229 lr=2.000e-04
[epoch 093 step 036300] loss=0.11022 lr=2.000e-04
[epoch 093 step 036400] loss=0.10837 lr=2.000e-04
[epoch 093 step 036500] loss=0.11550 lr=2.000e-04
[epoch 093 step 036600] loss=0.12179 lr=2.000e-04
[epoch 094 step 036700] loss=0.11008 lr=2.000e-04
[epoch 094 step 036800] loss=0.11845 lr=2.000e-04
[epoch 094 step 036900] loss=0.11194 lr=2.000e-04
[epoch 094 step 037000] loss=0.10830 lr=2.000e-04
[epoch 095 step 037100] loss=0.12032 lr=2.000e-04
[epoch 095 step 037200] loss=0.10475 lr=2.000e-04
[epoch 095 step 037300] loss=0.11503 lr=2.000e-04
[epoch 095 step 037400] loss=0.10450 lr=2.000e-04
[epoch 096 step 037500] loss=0.10126 lr=2.000e-04
[epoch 096 step 037600] loss=0.11800 lr=2.000e-04
[epoch 096 attempt 037623] optimizer step skipped; scaler=1048576.0
[epoch 096 step 037700] loss=0.10233 lr=2.000e-04
[epoch 096 step 037800] loss=0.11734 lr=2.000e-04
[epoch 097 step 037900] loss=0.10963 lr=2.000e-04
[epoch 097 step 038000] loss=0.11587 lr=2.000e-04
[epoch 097 step 038100] loss=0.11722 lr=2.000e-04
[epoch 097 step 038200] loss=0.10317 lr=2.000e-04
[epoch 098 step 038300] loss=0.10228 lr=2.000e-04
[epoch 098 step 038400] loss=0.11714 lr=2.000e-04
[epoch 098 step 038500] loss=0.10917 lr=2.000e-04
[epoch 099 step 038600] loss=0.12546 lr=2.000e-04
[epoch 099 step 038700] loss=0.11426 lr=2.000e-04
[epoch 099 step 038800] loss=0.10303 lr=2.000e-04
[epoch 099 step 038900] loss=0.10895 lr=2.000e-04
[epoch 100 step 039000] loss=0.11591 lr=2.000e-04
[epoch 100 step 039100] loss=0.10438 lr=2.000e-04
[epoch 100 step 039200] loss=0.11770 lr=2.000e-04
[epoch 100 step 039300] loss=0.10040 lr=2.000e-04
[epoch 101 step 039400] loss=0.10579 lr=2.000e-04
[epoch 101 step 039500] loss=0.10264 lr=2.000e-04
[epoch 101 step 039600] loss=0.09736 lr=2.000e-04
[epoch 101 step 039700] loss=0.11904 lr=2.000e-04
[epoch 102 step 039800] loss=0.09474 lr=2.000e-04
[epoch 102 step 039900] loss=0.09556 lr=2.000e-04
[epoch 102 step 040000] loss=0.10970 lr=2.000e-04
[epoch 102 attempt 040091] optimizer step skipped; scaler=1048576.0
[epoch 102 step 040100] loss=0.11610 lr=2.000e-04
[epoch 103 step 040200] loss=0.11516 lr=2.000e-04
[epoch 103 step 040300] loss=0.10895 lr=2.000e-04
[epoch 103 step 040400] loss=0.10559 lr=2.000e-04
[epoch 103 step 040500] loss=0.10620 lr=2.000e-04
[epoch 104 step 040600] loss=0.10930 lr=2.000e-04
[epoch 104 step 040700] loss=0.10516 lr=2.000e-04
[epoch 104 step 040800] loss=0.10400 lr=2.000e-04
[epoch 104 step 040900] loss=0.11361 lr=2.000e-04
[epoch 105 step 041000] loss=0.11490 lr=2.000e-04
[epoch 105 step 041100] loss=0.11044 lr=2.000e-04
[epoch 105 step 041200] loss=0.10459 lr=2.000e-04
[epoch 105 step 041300] loss=0.10090 lr=2.000e-04
[epoch 106 step 041400] loss=0.10897 lr=2.000e-04
[epoch 106 step 041500] loss=0.10821 lr=2.000e-04
[epoch 106 step 041600] loss=0.09896 lr=2.000e-04
[epoch 106 step 041700] loss=0.10710 lr=2.000e-04
[epoch 107 step 041800] loss=0.11566 lr=2.000e-04
[epoch 107 step 041900] loss=0.10898 lr=2.000e-04
[epoch 107 step 042000] loss=0.10325 lr=2.000e-04
[epoch 107 step 042100] loss=0.11690 lr=2.000e-04
[epoch 108 attempt 042149] optimizer step skipped; scaler=1048576.0
[epoch 108 step 042200] loss=0.11450 lr=2.000e-04
[epoch 108 step 042300] loss=0.10220 lr=2.000e-04
[epoch 108 step 042400] loss=0.10390 lr=2.000e-04
[epoch 109 step 042500] loss=0.09568 lr=2.000e-04
[epoch 109 step 042600] loss=0.10434 lr=2.000e-04
[epoch 109 step 042700] loss=0.10398 lr=2.000e-04
[epoch 109 step 042800] loss=0.11994 lr=2.000e-04
[epoch 110 step 042900] loss=0.10656 lr=2.000e-04
[epoch 110 step 043000] loss=0.10745 lr=2.000e-04
[epoch 110 step 043100] loss=0.11121 lr=2.000e-04
[epoch 110 step 043200] loss=0.12117 lr=2.000e-04
[epoch 111 step 043300] loss=0.09413 lr=2.000e-04
[epoch 111 step 043400] loss=0.10518 lr=2.000e-04
[epoch 111 step 043500] loss=0.11324 lr=2.000e-04
[epoch 111 step 043600] loss=0.10528 lr=2.000e-04
[epoch 112 step 043700] loss=0.09126 lr=2.000e-04
[epoch 112 step 043800] loss=0.10123 lr=2.000e-04
[epoch 112 step 043900] loss=0.10720 lr=2.000e-04
[epoch 112 step 044000] loss=0.09926 lr=2.000e-04
[epoch 113 step 044100] loss=0.09833 lr=2.000e-04
[epoch 113 step 044200] loss=0.10200 lr=2.000e-04
[epoch 113 step 044300] loss=0.10476 lr=2.000e-04
[epoch 113 step 044400] loss=0.11528 lr=2.000e-04
[epoch 114 attempt 044477] optimizer step skipped; scaler=1048576.0
[epoch 114 step 044500] loss=0.10355 lr=2.000e-04
[epoch 114 step 044600] loss=0.11252 lr=2.000e-04
[epoch 114 step 044700] loss=0.09602 lr=2.000e-04
[epoch 114 step 044800] loss=0.09380 lr=2.000e-04
[epoch 115 step 044900] loss=0.10768 lr=2.000e-04
[epoch 115 step 045000] loss=0.10554 lr=2.000e-04
[epoch 115 step 045100] loss=0.10864 lr=2.000e-04
[epoch 115 step 045200] loss=0.10539 lr=2.000e-04
[epoch 116 step 045300] loss=0.11122 lr=2.000e-04
[epoch 116 step 045400] loss=0.10818 lr=2.000e-04
[epoch 116 step 045500] loss=0.11369 lr=2.000e-04
[epoch 116 step 045600] loss=0.11868 lr=2.000e-04
[epoch 117 step 045700] loss=0.10521 lr=2.000e-04
[epoch 117 step 045800] loss=0.10841 lr=2.000e-04
[epoch 117 step 045900] loss=0.10423 lr=2.000e-04
[epoch 117 step 046000] loss=0.09798 lr=2.000e-04
[epoch 118 step 046100] loss=0.10872 lr=2.000e-04
[epoch 118 step 046200] loss=0.10126 lr=2.000e-04
[epoch 118 step 046300] loss=0.10250 lr=2.000e-04
[epoch 119 step 046400] loss=0.10394 lr=2.000e-04
[epoch 119 step 046500] loss=0.10823 lr=2.000e-04
[epoch 119 attempt 046536] optimizer step skipped; scaler=1048576.0
[epoch 119 step 046600] loss=0.10981 lr=2.000e-04
[epoch 119 step 046700] loss=0.10676 lr=2.000e-04
[epoch 120 step 046800] loss=0.10871 lr=2.000e-04
[epoch 120 step 046900] loss=0.09940 lr=2.000e-04
[epoch 120 step 047000] loss=0.11261 lr=2.000e-04
[epoch 120 step 047100] loss=0.11297 lr=2.000e-04
[epoch 121 step 047200] loss=0.10769 lr=2.000e-04
[epoch 121 step 047300] loss=0.11171 lr=2.000e-04
[epoch 121 step 047400] loss=0.11491 lr=2.000e-04
[epoch 121 step 047500] loss=0.10652 lr=2.000e-04
[epoch 122 step 047600] loss=0.10072 lr=2.000e-04
[epoch 122 step 047700] loss=0.11065 lr=2.000e-04
[epoch 122 step 047800] loss=0.10219 lr=2.000e-04
[epoch 122 step 047900] loss=0.12509 lr=2.000e-04
[epoch 123 step 048000] loss=0.10658 lr=2.000e-04
[epoch 123 step 048100] loss=0.10505 lr=2.000e-04
[epoch 123 step 048200] loss=0.10641 lr=2.000e-04
[epoch 123 step 048300] loss=0.11298 lr=2.000e-04
[epoch 124 step 048400] loss=0.09315 lr=2.000e-04
[epoch 124 step 048500] loss=0.10694 lr=2.000e-04
[epoch 124 step 048600] loss=0.10402 lr=2.000e-04
[epoch 124 step 048700] loss=0.09771 lr=2.000e-04
[epoch 125 step 048800] loss=0.10651 lr=2.000e-04
[epoch 125 step 048900] loss=0.10437 lr=2.000e-04
[epoch 125 step 049000] loss=0.09879 lr=2.000e-04
[epoch 125 step 049100] loss=0.10204 lr=2.000e-04
[epoch 126 step 049200] loss=0.11265 lr=2.000e-04
[epoch 126 step 049300] loss=0.10953 lr=2.000e-04
[epoch 126 step 049400] loss=0.09698 lr=2.000e-04
[epoch 126 step 049500] loss=0.11036 lr=2.000e-04
[epoch 127 attempt 049597] optimizer step skipped; scaler=1048576.0
[epoch 127 step 049600] loss=0.11479 lr=2.000e-04
[epoch 127 step 049700] loss=0.10912 lr=2.000e-04
[epoch 127 step 049800] loss=0.11315 lr=2.000e-04
[epoch 127 step 049900] loss=0.11323 lr=2.000e-04
[epoch 128 step 050000] loss=0.10034 lr=2.000e-04
[epoch 128 step 050100] loss=0.11596 lr=2.000e-04
[epoch 128 step 050200] loss=0.10838 lr=2.000e-04
[epoch 129 step 050300] loss=0.11560 lr=2.000e-04
[epoch 129 step 050400] loss=0.10481 lr=2.000e-04
[epoch 129 step 050500] loss=0.11824 lr=2.000e-04
[epoch 129 step 050600] loss=0.11283 lr=2.000e-04
[epoch 130 step 050700] loss=0.09725 lr=2.000e-04
[epoch 130 step 050800] loss=0.10531 lr=2.000e-04
[epoch 130 step 050900] loss=0.10107 lr=2.000e-04
[epoch 130 step 051000] loss=0.10445 lr=2.000e-04
[epoch 131 step 051100] loss=0.10519 lr=2.000e-04
[epoch 131 step 051200] loss=0.11921 lr=2.000e-04
[epoch 131 step 051300] loss=0.09804 lr=2.000e-04
[epoch 131 step 051400] loss=0.10762 lr=2.000e-04
[epoch 132 step 051500] loss=0.11010 lr=2.000e-04
[epoch 132 step 051600] loss=0.10423 lr=2.000e-04
[epoch 132 step 051700] loss=0.11590 lr=2.000e-04
[epoch 132 attempt 051758] optimizer step skipped; scaler=1048576.0
[epoch 132 step 051800] loss=0.11292 lr=2.000e-04
[epoch 133 step 051900] loss=0.11809 lr=2.000e-04
[epoch 133 step 052000] loss=0.10253 lr=2.000e-04
[epoch 133 step 052100] loss=0.11194 lr=2.000e-04
[epoch 133 step 052200] loss=0.10488 lr=2.000e-04
[epoch 134 step 052300] loss=0.09778 lr=2.000e-04
[epoch 134 step 052400] loss=0.10431 lr=2.000e-04
[epoch 134 step 052500] loss=0.11336 lr=2.000e-04
[epoch 134 step 052600] loss=0.11013 lr=2.000e-04
[epoch 135 step 052700] loss=0.10613 lr=2.000e-04
[epoch 135 step 052800] loss=0.09685 lr=2.000e-04
[epoch 135 step 052900] loss=0.10628 lr=2.000e-04
[epoch 135 step 053000] loss=0.11161 lr=2.000e-04
[epoch 136 step 053100] loss=0.10543 lr=2.000e-04
[epoch 136 step 053200] loss=0.11576 lr=2.000e-04
[epoch 136 step 053300] loss=0.09877 lr=2.000e-04
[epoch 136 step 053400] loss=0.10480 lr=2.000e-04
[epoch 137 step 053500] loss=0.10626 lr=2.000e-04
[epoch 137 step 053600] loss=0.11753 lr=2.000e-04
[epoch 137 step 053700] loss=0.10937 lr=2.000e-04
[epoch 137 step 053800] loss=0.11137 lr=2.000e-04
[epoch 138 step 053900] loss=0.10119 lr=2.000e-04
[epoch 138 step 054000] loss=0.10043 lr=2.000e-04
[epoch 138 step 054100] loss=0.10020 lr=2.000e-04
[epoch 139 step 054200] loss=0.10205 lr=2.000e-04
[epoch 139 step 054300] loss=0.09920 lr=2.000e-04
[epoch 139 step 054400] loss=0.11527 lr=2.000e-04
[epoch 139 step 054500] loss=0.10890 lr=2.000e-04
[epoch 140 step 054600] loss=0.10774 lr=2.000e-04
[epoch 140 step 054700] loss=0.10790 lr=2.000e-04
[epoch 140 attempt 054763] optimizer step skipped; scaler=1048576.0
[epoch 140 step 054800] loss=0.09767 lr=2.000e-04
[epoch 140 step 054900] loss=0.11886 lr=2.000e-04
[epoch 141 step 055000] loss=0.10875 lr=2.000e-04
[epoch 141 step 055100] loss=0.11638 lr=2.000e-04
[epoch 141 step 055200] loss=0.10193 lr=2.000e-04
[epoch 141 step 055300] loss=0.09929 lr=2.000e-04
[epoch 142 step 055400] loss=0.10415 lr=2.000e-04
[epoch 142 step 055500] loss=0.10638 lr=2.000e-04
[epoch 142 step 055600] loss=0.10402 lr=2.000e-04
[epoch 142 step 055700] loss=0.10933 lr=2.000e-04
[epoch 143 step 055800] loss=0.10912 lr=2.000e-04
[epoch 143 step 055900] loss=0.10215 lr=2.000e-04
[epoch 143 step 056000] loss=0.09789 lr=2.000e-04
[epoch 143 step 056100] loss=0.10626 lr=2.000e-04
[epoch 144 step 056200] loss=0.10141 lr=2.000e-04
[epoch 144 step 056300] loss=0.09413 lr=2.000e-04
[epoch 144 step 056400] loss=0.10725 lr=2.000e-04
[epoch 144 step 056500] loss=0.10708 lr=2.000e-04
[epoch 145 step 056600] loss=0.11218 lr=2.000e-04
[epoch 145 step 056700] loss=0.11070 lr=2.000e-04
[epoch 145 step 056800] loss=0.11405 lr=2.000e-04
[epoch 145 step 056900] loss=0.10431 lr=2.000e-04
[epoch 146 step 057000] loss=0.10744 lr=2.000e-04
[epoch 146 step 057100] loss=0.09896 lr=2.000e-04
[epoch 146 step 057200] loss=0.12234 lr=2.000e-04
[epoch 146 step 057300] loss=0.10528 lr=2.000e-04
[epoch 147 step 057400] loss=0.10537 lr=2.000e-04
[epoch 147 step 057500] loss=0.10770 lr=2.000e-04
[epoch 147 attempt 057574] optimizer step skipped; scaler=1048576.0
[epoch 147 step 057600] loss=0.10680 lr=2.000e-04
[epoch 148 step 057700] loss=0.11034 lr=2.000e-04
[epoch 148 step 057800] loss=0.11019 lr=2.000e-04
[epoch 148 step 057900] loss=0.11213 lr=2.000e-04
[epoch 148 step 058000] loss=0.12836 lr=2.000e-04
[epoch 149 step 058100] loss=0.11369 lr=2.000e-04
[epoch 149 step 058200] loss=0.11048 lr=2.000e-04
[epoch 149 step 058300] loss=0.11159 lr=2.000e-04
[epoch 149 step 058400] loss=0.10965 lr=2.000e-04
[epoch 150 step 058500] loss=0.11132 lr=2.000e-04
[epoch 150 step 058600] loss=0.11628 lr=2.000e-04
[epoch 150 step 058700] loss=0.10461 lr=2.000e-04
[epoch 150 step 058800] loss=0.10640 lr=1.999e-04
[epoch 151 step 058900] loss=0.09944 lr=1.998e-04
[epoch 151 step 059000] loss=0.12124 lr=1.997e-04
[epoch 151 step 059100] loss=0.10368 lr=1.996e-04
[epoch 151 step 059200] loss=0.10831 lr=1.994e-04
[epoch 152 step 059300] loss=0.09799 lr=1.993e-04
[epoch 152 step 059400] loss=0.11540 lr=1.991e-04
[epoch 152 step 059500] loss=0.10392 lr=1.988e-04
[epoch 152 step 059600] loss=0.11530 lr=1.986e-04
[epoch 153 step 059700] loss=0.10070 lr=1.983e-04
[epoch 153 step 059800] loss=0.10858 lr=1.980e-04
[epoch 153 step 059900] loss=0.11503 lr=1.977e-04
[epoch 153 step 060000] loss=0.10008 lr=1.974e-04
[epoch 154 step 060100] loss=0.11552 lr=1.970e-04
[epoch 154 step 060200] loss=0.10226 lr=1.966e-04
[epoch 154 step 060300] loss=0.11831 lr=1.962e-04
[epoch 154 step 060400] loss=0.12668 lr=1.958e-04
[epoch 155 step 060500] loss=0.10354 lr=1.954e-04
[epoch 155 step 060600] loss=0.10749 lr=1.949e-04
[epoch 155 step 060700] loss=0.12085 lr=1.944e-04
[epoch 155 step 060800] loss=0.11770 lr=1.939e-04
[epoch 156 step 060900] loss=0.12033 lr=1.934e-04
[epoch 156 attempt 061004] optimizer step skipped; scaler=1048576.0
[epoch 156 step 061000] loss=0.10036 lr=1.928e-04
[epoch 156 step 061100] loss=0.10434 lr=1.922e-04
[epoch 156 step 061200] loss=0.09702 lr=1.916e-04
[epoch 157 step 061300] loss=0.12267 lr=1.910e-04
[epoch 157 step 061400] loss=0.11689 lr=1.904e-04
[epoch 157 step 061500] loss=0.11512 lr=1.897e-04
[epoch 158 step 061600] loss=0.10723 lr=1.890e-04
[epoch 158 step 061700] loss=0.10944 lr=1.883e-04
[epoch 158 step 061800] loss=0.10291 lr=1.876e-04
[epoch 158 step 061900] loss=0.10883 lr=1.868e-04
[epoch 159 step 062000] loss=0.11783 lr=1.861e-04
[epoch 159 step 062100] loss=0.11632 lr=1.853e-04
[epoch 159 step 062200] loss=0.10446 lr=1.845e-04
[epoch 159 step 062300] loss=0.10378 lr=1.837e-04
[epoch 160 step 062400] loss=0.12263 lr=1.828e-04
[epoch 160 step 062500] loss=0.10183 lr=1.820e-04
[epoch 160 step 062600] loss=0.10837 lr=1.811e-04
[epoch 160 step 062700] loss=0.09262 lr=1.802e-04
[epoch 161 step 062800] loss=0.10532 lr=1.793e-04
[epoch 161 step 062900] loss=0.10522 lr=1.783e-04
[epoch 161 step 063000] loss=0.10331 lr=1.774e-04
[epoch 161 step 063100] loss=0.11462 lr=1.764e-04
[epoch 162 step 063200] loss=0.09799 lr=1.754e-04
[epoch 162 step 063300] loss=0.11076 lr=1.744e-04
[epoch 162 step 063400] loss=0.10499 lr=1.734e-04
[epoch 162 step 063500] loss=0.10443 lr=1.724e-04
[epoch 163 step 063600] loss=0.10983 lr=1.713e-04
[epoch 163 step 063700] loss=0.11481 lr=1.702e-04
[epoch 163 step 063800] loss=0.11801 lr=1.691e-04
[epoch 163 step 063900] loss=0.10809 lr=1.680e-04
[epoch 164 step 064000] loss=0.10419 lr=1.669e-04
[epoch 164 step 064100] loss=0.11167 lr=1.658e-04
[epoch 164 step 064200] loss=0.09647 lr=1.647e-04
[epoch 164 step 064300] loss=0.10380 lr=1.635e-04
[epoch 165 step 064400] loss=0.09738 lr=1.623e-04
[epoch 165 step 064500] loss=0.09803 lr=1.611e-04
[epoch 165 step 064600] loss=0.12262 lr=1.599e-04
[epoch 165 step 064700] loss=0.10438 lr=1.587e-04
[epoch 166 attempt 064779] optimizer step skipped; scaler=1048576.0
[epoch 166 step 064800] loss=0.10158 lr=1.575e-04
[epoch 166 step 064900] loss=0.10726 lr=1.563e-04
[epoch 166 step 065000] loss=0.10417 lr=1.550e-04
[epoch 166 step 065100] loss=0.10324 lr=1.537e-04
[epoch 167 step 065200] loss=0.09852 lr=1.525e-04
[epoch 167 step 065300] loss=0.10225 lr=1.512e-04
[epoch 167 step 065400] loss=0.11634 lr=1.499e-04
[epoch 168 step 065500] loss=0.09888 lr=1.486e-04
[epoch 168 step 065600] loss=0.10376 lr=1.473e-04
[epoch 168 step 065700] loss=0.10119 lr=1.460e-04
[epoch 168 step 065800] loss=0.11086 lr=1.446e-04
[epoch 169 step 065900] loss=0.11409 lr=1.433e-04
[epoch 169 step 066000] loss=0.10670 lr=1.419e-04
[epoch 169 step 066100] loss=0.09640 lr=1.406e-04
[epoch 169 step 066200] loss=0.11900 lr=1.392e-04
[epoch 170 step 066300] loss=0.10761 lr=1.378e-04
[epoch 170 step 066400] loss=0.11694 lr=1.364e-04
[epoch 170 step 066500] loss=0.10570 lr=1.350e-04
[epoch 170 step 066600] loss=0.10813 lr=1.337e-04
[epoch 171 step 066700] loss=0.11185 lr=1.322e-04
[epoch 171 step 066800] loss=0.11169 lr=1.308e-04
[epoch 171 step 066900] loss=0.10529 lr=1.294e-04
[epoch 171 step 067000] loss=0.11859 lr=1.280e-04
[epoch 172 step 067100] loss=0.11267 lr=1.266e-04
[epoch 172 step 067200] loss=0.09469 lr=1.252e-04
[epoch 172 step 067300] loss=0.10443 lr=1.237e-04
[epoch 172 step 067400] loss=0.11371 lr=1.223e-04
[epoch 173 step 067500] loss=0.11004 lr=1.209e-04
[epoch 173 step 067600] loss=0.10597 lr=1.194e-04
[epoch 173 step 067700] loss=0.11759 lr=1.180e-04
[epoch 173 step 067800] loss=0.09771 lr=1.165e-04
[epoch 174 step 067900] loss=0.10838 lr=1.151e-04
[epoch 174 step 068000] loss=0.11301 lr=1.136e-04
[epoch 174 step 068100] loss=0.10840 lr=1.122e-04
[epoch 174 step 068200] loss=0.09771 lr=1.107e-04
[epoch 175 step 068300] loss=0.10042 lr=1.093e-04
[epoch 175 step 068400] loss=0.10765 lr=1.078e-04
[epoch 175 step 068500] loss=0.09808 lr=1.064e-04
[epoch 175 step 068600] loss=0.10450 lr=1.049e-04
[epoch 176 step 068700] loss=0.10449 lr=1.035e-04
[epoch 176 attempt 068793] optimizer step skipped; scaler=2097152.0
[epoch 176 step 068800] loss=0.09407 lr=1.020e-04
[epoch 176 step 068900] loss=0.09909 lr=1.006e-04
[epoch 176 step 069000] loss=0.10867 lr=9.916e-05
[epoch 177 step 069100] loss=0.10505 lr=9.772e-05
[epoch 177 step 069200] loss=0.11542 lr=9.629e-05
[epoch 177 step 069300] loss=0.09987 lr=9.485e-05
[epoch 178 step 069400] loss=0.09852 lr=9.343e-05
[epoch 178 step 069500] loss=0.10374 lr=9.200e-05
[epoch 178 step 069600] loss=0.10243 lr=9.059e-05
[epoch 178 step 069700] loss=0.09603 lr=8.917e-05
[epoch 178 attempt 069782] optimizer step skipped; scaler=1048576.0
[epoch 179 step 069800] loss=0.11244 lr=8.776e-05
[epoch 179 step 069900] loss=0.10933 lr=8.636e-05
[epoch 179 step 070000] loss=0.09452 lr=8.497e-05
[epoch 179 step 070100] loss=0.10752 lr=8.358e-05
[epoch 180 step 070200] loss=0.10002 lr=8.219e-05
[epoch 180 step 070300] loss=0.10256 lr=8.082e-05
[epoch 180 step 070400] loss=0.10434 lr=7.945e-05
[epoch 180 step 070500] loss=0.10677 lr=7.809e-05
[epoch 181 step 070600] loss=0.09533 lr=7.674e-05
[epoch 181 step 070700] loss=0.11607 lr=7.540e-05
[epoch 181 step 070800] loss=0.11749 lr=7.406e-05
[epoch 181 step 070900] loss=0.11175 lr=7.274e-05
[epoch 182 step 071000] loss=0.11240 lr=7.142e-05
[epoch 182 step 071100] loss=0.11659 lr=7.012e-05
[epoch 182 step 071200] loss=0.10615 lr=6.882e-05
[epoch 182 step 071300] loss=0.09988 lr=6.754e-05
[epoch 183 step 071400] loss=0.10325 lr=6.627e-05
[epoch 183 step 071500] loss=0.11813 lr=6.500e-05
[epoch 183 step 071600] loss=0.09794 lr=6.375e-05
[epoch 183 step 071700] loss=0.10921 lr=6.252e-05
[epoch 184 step 071800] loss=0.10413 lr=6.129e-05
[epoch 184 step 071900] loss=0.11743 lr=6.008e-05
[epoch 184 step 072000] loss=0.10525 lr=5.888e-05
[epoch 184 step 072100] loss=0.10584 lr=5.769e-05
[epoch 185 step 072200] loss=0.10000 lr=5.652e-05
[epoch 185 step 072300] loss=0.10979 lr=5.536e-05
[epoch 185 step 072400] loss=0.10352 lr=5.421e-05
[epoch 185 step 072500] loss=0.09918 lr=5.308e-05
[epoch 186 step 072600] loss=0.10128 lr=5.197e-05
[epoch 186 step 072700] loss=0.11435 lr=5.087e-05
[epoch 186 step 072800] loss=0.10131 lr=4.978e-05
[epoch 186 step 072900] loss=0.10676 lr=4.871e-05
[epoch 187 step 073000] loss=0.11362 lr=4.766e-05
[epoch 187 step 073100] loss=0.11103 lr=4.662e-05
[epoch 187 step 073200] loss=0.11100 lr=4.560e-05
[epoch 188 step 073300] loss=0.09784 lr=4.459e-05
[epoch 188 step 073400] loss=0.09353 lr=4.361e-05
[epoch 188 step 073500] loss=0.10689 lr=4.264e-05
[epoch 188 step 073600] loss=0.10797 lr=4.168e-05
[epoch 189 step 073700] loss=0.08159 lr=4.075e-05
[epoch 189 attempt 073810] optimizer step skipped; scaler=2097152.0
[epoch 189 step 073800] loss=0.09143 lr=3.983e-05
[epoch 189 step 073900] loss=0.11394 lr=3.893e-05
[epoch 189 step 074000] loss=0.09942 lr=3.805e-05
[epoch 190 step 074100] loss=0.10214 lr=3.719e-05
[epoch 190 step 074200] loss=0.11278 lr=3.635e-05
[epoch 190 step 074300] loss=0.11079 lr=3.552e-05
[epoch 190 step 074400] loss=0.08986 lr=3.472e-05
[epoch 191 step 074500] loss=0.10916 lr=3.393e-05
[epoch 191 step 074600] loss=0.11251 lr=3.317e-05
[epoch 191 attempt 074663] optimizer step skipped; scaler=1048576.0
[epoch 191 step 074700] loss=0.10740 lr=3.242e-05
[epoch 191 step 074800] loss=0.10648 lr=3.170e-05
[epoch 192 step 074900] loss=0.10918 lr=3.099e-05
[epoch 192 step 075000] loss=0.08850 lr=3.031e-05
[epoch 192 step 075100] loss=0.10007 lr=2.965e-05
[epoch 192 step 075200] loss=0.08692 lr=2.900e-05
[epoch 193 step 075300] loss=0.11041 lr=2.838e-05
[epoch 193 step 075400] loss=0.10296 lr=2.778e-05
[epoch 193 step 075500] loss=0.10528 lr=2.720e-05
[epoch 193 step 075600] loss=0.10574 lr=2.664e-05
[epoch 194 step 075700] loss=0.09910 lr=2.611e-05
[epoch 194 step 075800] loss=0.10618 lr=2.559e-05
[epoch 194 step 075900] loss=0.10775 lr=2.510e-05
[epoch 194 step 076000] loss=0.08695 lr=2.463e-05
[epoch 195 step 076100] loss=0.11146 lr=2.418e-05
[epoch 195 step 076200] loss=0.08943 lr=2.376e-05
[epoch 195 step 076300] loss=0.10881 lr=2.335e-05
[epoch 195 step 076400] loss=0.10052 lr=2.297e-05
[epoch 196 step 076500] loss=0.10831 lr=2.262e-05
[epoch 196 step 076600] loss=0.10817 lr=2.228e-05
[epoch 196 step 076700] loss=0.11364 lr=2.197e-05
[epoch 196 step 076800] loss=0.10606 lr=2.168e-05
[epoch 197 step 076900] loss=0.10522 lr=2.141e-05
[epoch 197 step 077000] loss=0.10674 lr=2.117e-05
[epoch 197 step 077100] loss=0.11911 lr=2.094e-05
[epoch 198 step 077200] loss=0.09806 lr=2.075e-05
[epoch 198 step 077300] loss=0.10809 lr=2.057e-05
[epoch 198 step 077400] loss=0.09909 lr=2.042e-05
[epoch 198 step 077500] loss=0.09845 lr=2.029e-05
[epoch 199 step 077600] loss=0.10747 lr=2.019e-05
[epoch 199 step 077700] loss=0.09991 lr=2.011e-05
[epoch 199 step 077800] loss=0.10388 lr=2.005e-05
[epoch 199 step 077900] loss=0.09335 lr=2.001e-05
Training complete in 156.6 minutes
